<html>
<body>
<pre>
<h1>µVision Build Log</h1>
<h2>Tool Versions:</h2>
IDE-Version: £gVision V5.38.0.0
Copyright (C) 2022 ARM Ltd and ARM Germany GmbH. All rights reserved.
License Information: Wu user, NFU, LIC=----
 
Tool Versions:
Toolchain:       MDK-Lite  Version: 5.43.0.0
Toolchain Path:  D:\Keil_v5\ARM\ARM_Compiler_5.06u7\Bin
C Compiler:      Armcc.exe V5.06 update 7 (build 960)
Assembler:       Armasm.exe V5.06 update 7 (build 960)
Linker/Locator:  ArmLink.exe V5.06 update 7 (build 960)
Library Manager: ArmAr.exe V5.06 update 7 (build 960)
Hex Converter:   FromElf.exe V5.06 update 7 (build 960)
CPU DLL:         SARMCM3.DLL V5.43.0.0
Dialog DLL:      DCM.DLL V1.17.5.0
Target DLL:      CMSIS_AGDI.dll V1.33.24.0
Dialog DLL:      TCM.DLL V1.56.6.0
 
<h2>Project:</h2>
D:\HOLTEK-TinyML-Project\template\HT32F493x5_FWLib_V1.2.2_184\project\ht32f49395_sk\examples\gpio\io_toggle\mdk_v5\io_toggle.uvprojx
Project File Date:  07/14/2026

<h2>Output:</h2>
*** Using Compiler 'V5.06 update 7 (build 960)', folder: 'D:\Keil_v5\ARM\ARM_Compiler_5.06u7\Bin'
Rebuild target 'io_toggle'
assembling startup_ht32f493x5.s...
compiling ht32f493x5_int.c...
compiling main.c...
compiling ht32f493x5_clock.c...
compiling ht32f493x5_gpio.c...
compiling ht32f493x5_crm.c...
compiling ht32f493x5_board.c...
compiling ht32f493x5_misc.c...
compiling system_ht32f493x5.c...
compiling ht32f493x5_usart.c...
linking...
Program Size: Code=1842 RO-data=430 RW-data=4 ZI-data=1636  
FromELF: creating hex file...
".\objects\io_toggle.axf" - 0 Error(s), 0 Warning(s).

<h2>Software Packages used:</h2>

Package Vendor: Holtek
                https://mcu.holtek.com.tw/pack/Holtek.HT32F493x5_DFP.1.0.6.pack
                Holtek.HT32F493x5_DFP.1.0.6
                Holtek HT32F493x5 Series Device Support

<h2>Collection of Component include folders:</h2>
  D:/Keil_v5/Packs/Holtek/HT32F493x5_DFP/1.0.6/Device/Include

<h2>Collection of Component Files used:</h2>
Build Time Elapsed:  00:00:00
</pre>
</body>
</html>
