<html>
<body>
<pre>
<h1>µVision Build Log</h1>
<h2>Tool Versions:</h2>
IDE-Version: £gVision V5.43.1.0
Copyright (C) 2025 ARM Ltd and ARM Germany GmbH. All rights reserved.
License Information: WU user, NFU, LIC=Z3C6R-KWMDH-HRMXN-YQK4J-1KVDA-SFBDK
 
Tool Versions:
Toolchain:       MDK-ARM Professional  Version: 5.43.0.0
Toolchain Path:  C:\Users\user\AppData\Local\Keil_v5\ARM\ARMCLANG\Bin
C Compiler:      ArmClang.exe V6.24
Assembler:       Armasm.exe V6.24
Linker/Locator:  ArmLink.exe V6.24
Library Manager: ArmAr.exe V6.24
Hex Converter:   FromElf.exe V6.24
CPU DLL:         SARMCM3.DLL V5.43.0.0
Dialog DLL:      DCM.DLL V1.17.5.0
Target DLL:      UL2CM3.DLL V1.164.16.0
Dialog DLL:      TCM.DLL V1.56.6.0
 
<h2>Project:</h2>
D:\GitHub\HOLTEK_Image_Classification_Project\v1.0.0\Firmware\HT32F493x5_FWLib_V1.2.2_184\project\ht32f49395_sk\examples\data_collection\mdk_v5\data_collection.uvprojx
Project File Date:  08/25/2026

<h2>Output:</h2>
*** Using Compiler 'V6.24', folder: 'C:\Users\user\AppData\Local\Keil_v5\ARM\ARMCLANG\Bin'
Rebuild target 'data_collection'
compiling ht32f493x5_int.c...
compiling ht32f493x5_clock.c...
compiling ht32f493x5_usart.c...
compiling ht32f493x5_board.c...
compiling ht32f493x5_crm.c...
compiling main.c...
compiling hm01b0.c...
compiling ht32f493x5_misc.c...
compiling ht32f493x5_gpio.c...
compiling ht32f493x5_exint.c...
compiling ht32f493x5_i2c.c...
compiling ht32f493x5_dma.c...
compiling ht32f493x5_tmr.c...
assembling startup_ht32f493x5.s...
compiling system_ht32f493x5.c...
compiling i2c_application.c...
linking...
Program Size: Code=10546 RO-data=478 RW-data=36 ZI-data=31044  
FromELF: creating hex file...
".\objects\data_collection.axf" - 0 Error(s), 0 Warning(s).

<h2>Software Packages used:</h2>

Package Vendor: Holtek
                https://mcu.holtek.com.tw/pack/Holtek.HT32F493x5_DFP.1.0.6.pack
                Holtek::HT32F493x5_DFP@1.0.6
                Holtek HT32F493x5 Series Device Support

<h2>Collection of Component include folders:</h2>
  C:/Users/user/AppData/Local/Arm/Packs/Holtek/HT32F493x5_DFP/1.0.6/Device/Include

<h2>Collection of Component Files used:</h2>
Build Time Elapsed:  00:00:01
</pre>
</body>
</html>
