Component: ARM Compiler 5.06 update 7 (build 960) Tool: armlink [4d3601]

==============================================================================

Section Cross References

    ht32f493x5_clock.o(i.system_clock_config) refers to ht32f493x5_crm.o(i.crm_reset) for crm_reset
    ht32f493x5_clock.o(i.system_clock_config) refers to ht32f493x5_crm.o(i.crm_clock_source_enable) for crm_clock_source_enable
    ht32f493x5_clock.o(i.system_clock_config) refers to ht32f493x5_crm.o(i.crm_hext_stable_wait) for crm_hext_stable_wait
    ht32f493x5_clock.o(i.system_clock_config) refers to ht32f493x5_crm.o(i.crm_pll_config) for crm_pll_config
    ht32f493x5_clock.o(i.system_clock_config) refers to ht32f493x5_crm.o(i.crm_hext_clock_div_set) for crm_hext_clock_div_set
    ht32f493x5_clock.o(i.system_clock_config) refers to ht32f493x5_crm.o(i.crm_flag_get) for crm_flag_get
    ht32f493x5_clock.o(i.system_clock_config) refers to ht32f493x5_crm.o(i.crm_ahb_div_set) for crm_ahb_div_set
    ht32f493x5_clock.o(i.system_clock_config) refers to ht32f493x5_crm.o(i.crm_apb2_div_set) for crm_apb2_div_set
    ht32f493x5_clock.o(i.system_clock_config) refers to ht32f493x5_crm.o(i.crm_apb1_div_set) for crm_apb1_div_set
    ht32f493x5_clock.o(i.system_clock_config) refers to ht32f493x5_crm.o(i.crm_auto_step_mode_enable) for crm_auto_step_mode_enable
    ht32f493x5_clock.o(i.system_clock_config) refers to ht32f493x5_crm.o(i.crm_sysclk_switch) for crm_sysclk_switch
    ht32f493x5_clock.o(i.system_clock_config) refers to ht32f493x5_crm.o(i.crm_sysclk_switch_status_get) for crm_sysclk_switch_status_get
    ht32f493x5_clock.o(i.system_clock_config) refers to system_ht32f493x5.o(i.system_core_clock_update) for system_core_clock_update
    main.o(i.gpio_config) refers to ht32f493x5_crm.o(i.crm_periph_clock_enable) for crm_periph_clock_enable
    main.o(i.gpio_config) refers to ht32f493x5_gpio.o(i.gpio_default_para_init) for gpio_default_para_init
    main.o(i.gpio_config) refers to ht32f493x5_gpio.o(i.gpio_init) for gpio_init
    main.o(i.main) refers to ht32f493x5_clock.o(i.system_clock_config) for system_clock_config
    main.o(i.main) refers to main.o(i.gpio_config) for gpio_config
    ht32f493x5_board.o(.rev16_text) refers (Special) to use_no_semi_2.o(.text) for __use_no_semihosting
    ht32f493x5_board.o(.revsh_text) refers (Special) to use_no_semi_2.o(.text) for __use_no_semihosting
    ht32f493x5_board.o(.rrx_text) refers (Special) to use_no_semi_2.o(.text) for __use_no_semihosting
    ht32f493x5_board.o(i._sys_exit) refers (Special) to use_no_semi_2.o(.text) for __use_no_semihosting
    ht32f493x5_board.o(i._ttywrch) refers (Special) to use_no_semi_2.o(.text) for __use_no_semihosting
    ht32f493x5_board.o(i.delay_init) refers (Special) to use_no_semi_2.o(.text) for __use_no_semihosting
    ht32f493x5_board.o(i.delay_init) refers to ht32f493x5_misc.o(i.systick_clock_source_config) for systick_clock_source_config
    ht32f493x5_board.o(i.delay_init) refers to system_ht32f493x5.o(.data) for system_core_clock
    ht32f493x5_board.o(i.delay_init) refers to ht32f493x5_board.o(.data) for fac_us
    ht32f493x5_board.o(i.delay_ms) refers (Special) to use_no_semi_2.o(.text) for __use_no_semihosting
    ht32f493x5_board.o(i.delay_ms) refers to ht32f493x5_board.o(.data) for fac_ms
    ht32f493x5_board.o(i.delay_sec) refers (Special) to use_no_semi_2.o(.text) for __use_no_semihosting
    ht32f493x5_board.o(i.delay_sec) refers to ht32f493x5_board.o(i.delay_ms) for delay_ms
    ht32f493x5_board.o(i.delay_us) refers (Special) to use_no_semi_2.o(.text) for __use_no_semihosting
    ht32f493x5_board.o(i.delay_us) refers to ht32f493x5_board.o(.data) for fac_us
    ht32f493x5_board.o(i.fgetc) refers (Special) to use_no_semi_2.o(.text) for __use_no_semihosting
    ht32f493x5_board.o(i.fgetc) refers to ht32f493x5_usart.o(i.usart_flag_get) for usart_flag_get
    ht32f493x5_board.o(i.fgetc) refers to ht32f493x5_usart.o(i.usart_data_receive) for usart_data_receive
    ht32f493x5_board.o(i.fputc) refers (Special) to use_no_semi_2.o(.text) for __use_no_semihosting
    ht32f493x5_board.o(i.fputc) refers to ht32f493x5_usart.o(i.usart_flag_get) for usart_flag_get
    ht32f493x5_board.o(i.fputc) refers to ht32f493x5_usart.o(i.usart_data_transmit) for usart_data_transmit
    ht32f493x5_board.o(i.ht32_board_init) refers (Special) to use_no_semi_2.o(.text) for __use_no_semihosting
    ht32f493x5_board.o(i.ht32_board_init) refers to ht32f493x5_board.o(i.delay_init) for delay_init
    ht32f493x5_board.o(i.ht32_board_init) refers to ht32f493x5_board.o(i.ht32_led_init) for ht32_led_init
    ht32f493x5_board.o(i.ht32_board_init) refers to ht32f493x5_board.o(i.ht32_led_off) for ht32_led_off
    ht32f493x5_board.o(i.ht32_board_init) refers to ht32f493x5_board.o(i.ht32_button_init) for ht32_button_init
    ht32f493x5_board.o(i.ht32_button_init) refers (Special) to use_no_semi_2.o(.text) for __use_no_semihosting
    ht32f493x5_board.o(i.ht32_button_init) refers to ht32f493x5_crm.o(i.crm_periph_clock_enable) for crm_periph_clock_enable
    ht32f493x5_board.o(i.ht32_button_init) refers to ht32f493x5_gpio.o(i.gpio_default_para_init) for gpio_default_para_init
    ht32f493x5_board.o(i.ht32_button_init) refers to ht32f493x5_gpio.o(i.gpio_init) for gpio_init
    ht32f493x5_board.o(i.ht32_button_press) refers (Special) to use_no_semi_2.o(.text) for __use_no_semihosting
    ht32f493x5_board.o(i.ht32_button_press) refers to ht32f493x5_board.o(i.ht32_button_state) for ht32_button_state
    ht32f493x5_board.o(i.ht32_button_press) refers to ht32f493x5_board.o(i.delay_ms) for delay_ms
    ht32f493x5_board.o(i.ht32_button_press) refers to ht32f493x5_board.o(.data) for pressed
    ht32f493x5_board.o(i.ht32_button_state) refers (Special) to use_no_semi_2.o(.text) for __use_no_semihosting
    ht32f493x5_board.o(i.ht32_button_state) refers to ht32f493x5_gpio.o(i.gpio_input_data_bit_read) for gpio_input_data_bit_read
    ht32f493x5_board.o(i.ht32_led_init) refers (Special) to use_no_semi_2.o(.text) for __use_no_semihosting
    ht32f493x5_board.o(i.ht32_led_init) refers to ht32f493x5_crm.o(i.crm_periph_clock_enable) for crm_periph_clock_enable
    ht32f493x5_board.o(i.ht32_led_init) refers to ht32f493x5_gpio.o(i.gpio_default_para_init) for gpio_default_para_init
    ht32f493x5_board.o(i.ht32_led_init) refers to ht32f493x5_gpio.o(i.gpio_init) for gpio_init
    ht32f493x5_board.o(i.ht32_led_init) refers to ht32f493x5_board.o(.data) for led_gpio_crm_clk
    ht32f493x5_board.o(i.ht32_led_off) refers (Special) to use_no_semi_2.o(.text) for __use_no_semihosting
    ht32f493x5_board.o(i.ht32_led_off) refers to ht32f493x5_board.o(.data) for led_gpio_pin
    ht32f493x5_board.o(i.ht32_led_on) refers (Special) to use_no_semi_2.o(.text) for __use_no_semihosting
    ht32f493x5_board.o(i.ht32_led_on) refers to ht32f493x5_board.o(.data) for led_gpio_pin
    ht32f493x5_board.o(i.ht32_led_toggle) refers (Special) to use_no_semi_2.o(.text) for __use_no_semihosting
    ht32f493x5_board.o(i.ht32_led_toggle) refers to ht32f493x5_board.o(.data) for led_gpio_pin
    ht32f493x5_board.o(i.uart_print_init) refers (Special) to use_no_semi_2.o(.text) for __use_no_semihosting
    ht32f493x5_board.o(i.uart_print_init) refers to ht32f493x5_crm.o(i.crm_periph_clock_enable) for crm_periph_clock_enable
    ht32f493x5_board.o(i.uart_print_init) refers to ht32f493x5_gpio.o(i.gpio_default_para_init) for gpio_default_para_init
    ht32f493x5_board.o(i.uart_print_init) refers to ht32f493x5_gpio.o(i.gpio_init) for gpio_init
    ht32f493x5_board.o(i.uart_print_init) refers to ht32f493x5_usart.o(i.usart_init) for usart_init
    ht32f493x5_board.o(i.uart_print_init) refers to ht32f493x5_usart.o(i.usart_transmitter_enable) for usart_transmitter_enable
    ht32f493x5_board.o(i.uart_print_init) refers to ht32f493x5_usart.o(i.usart_receiver_enable) for usart_receiver_enable
    ht32f493x5_board.o(i.uart_print_init) refers to ht32f493x5_usart.o(i.usart_enable) for usart_enable
    ht32f493x5_board.o(.data) refers (Special) to use_no_semi_2.o(.text) for __use_no_semihosting
    ht32f493x5_crm.o(i.crm_clocks_freq_get) refers to ht32f493x5_crm.o(i.crm_sysclk_switch_status_get) for crm_sysclk_switch_status_get
    ht32f493x5_crm.o(i.crm_clocks_freq_get) refers to ht32f493x5_crm.o(.constdata) for sclk_ahb_div_table
    ht32f493x5_crm.o(i.crm_hext_stable_wait) refers to ht32f493x5_crm.o(i.crm_flag_get) for crm_flag_get
    ht32f493x5_crm.o(i.crm_hick_sclk_frequency_select) refers to ht32f493x5_crm.o(i.crm_hick_divider_select) for crm_hick_divider_select
    ht32f493x5_crm.o(i.crm_usb_clock_source_select) refers to ht32f493x5_crm.o(i.crm_hick_sclk_frequency_select) for crm_hick_sclk_frequency_select
    ht32f493x5_usart.o(i.usart_init) refers to ht32f493x5_crm.o(i.crm_clocks_freq_get) for crm_clocks_freq_get
    ht32f493x5_usart.o(i.usart_reset) refers to ht32f493x5_crm.o(i.crm_periph_reset) for crm_periph_reset
    ht32f493x5_gpio.o(i.gpio_iomux_reset) refers to ht32f493x5_crm.o(i.crm_periph_reset) for crm_periph_reset
    ht32f493x5_gpio.o(i.gpio_reset) refers to ht32f493x5_crm.o(i.crm_periph_reset) for crm_periph_reset
    system_ht32f493x5.o(i.system_core_clock_update) refers to ht32f493x5_crm.o(i.crm_sysclk_switch_status_get) for crm_sysclk_switch_status_get
    system_ht32f493x5.o(i.system_core_clock_update) refers to system_ht32f493x5.o(.data) for system_core_clock
    system_ht32f493x5.o(i.system_core_clock_update) refers to system_ht32f493x5.o(.constdata) for sys_ahb_div_table
    startup_ht32f493x5.o(STACK) refers (Special) to heapauxi.o(.text) for __use_two_region_memory
    startup_ht32f493x5.o(HEAP) refers (Special) to heapauxi.o(.text) for __use_two_region_memory
    startup_ht32f493x5.o(RESET) refers (Special) to heapauxi.o(.text) for __use_two_region_memory
    startup_ht32f493x5.o(RESET) refers to startup_ht32f493x5.o(STACK) for __initial_sp
    startup_ht32f493x5.o(RESET) refers to startup_ht32f493x5.o(.text) for Reset_Handler
    startup_ht32f493x5.o(RESET) refers to ht32f493x5_int.o(i.NMI_Handler) for NMI_Handler
    startup_ht32f493x5.o(RESET) refers to ht32f493x5_int.o(i.HardFault_Handler) for HardFault_Handler
    startup_ht32f493x5.o(RESET) refers to ht32f493x5_int.o(i.MemManage_Handler) for MemManage_Handler
    startup_ht32f493x5.o(RESET) refers to ht32f493x5_int.o(i.BusFault_Handler) for BusFault_Handler
    startup_ht32f493x5.o(RESET) refers to ht32f493x5_int.o(i.UsageFault_Handler) for UsageFault_Handler
    startup_ht32f493x5.o(RESET) refers to ht32f493x5_int.o(i.SVC_Handler) for SVC_Handler
    startup_ht32f493x5.o(RESET) refers to ht32f493x5_int.o(i.DebugMon_Handler) for DebugMon_Handler
    startup_ht32f493x5.o(RESET) refers to ht32f493x5_int.o(i.PendSV_Handler) for PendSV_Handler
    startup_ht32f493x5.o(RESET) refers to ht32f493x5_int.o(i.SysTick_Handler) for SysTick_Handler
    startup_ht32f493x5.o(.text) refers (Special) to heapauxi.o(.text) for __use_two_region_memory
    startup_ht32f493x5.o(.text) refers to system_ht32f493x5.o(i.SystemInit) for SystemInit
    startup_ht32f493x5.o(.text) refers to __main.o(!!!main) for __main
    startup_ht32f493x5.o(.text) refers to startup_ht32f493x5.o(HEAP) for Heap_Mem
    startup_ht32f493x5.o(.text) refers to startup_ht32f493x5.o(STACK) for Stack_Mem
    use_no_semi_2.o(.text) refers (Special) to use_no_semi.o(.text) for __use_no_semihosting_swi
    __main.o(!!!main) refers to __rtentry.o(.ARM.Collect$$rtentry$$00000000) for __rt_entry
    __rtentry.o(.ARM.Collect$$rtentry$$00000000) refers (Special) to __rtentry2.o(.ARM.Collect$$rtentry$$0000000A) for __rt_entry_li
    __rtentry.o(.ARM.Collect$$rtentry$$00000000) refers (Special) to __rtentry2.o(.ARM.Collect$$rtentry$$0000000D) for __rt_entry_main
    __rtentry.o(.ARM.Collect$$rtentry$$00000000) refers (Special) to __rtentry2.o(.ARM.Collect$$rtentry$$0000000C) for __rt_entry_postli_1
    __rtentry.o(.ARM.Collect$$rtentry$$00000000) refers (Special) to __rtentry2.o(.ARM.Collect$$rtentry$$00000009) for __rt_entry_postsh_1
    __rtentry.o(.ARM.Collect$$rtentry$$00000000) refers (Special) to __rtentry2.o(.ARM.Collect$$rtentry$$00000002) for __rt_entry_presh_1
    __rtentry.o(.ARM.Collect$$rtentry$$00000000) refers (Special) to __rtentry4.o(.ARM.Collect$$rtentry$$00000004) for __rt_entry_sh
    __rtentry2.o(.ARM.Collect$$rtentry$$00000008) refers to boardinit2.o(.text) for _platform_post_stackheap_init
    __rtentry2.o(.ARM.Collect$$rtentry$$0000000A) refers to libinit.o(.ARM.Collect$$libinit$$00000000) for __rt_lib_init
    __rtentry2.o(.ARM.Collect$$rtentry$$0000000B) refers to boardinit3.o(.text) for _platform_post_lib_init
    __rtentry2.o(.ARM.Collect$$rtentry$$0000000D) refers to main.o(i.main) for main
    __rtentry2.o(.ARM.Collect$$rtentry$$0000000D) refers to exit.o(.text) for exit
    __rtentry2.o(.ARM.exidx) refers to __rtentry2.o(.ARM.Collect$$rtentry$$00000001) for .ARM.Collect$$rtentry$$00000001
    __rtentry2.o(.ARM.exidx) refers to __rtentry2.o(.ARM.Collect$$rtentry$$00000008) for .ARM.Collect$$rtentry$$00000008
    __rtentry2.o(.ARM.exidx) refers to __rtentry2.o(.ARM.Collect$$rtentry$$0000000A) for .ARM.Collect$$rtentry$$0000000A
    __rtentry2.o(.ARM.exidx) refers to __rtentry2.o(.ARM.Collect$$rtentry$$0000000B) for .ARM.Collect$$rtentry$$0000000B
    __rtentry2.o(.ARM.exidx) refers to __rtentry2.o(.ARM.Collect$$rtentry$$0000000D) for .ARM.Collect$$rtentry$$0000000D
    __rtentry4.o(.ARM.Collect$$rtentry$$00000004) refers to sys_stackheap_outer.o(.text) for __user_setup_stackheap
    __rtentry4.o(.ARM.exidx) refers to __rtentry4.o(.ARM.Collect$$rtentry$$00000004) for .ARM.Collect$$rtentry$$00000004
    sys_stackheap_outer.o(.text) refers to libspace.o(.text) for __user_perproc_libspace
    sys_stackheap_outer.o(.text) refers to startup_ht32f493x5.o(.text) for __user_initial_stackheap
    exit.o(.text) refers to rtexit.o(.ARM.Collect$$rtexit$$00000000) for __rt_exit
    libinit.o(.ARM.Collect$$libinit$$00000000) refers (Special) to libinit2.o(.ARM.Collect$$libinit$$0000002E) for __rt_lib_init_alloca_1
    libinit.o(.ARM.Collect$$libinit$$00000000) refers (Special) to libinit2.o(.ARM.Collect$$libinit$$0000002C) for __rt_lib_init_argv_1
    libinit.o(.ARM.Collect$$libinit$$00000000) refers (Special) to libinit2.o(.ARM.Collect$$libinit$$0000001B) for __rt_lib_init_atexit_1
    libinit.o(.ARM.Collect$$libinit$$00000000) refers (Special) to libinit2.o(.ARM.Collect$$libinit$$00000021) for __rt_lib_init_clock_1
    libinit.o(.ARM.Collect$$libinit$$00000000) refers (Special) to libinit2.o(.ARM.Collect$$libinit$$00000032) for __rt_lib_init_cpp_1
    libinit.o(.ARM.Collect$$libinit$$00000000) refers (Special) to libinit2.o(.ARM.Collect$$libinit$$00000030) for __rt_lib_init_exceptions_1
    libinit.o(.ARM.Collect$$libinit$$00000000) refers (Special) to libinit2.o(.ARM.Collect$$libinit$$00000001) for __rt_lib_init_fp_1
    libinit.o(.ARM.Collect$$libinit$$00000000) refers (Special) to libinit2.o(.ARM.Collect$$libinit$$0000001F) for __rt_lib_init_fp_trap_1
    libinit.o(.ARM.Collect$$libinit$$00000000) refers (Special) to libinit2.o(.ARM.Collect$$libinit$$00000023) for __rt_lib_init_getenv_1
    libinit.o(.ARM.Collect$$libinit$$00000000) refers (Special) to libinit2.o(.ARM.Collect$$libinit$$0000000A) for __rt_lib_init_heap_1
    libinit.o(.ARM.Collect$$libinit$$00000000) refers (Special) to libinit2.o(.ARM.Collect$$libinit$$00000011) for __rt_lib_init_lc_collate_1
    libinit.o(.ARM.Collect$$libinit$$00000000) refers (Special) to libinit2.o(.ARM.Collect$$libinit$$00000013) for __rt_lib_init_lc_ctype_1
    libinit.o(.ARM.Collect$$libinit$$00000000) refers (Special) to libinit2.o(.ARM.Collect$$libinit$$00000015) for __rt_lib_init_lc_monetary_1
    libinit.o(.ARM.Collect$$libinit$$00000000) refers (Special) to libinit2.o(.ARM.Collect$$libinit$$00000017) for __rt_lib_init_lc_numeric_1
    libinit.o(.ARM.Collect$$libinit$$00000000) refers (Special) to libinit2.o(.ARM.Collect$$libinit$$00000019) for __rt_lib_init_lc_time_1
    libinit.o(.ARM.Collect$$libinit$$00000000) refers (Special) to libinit2.o(.ARM.Collect$$libinit$$00000004) for __rt_lib_init_preinit_1
    libinit.o(.ARM.Collect$$libinit$$00000000) refers (Special) to libinit2.o(.ARM.Collect$$libinit$$0000000E) for __rt_lib_init_rand_1
    libinit.o(.ARM.Collect$$libinit$$00000000) refers (Special) to libinit2.o(.ARM.Collect$$libinit$$00000033) for __rt_lib_init_return
    libinit.o(.ARM.Collect$$libinit$$00000000) refers (Special) to libinit2.o(.ARM.Collect$$libinit$$0000001D) for __rt_lib_init_signal_1
    libinit.o(.ARM.Collect$$libinit$$00000000) refers (Special) to libinit2.o(.ARM.Collect$$libinit$$00000025) for __rt_lib_init_stdio_1
    libinit.o(.ARM.Collect$$libinit$$00000000) refers (Special) to libinit2.o(.ARM.Collect$$libinit$$0000000C) for __rt_lib_init_user_alloc_1
    libspace.o(.text) refers to libspace.o(.bss) for __libspace_start
    rtexit.o(.ARM.Collect$$rtexit$$00000000) refers (Special) to rtexit2.o(.ARM.Collect$$rtexit$$00000004) for __rt_exit_exit
    rtexit.o(.ARM.Collect$$rtexit$$00000000) refers (Special) to rtexit2.o(.ARM.Collect$$rtexit$$00000003) for __rt_exit_ls
    rtexit.o(.ARM.Collect$$rtexit$$00000000) refers (Special) to rtexit2.o(.ARM.Collect$$rtexit$$00000002) for __rt_exit_prels_1
    rtexit.o(.ARM.exidx) refers (Special) to rtexit2.o(.ARM.Collect$$rtexit$$00000004) for __rt_exit_exit
    rtexit.o(.ARM.exidx) refers (Special) to rtexit2.o(.ARM.Collect$$rtexit$$00000003) for __rt_exit_ls
    rtexit.o(.ARM.exidx) refers (Special) to rtexit2.o(.ARM.Collect$$rtexit$$00000002) for __rt_exit_prels_1
    rtexit.o(.ARM.exidx) refers to rtexit.o(.ARM.Collect$$rtexit$$00000000) for .ARM.Collect$$rtexit$$00000000
    libinit2.o(.ARM.Collect$$libinit$$00000001) refers to fpinit.o(x$fpl$fpinit) for _fp_init
    libinit2.o(.ARM.Collect$$libinit$$00000010) refers to libinit2.o(.ARM.Collect$$libinit$$0000000F) for .ARM.Collect$$libinit$$0000000F
    libinit2.o(.ARM.Collect$$libinit$$00000012) refers to libinit2.o(.ARM.Collect$$libinit$$0000000F) for .ARM.Collect$$libinit$$0000000F
    libinit2.o(.ARM.Collect$$libinit$$00000014) refers to libinit2.o(.ARM.Collect$$libinit$$0000000F) for .ARM.Collect$$libinit$$0000000F
    libinit2.o(.ARM.Collect$$libinit$$00000016) refers to libinit2.o(.ARM.Collect$$libinit$$0000000F) for .ARM.Collect$$libinit$$0000000F
    libinit2.o(.ARM.Collect$$libinit$$00000018) refers to libinit2.o(.ARM.Collect$$libinit$$0000000F) for .ARM.Collect$$libinit$$0000000F
    libinit2.o(.ARM.Collect$$libinit$$00000026) refers to argv_veneer.o(.emb_text) for __ARM_argv_veneer
    libinit2.o(.ARM.Collect$$libinit$$00000027) refers to argv_veneer.o(.emb_text) for __ARM_argv_veneer
    rtexit2.o(.ARM.Collect$$rtexit$$00000003) refers to libshutdown.o(.ARM.Collect$$libshutdown$$00000000) for __rt_lib_shutdown
    rtexit2.o(.ARM.Collect$$rtexit$$00000004) refers to ht32f493x5_board.o(i._sys_exit) for _sys_exit
    rtexit2.o(.ARM.exidx) refers to rtexit2.o(.ARM.Collect$$rtexit$$00000001) for .ARM.Collect$$rtexit$$00000001
    rtexit2.o(.ARM.exidx) refers to rtexit2.o(.ARM.Collect$$rtexit$$00000003) for .ARM.Collect$$rtexit$$00000003
    rtexit2.o(.ARM.exidx) refers to rtexit2.o(.ARM.Collect$$rtexit$$00000004) for .ARM.Collect$$rtexit$$00000004
    argv_veneer.o(.emb_text) refers to no_argv.o(.text) for __ARM_get_argv
    _get_argv_nomalloc.o(.text) refers (Special) to hrguard.o(.text) for __heap_region$guard
    _get_argv_nomalloc.o(.text) refers to defsig_rtmem_outer.o(.text) for __rt_SIGRTMEM
    _get_argv_nomalloc.o(.text) refers to sys_command.o(.text) for _sys_command_string
    libshutdown.o(.ARM.Collect$$libshutdown$$00000000) refers (Special) to libshutdown2.o(.ARM.Collect$$libshutdown$$00000004) for __rt_lib_shutdown_cpp_1
    libshutdown.o(.ARM.Collect$$libshutdown$$00000000) refers (Special) to libshutdown2.o(.ARM.Collect$$libshutdown$$00000002) for __rt_lib_shutdown_fini_1
    libshutdown.o(.ARM.Collect$$libshutdown$$00000000) refers (Special) to libshutdown2.o(.ARM.Collect$$libshutdown$$00000009) for __rt_lib_shutdown_fp_trap_1
    libshutdown.o(.ARM.Collect$$libshutdown$$00000000) refers (Special) to libshutdown2.o(.ARM.Collect$$libshutdown$$00000011) for __rt_lib_shutdown_heap_1
    libshutdown.o(.ARM.Collect$$libshutdown$$00000000) refers (Special) to libshutdown2.o(.ARM.Collect$$libshutdown$$00000012) for __rt_lib_shutdown_return
    libshutdown.o(.ARM.Collect$$libshutdown$$00000000) refers (Special) to libshutdown2.o(.ARM.Collect$$libshutdown$$0000000C) for __rt_lib_shutdown_signal_1
    libshutdown.o(.ARM.Collect$$libshutdown$$00000000) refers (Special) to libshutdown2.o(.ARM.Collect$$libshutdown$$00000006) for __rt_lib_shutdown_stdio_1
    libshutdown.o(.ARM.Collect$$libshutdown$$00000000) refers (Special) to libshutdown2.o(.ARM.Collect$$libshutdown$$0000000E) for __rt_lib_shutdown_user_alloc_1
    sys_command.o(.text) refers (Special) to use_no_semi.o(.text) for __I$use$semihosting
    sys_command.o(.text) refers (Special) to indicate_semi.o(.text) for __semihosting_library_function
    defsig_rtmem_outer.o(.text) refers to defsig_rtmem_inner.o(.text) for __rt_SIGRTMEM_inner
    defsig_rtmem_outer.o(.text) refers to defsig_exit.o(.text) for __sig_exit
    defsig_rtmem_formal.o(.text) refers to rt_raise.o(.text) for __rt_raise
    rt_raise.o(.text) refers to __raise.o(.text) for __raise
    rt_raise.o(.text) refers to ht32f493x5_board.o(i._sys_exit) for _sys_exit
    defsig_exit.o(.text) refers to ht32f493x5_board.o(i._sys_exit) for _sys_exit
    defsig_rtmem_inner.o(.text) refers to defsig_general.o(.text) for __default_signal_display
    __raise.o(.text) refers to defsig.o(CL$$defsig) for __default_signal_handler
    defsig_general.o(.text) refers to ht32f493x5_board.o(i._ttywrch) for _ttywrch
    defsig.o(CL$$defsig) refers to defsig_rtmem_inner.o(.text) for __rt_SIGRTMEM_inner
    defsig_abrt_inner.o(.text) refers to defsig_general.o(.text) for __default_signal_display
    defsig_fpe_inner.o(.text) refers to defsig_general.o(.text) for __default_signal_display
    defsig_rtred_inner.o(.text) refers to defsig_general.o(.text) for __default_signal_display
    defsig_stak_inner.o(.text) refers to defsig_general.o(.text) for __default_signal_display
    defsig_pvfn_inner.o(.text) refers to defsig_general.o(.text) for __default_signal_display
    defsig_cppl_inner.o(.text) refers to defsig_general.o(.text) for __default_signal_display
    defsig_segv_inner.o(.text) refers to defsig_general.o(.text) for __default_signal_display
    defsig_other.o(.text) refers to defsig_general.o(.text) for __default_signal_display


==============================================================================

Removing Unused input sections from the image.

    Removing ht32f493x5_clock.o(.rev16_text), (4 bytes).
    Removing ht32f493x5_clock.o(.revsh_text), (4 bytes).
    Removing ht32f493x5_clock.o(.rrx_text), (6 bytes).
    Removing ht32f493x5_int.o(.rev16_text), (4 bytes).
    Removing ht32f493x5_int.o(.revsh_text), (4 bytes).
    Removing ht32f493x5_int.o(.rrx_text), (6 bytes).
    Removing main.o(.rev16_text), (4 bytes).
    Removing main.o(.revsh_text), (4 bytes).
    Removing main.o(.rrx_text), (6 bytes).
    Removing ht32f493x5_board.o(.rev16_text), (4 bytes).
    Removing ht32f493x5_board.o(.revsh_text), (4 bytes).
    Removing ht32f493x5_board.o(.rrx_text), (6 bytes).
    Removing ht32f493x5_board.o(i._ttywrch), (2 bytes).
    Removing ht32f493x5_board.o(i.delay_init), (56 bytes).
    Removing ht32f493x5_board.o(i.delay_ms), (116 bytes).
    Removing ht32f493x5_board.o(i.delay_sec), (34 bytes).
    Removing ht32f493x5_board.o(i.delay_us), (80 bytes).
    Removing ht32f493x5_board.o(i.fgetc), (36 bytes).
    Removing ht32f493x5_board.o(i.fputc), (52 bytes).
    Removing ht32f493x5_board.o(i.ht32_board_init), (48 bytes).
    Removing ht32f493x5_board.o(i.ht32_button_init), (60 bytes).
    Removing ht32f493x5_board.o(i.ht32_button_press), (60 bytes).
    Removing ht32f493x5_board.o(i.ht32_button_state), (16 bytes).
    Removing ht32f493x5_board.o(i.ht32_led_init), (80 bytes).
    Removing ht32f493x5_board.o(i.ht32_led_off), (40 bytes).
    Removing ht32f493x5_board.o(i.ht32_led_on), (40 bytes).
    Removing ht32f493x5_board.o(i.ht32_led_toggle), (52 bytes).
    Removing ht32f493x5_board.o(i.uart_print_init), (160 bytes).
    Removing ht32f493x5_board.o(.data), (53 bytes).
    Removing ht32f493x5_crm.o(.rev16_text), (4 bytes).
    Removing ht32f493x5_crm.o(.revsh_text), (4 bytes).
    Removing ht32f493x5_crm.o(.rrx_text), (6 bytes).
    Removing ht32f493x5_crm.o(i.crm_adc_clock_div_set), (32 bytes).
    Removing ht32f493x5_crm.o(i.crm_battery_powered_domain_reset), (20 bytes).
    Removing ht32f493x5_crm.o(i.crm_clkout_div_set), (20 bytes).
    Removing ht32f493x5_crm.o(i.crm_clkout_to_tmr10_enable), (20 bytes).
    Removing ht32f493x5_crm.o(i.crm_clock_failure_detection_enable), (20 bytes).
    Removing ht32f493x5_crm.o(i.crm_clock_out_set), (32 bytes).
    Removing ht32f493x5_crm.o(i.crm_clocks_freq_get), (300 bytes).
    Removing ht32f493x5_crm.o(i.crm_flag_clear), (212 bytes).
    Removing ht32f493x5_crm.o(i.crm_hext_bypass), (20 bytes).
    Removing ht32f493x5_crm.o(i.crm_hick_clock_calibration_set), (40 bytes).
    Removing ht32f493x5_crm.o(i.crm_hick_clock_trimming_set), (20 bytes).
    Removing ht32f493x5_crm.o(i.crm_hick_divider_select), (20 bytes).
    Removing ht32f493x5_crm.o(i.crm_hick_sclk_frequency_select), (28 bytes).
    Removing ht32f493x5_crm.o(i.crm_interrupt_enable), (32 bytes).
    Removing ht32f493x5_crm.o(i.crm_interrupt_flag_get), (176 bytes).
    Removing ht32f493x5_crm.o(i.crm_lext_bypass), (20 bytes).
    Removing ht32f493x5_crm.o(i.crm_periph_reset), (68 bytes).
    Removing ht32f493x5_crm.o(i.crm_periph_sleep_mode_clock_enable), (68 bytes).
    Removing ht32f493x5_crm.o(i.crm_rtc_clock_enable), (20 bytes).
    Removing ht32f493x5_crm.o(i.crm_rtc_clock_select), (20 bytes).
    Removing ht32f493x5_crm.o(i.crm_usb_clock_div_set), (32 bytes).
    Removing ht32f493x5_crm.o(i.crm_usb_clock_source_select), (32 bytes).
    Removing ht32f493x5_crm.o(i.crm_usb_interrupt_remapping_set), (20 bytes).
    Removing ht32f493x5_crm.o(.constdata), (40 bytes).
    Removing ht32f493x5_usart.o(.rev16_text), (4 bytes).
    Removing ht32f493x5_usart.o(.revsh_text), (4 bytes).
    Removing ht32f493x5_usart.o(.rrx_text), (6 bytes).
    Removing ht32f493x5_usart.o(i.usart_break_bit_num_set), (10 bytes).
    Removing ht32f493x5_usart.o(i.usart_break_send), (12 bytes).
    Removing ht32f493x5_usart.o(i.usart_clock_config), (28 bytes).
    Removing ht32f493x5_usart.o(i.usart_clock_enable), (10 bytes).
    Removing ht32f493x5_usart.o(i.usart_data_receive), (8 bytes).
    Removing ht32f493x5_usart.o(i.usart_data_transmit), (8 bytes).
    Removing ht32f493x5_usart.o(i.usart_dma_receiver_enable), (10 bytes).
    Removing ht32f493x5_usart.o(i.usart_dma_transmitter_enable), (10 bytes).
    Removing ht32f493x5_usart.o(i.usart_enable), (10 bytes).
    Removing ht32f493x5_usart.o(i.usart_flag_clear), (18 bytes).
    Removing ht32f493x5_usart.o(i.usart_flag_get), (16 bytes).
    Removing ht32f493x5_usart.o(i.usart_hardware_flow_control_set), (102 bytes).
    Removing ht32f493x5_usart.o(i.usart_init), (136 bytes).
    Removing ht32f493x5_usart.o(i.usart_interrupt_enable), (54 bytes).
    Removing ht32f493x5_usart.o(i.usart_interrupt_flag_get), (176 bytes).
    Removing ht32f493x5_usart.o(i.usart_irda_low_power_enable), (10 bytes).
    Removing ht32f493x5_usart.o(i.usart_irda_mode_enable), (10 bytes).
    Removing ht32f493x5_usart.o(i.usart_irda_smartcard_division_set), (10 bytes).
    Removing ht32f493x5_usart.o(i.usart_lin_mode_enable), (10 bytes).
    Removing ht32f493x5_usart.o(i.usart_parity_selection_config), (76 bytes).
    Removing ht32f493x5_usart.o(i.usart_receiver_enable), (10 bytes).
    Removing ht32f493x5_usart.o(i.usart_receiver_mute_enable), (10 bytes).
    Removing ht32f493x5_usart.o(i.usart_reset), (244 bytes).
    Removing ht32f493x5_usart.o(i.usart_single_line_halfduplex_select), (10 bytes).
    Removing ht32f493x5_usart.o(i.usart_smartcard_guard_time_set), (10 bytes).
    Removing ht32f493x5_usart.o(i.usart_smartcard_mode_enable), (10 bytes).
    Removing ht32f493x5_usart.o(i.usart_smartcard_nack_set), (10 bytes).
    Removing ht32f493x5_usart.o(i.usart_transmitter_enable), (10 bytes).
    Removing ht32f493x5_usart.o(i.usart_wakeup_id_set), (10 bytes).
    Removing ht32f493x5_usart.o(i.usart_wakeup_mode_set), (10 bytes).
    Removing ht32f493x5_gpio.o(.rev16_text), (4 bytes).
    Removing ht32f493x5_gpio.o(.revsh_text), (4 bytes).
    Removing ht32f493x5_gpio.o(.rrx_text), (6 bytes).
    Removing ht32f493x5_gpio.o(i.gpio_bits_reset), (4 bytes).
    Removing ht32f493x5_gpio.o(i.gpio_bits_set), (4 bytes).
    Removing ht32f493x5_gpio.o(i.gpio_bits_toggle), (20 bytes).
    Removing ht32f493x5_gpio.o(i.gpio_bits_write), (10 bytes).
    Removing ht32f493x5_gpio.o(i.gpio_event_output_config), (28 bytes).
    Removing ht32f493x5_gpio.o(i.gpio_event_output_enable), (20 bytes).
    Removing ht32f493x5_gpio.o(i.gpio_exint_line_config), (164 bytes).
    Removing ht32f493x5_gpio.o(i.gpio_input_data_bit_read), (18 bytes).
    Removing ht32f493x5_gpio.o(i.gpio_input_data_read), (8 bytes).
    Removing ht32f493x5_gpio.o(i.gpio_iomux_reset), (24 bytes).
    Removing ht32f493x5_gpio.o(i.gpio_output_data_bit_read), (18 bytes).
    Removing ht32f493x5_gpio.o(i.gpio_output_data_read), (8 bytes).
    Removing ht32f493x5_gpio.o(i.gpio_pin_remap_config), (76 bytes).
    Removing ht32f493x5_gpio.o(i.gpio_pin_wp_config), (18 bytes).
    Removing ht32f493x5_gpio.o(i.gpio_pins_huge_driven_config), (18 bytes).
    Removing ht32f493x5_gpio.o(i.gpio_port_write), (4 bytes).
    Removing ht32f493x5_gpio.o(i.gpio_reset), (164 bytes).
    Removing ht32f493x5_misc.o(.rev16_text), (4 bytes).
    Removing ht32f493x5_misc.o(.revsh_text), (4 bytes).
    Removing ht32f493x5_misc.o(.rrx_text), (6 bytes).
    Removing ht32f493x5_misc.o(i.nvic_irq_disable), (44 bytes).
    Removing ht32f493x5_misc.o(i.nvic_irq_enable), (200 bytes).
    Removing ht32f493x5_misc.o(i.nvic_lowpower_mode_config), (32 bytes).
    Removing ht32f493x5_misc.o(i.nvic_priority_group_config), (40 bytes).
    Removing ht32f493x5_misc.o(i.nvic_system_reset), (44 bytes).
    Removing ht32f493x5_misc.o(i.nvic_vector_table_set), (20 bytes).
    Removing ht32f493x5_misc.o(i.systick_clock_source_config), (40 bytes).
    Removing system_ht32f493x5.o(.rev16_text), (4 bytes).
    Removing system_ht32f493x5.o(.revsh_text), (4 bytes).
    Removing system_ht32f493x5.o(.rrx_text), (6 bytes).

122 unused section(s) (total 4507 bytes) removed from the image.

==============================================================================

Image Symbol Table

    Local Symbols

    Symbol Name                              Value     Ov Type        Size  Object(Section)

    ../clib/angel/boardlib.s                 0x00000000   Number         0  boardshut.o ABSOLUTE
    ../clib/angel/boardlib.s                 0x00000000   Number         0  boardinit3.o ABSOLUTE
    ../clib/angel/boardlib.s                 0x00000000   Number         0  boardinit2.o ABSOLUTE
    ../clib/angel/boardlib.s                 0x00000000   Number         0  boardinit1.o ABSOLUTE
    ../clib/angel/handlers.s                 0x00000000   Number         0  __scatter_zi.o ABSOLUTE
    ../clib/angel/handlers.s                 0x00000000   Number         0  __scatter_copy.o ABSOLUTE
    ../clib/angel/kernel.s                   0x00000000   Number         0  __rtentry2.o ABSOLUTE
    ../clib/angel/kernel.s                   0x00000000   Number         0  rtexit.o ABSOLUTE
    ../clib/angel/kernel.s                   0x00000000   Number         0  __rtentry4.o ABSOLUTE
    ../clib/angel/kernel.s                   0x00000000   Number         0  rtexit2.o ABSOLUTE
    ../clib/angel/kernel.s                   0x00000000   Number         0  __rtentry.o ABSOLUTE
    ../clib/angel/rt.s                       0x00000000   Number         0  rt_raise.o ABSOLUTE
    ../clib/angel/scatter.s                  0x00000000   Number         0  __scatter.o ABSOLUTE
    ../clib/angel/startup.s                  0x00000000   Number         0  __main.o ABSOLUTE
    ../clib/angel/sys.s                      0x00000000   Number         0  use_no_semi_2.o ABSOLUTE
    ../clib/angel/sys.s                      0x00000000   Number         0  indicate_semi.o ABSOLUTE
    ../clib/angel/sys.s                      0x00000000   Number         0  libspace.o ABSOLUTE
    ../clib/angel/sys.s                      0x00000000   Number         0  sys_stackheap_outer.o ABSOLUTE
    ../clib/angel/sys.s                      0x00000000   Number         0  use_no_semi.o ABSOLUTE
    ../clib/angel/sysapp.c                   0x00000000   Number         0  sys_command.o ABSOLUTE
    ../clib/armsys.c                         0x00000000   Number         0  _get_argv_nomalloc.o ABSOLUTE
    ../clib/armsys.c                         0x00000000   Number         0  no_argv.o ABSOLUTE
    ../clib/armsys.c                         0x00000000   Number         0  argv_veneer.o ABSOLUTE
    ../clib/armsys.c                         0x00000000   Number         0  argv_veneer.o ABSOLUTE
    ../clib/heapalloc.c                      0x00000000   Number         0  hrguard.o ABSOLUTE
    ../clib/heapaux.c                        0x00000000   Number         0  heapauxi.o ABSOLUTE
    ../clib/libinit.s                        0x00000000   Number         0  libinit.o ABSOLUTE
    ../clib/libinit.s                        0x00000000   Number         0  libshutdown.o ABSOLUTE
    ../clib/libinit.s                        0x00000000   Number         0  libshutdown2.o ABSOLUTE
    ../clib/libinit.s                        0x00000000   Number         0  libinit2.o ABSOLUTE
    ../clib/signal.c                         0x00000000   Number         0  defsig_rtmem_outer.o ABSOLUTE
    ../clib/signal.c                         0x00000000   Number         0  defsig_exit.o ABSOLUTE
    ../clib/signal.c                         0x00000000   Number         0  defsig_abrt_inner.o ABSOLUTE
    ../clib/signal.c                         0x00000000   Number         0  defsig_rtmem_formal.o ABSOLUTE
    ../clib/signal.c                         0x00000000   Number         0  defsig_general.o ABSOLUTE
    ../clib/signal.c                         0x00000000   Number         0  defsig_other.o ABSOLUTE
    ../clib/signal.c                         0x00000000   Number         0  defsig_segv_inner.o ABSOLUTE
    ../clib/signal.c                         0x00000000   Number         0  defsig_cppl_inner.o ABSOLUTE
    ../clib/signal.c                         0x00000000   Number         0  __raise.o ABSOLUTE
    ../clib/signal.c                         0x00000000   Number         0  defsig_rtmem_inner.o ABSOLUTE
    ../clib/signal.c                         0x00000000   Number         0  defsig_pvfn_inner.o ABSOLUTE
    ../clib/signal.c                         0x00000000   Number         0  defsig_stak_inner.o ABSOLUTE
    ../clib/signal.c                         0x00000000   Number         0  defsig_rtred_inner.o ABSOLUTE
    ../clib/signal.c                         0x00000000   Number         0  defsig_fpe_inner.o ABSOLUTE
    ../clib/signal.s                         0x00000000   Number         0  defsig.o ABSOLUTE
    ../clib/stdlib.c                         0x00000000   Number         0  exit.o ABSOLUTE
    ../fplib/fpinit.s                        0x00000000   Number         0  fpinit.o ABSOLUTE
    ..\..\..\..\..\..\libraries\cmsis\cm4\device_support\startup\mdk\startup_ht32f493x5.s 0x00000000   Number         0  startup_ht32f493x5.o ABSOLUTE
    ..\..\..\..\..\..\libraries\cmsis\cm4\device_support\system_ht32f493x5.c 0x00000000   Number         0  system_ht32f493x5.o ABSOLUTE
    ..\..\..\..\..\..\libraries\drivers\src\ht32f493x5_crm.c 0x00000000   Number         0  ht32f493x5_crm.o ABSOLUTE
    ..\..\..\..\..\..\libraries\drivers\src\ht32f493x5_gpio.c 0x00000000   Number         0  ht32f493x5_gpio.o ABSOLUTE
    ..\..\..\..\..\..\libraries\drivers\src\ht32f493x5_misc.c 0x00000000   Number         0  ht32f493x5_misc.o ABSOLUTE
    ..\..\..\..\..\..\libraries\drivers\src\ht32f493x5_usart.c 0x00000000   Number         0  ht32f493x5_usart.o ABSOLUTE
    ..\..\..\..\..\ht32f493x5_board\ht32f493x5_board.c 0x00000000   Number         0  ht32f493x5_board.o ABSOLUTE
    ..\\..\\..\\..\\..\\..\\libraries\\cmsis\\cm4\\device_support\\system_ht32f493x5.c 0x00000000   Number         0  system_ht32f493x5.o ABSOLUTE
    ..\\..\\..\\..\\..\\..\\libraries\\drivers\\src\\ht32f493x5_crm.c 0x00000000   Number         0  ht32f493x5_crm.o ABSOLUTE
    ..\\..\\..\\..\\..\\..\\libraries\\drivers\\src\\ht32f493x5_gpio.c 0x00000000   Number         0  ht32f493x5_gpio.o ABSOLUTE
    ..\\..\\..\\..\\..\\..\\libraries\\drivers\\src\\ht32f493x5_misc.c 0x00000000   Number         0  ht32f493x5_misc.o ABSOLUTE
    ..\\..\\..\\..\\..\\..\\libraries\\drivers\\src\\ht32f493x5_usart.c 0x00000000   Number         0  ht32f493x5_usart.o ABSOLUTE
    ..\\..\\..\\..\\..\\ht32f493x5_board\\ht32f493x5_board.c 0x00000000   Number         0  ht32f493x5_board.o ABSOLUTE
    ..\\src\\ht32f493x5_clock.c              0x00000000   Number         0  ht32f493x5_clock.o ABSOLUTE
    ..\\src\\ht32f493x5_int.c                0x00000000   Number         0  ht32f493x5_int.o ABSOLUTE
    ..\\src\\main.c                          0x00000000   Number         0  main.o ABSOLUTE
    ..\src\ht32f493x5_clock.c                0x00000000   Number         0  ht32f493x5_clock.o ABSOLUTE
    ..\src\ht32f493x5_int.c                  0x00000000   Number         0  ht32f493x5_int.o ABSOLUTE
    ..\src\main.c                            0x00000000   Number         0  main.o ABSOLUTE
    dc.s                                     0x00000000   Number         0  dc.o ABSOLUTE
    RESET                                    0x08000000   Section      380  startup_ht32f493x5.o(RESET)
    !!!main                                  0x0800017c   Section        8  __main.o(!!!main)
    !!!scatter                               0x08000184   Section       52  __scatter.o(!!!scatter)
    !!handler_copy                           0x080001b8   Section       26  __scatter_copy.o(!!handler_copy)
    !!handler_zi                             0x080001d4   Section       28  __scatter_zi.o(!!handler_zi)
    .ARM.Collect$$libinit$$00000000          0x080001f0   Section        2  libinit.o(.ARM.Collect$$libinit$$00000000)
    .ARM.Collect$$libinit$$00000001          0x080001f2   Section        4  libinit2.o(.ARM.Collect$$libinit$$00000001)
    .ARM.Collect$$libinit$$00000004          0x080001f6   Section        0  libinit2.o(.ARM.Collect$$libinit$$00000004)
    .ARM.Collect$$libinit$$0000000A          0x080001f6   Section        0  libinit2.o(.ARM.Collect$$libinit$$0000000A)
    .ARM.Collect$$libinit$$0000000C          0x080001f6   Section        0  libinit2.o(.ARM.Collect$$libinit$$0000000C)
    .ARM.Collect$$libinit$$0000000E          0x080001f6   Section        0  libinit2.o(.ARM.Collect$$libinit$$0000000E)
    .ARM.Collect$$libinit$$00000011          0x080001f6   Section        0  libinit2.o(.ARM.Collect$$libinit$$00000011)
    .ARM.Collect$$libinit$$00000013          0x080001f6   Section        0  libinit2.o(.ARM.Collect$$libinit$$00000013)
    .ARM.Collect$$libinit$$00000015          0x080001f6   Section        0  libinit2.o(.ARM.Collect$$libinit$$00000015)
    .ARM.Collect$$libinit$$00000017          0x080001f6   Section        0  libinit2.o(.ARM.Collect$$libinit$$00000017)
    .ARM.Collect$$libinit$$00000019          0x080001f6   Section        0  libinit2.o(.ARM.Collect$$libinit$$00000019)
    .ARM.Collect$$libinit$$0000001B          0x080001f6   Section        0  libinit2.o(.ARM.Collect$$libinit$$0000001B)
    .ARM.Collect$$libinit$$0000001D          0x080001f6   Section        0  libinit2.o(.ARM.Collect$$libinit$$0000001D)
    .ARM.Collect$$libinit$$0000001F          0x080001f6   Section        0  libinit2.o(.ARM.Collect$$libinit$$0000001F)
    .ARM.Collect$$libinit$$00000021          0x080001f6   Section        0  libinit2.o(.ARM.Collect$$libinit$$00000021)
    .ARM.Collect$$libinit$$00000023          0x080001f6   Section        0  libinit2.o(.ARM.Collect$$libinit$$00000023)
    .ARM.Collect$$libinit$$00000025          0x080001f6   Section        0  libinit2.o(.ARM.Collect$$libinit$$00000025)
    .ARM.Collect$$libinit$$0000002C          0x080001f6   Section        0  libinit2.o(.ARM.Collect$$libinit$$0000002C)
    .ARM.Collect$$libinit$$0000002E          0x080001f6   Section        0  libinit2.o(.ARM.Collect$$libinit$$0000002E)
    .ARM.Collect$$libinit$$00000030          0x080001f6   Section        0  libinit2.o(.ARM.Collect$$libinit$$00000030)
    .ARM.Collect$$libinit$$00000032          0x080001f6   Section        0  libinit2.o(.ARM.Collect$$libinit$$00000032)
    .ARM.Collect$$libinit$$00000033          0x080001f6   Section        2  libinit2.o(.ARM.Collect$$libinit$$00000033)
    .ARM.Collect$$libshutdown$$00000000      0x080001f8   Section        2  libshutdown.o(.ARM.Collect$$libshutdown$$00000000)
    .ARM.Collect$$libshutdown$$00000002      0x080001fa   Section        0  libshutdown2.o(.ARM.Collect$$libshutdown$$00000002)
    .ARM.Collect$$libshutdown$$00000004      0x080001fa   Section        0  libshutdown2.o(.ARM.Collect$$libshutdown$$00000004)
    .ARM.Collect$$libshutdown$$00000006      0x080001fa   Section        0  libshutdown2.o(.ARM.Collect$$libshutdown$$00000006)
    .ARM.Collect$$libshutdown$$00000009      0x080001fa   Section        0  libshutdown2.o(.ARM.Collect$$libshutdown$$00000009)
    .ARM.Collect$$libshutdown$$0000000C      0x080001fa   Section        0  libshutdown2.o(.ARM.Collect$$libshutdown$$0000000C)
    .ARM.Collect$$libshutdown$$0000000E      0x080001fa   Section        0  libshutdown2.o(.ARM.Collect$$libshutdown$$0000000E)
    .ARM.Collect$$libshutdown$$00000011      0x080001fa   Section        0  libshutdown2.o(.ARM.Collect$$libshutdown$$00000011)
    .ARM.Collect$$libshutdown$$00000012      0x080001fa   Section        2  libshutdown2.o(.ARM.Collect$$libshutdown$$00000012)
    .ARM.Collect$$rtentry$$00000000          0x080001fc   Section        0  __rtentry.o(.ARM.Collect$$rtentry$$00000000)
    .ARM.Collect$$rtentry$$00000002          0x080001fc   Section        0  __rtentry2.o(.ARM.Collect$$rtentry$$00000002)
    .ARM.Collect$$rtentry$$00000004          0x080001fc   Section        6  __rtentry4.o(.ARM.Collect$$rtentry$$00000004)
    .ARM.Collect$$rtentry$$00000009          0x08000202   Section        0  __rtentry2.o(.ARM.Collect$$rtentry$$00000009)
    .ARM.Collect$$rtentry$$0000000A          0x08000202   Section        4  __rtentry2.o(.ARM.Collect$$rtentry$$0000000A)
    .ARM.Collect$$rtentry$$0000000C          0x08000206   Section        0  __rtentry2.o(.ARM.Collect$$rtentry$$0000000C)
    .ARM.Collect$$rtentry$$0000000D          0x08000206   Section        8  __rtentry2.o(.ARM.Collect$$rtentry$$0000000D)
    .ARM.Collect$$rtexit$$00000000           0x0800020e   Section        2  rtexit.o(.ARM.Collect$$rtexit$$00000000)
    .ARM.Collect$$rtexit$$00000002           0x08000210   Section        0  rtexit2.o(.ARM.Collect$$rtexit$$00000002)
    .ARM.Collect$$rtexit$$00000003           0x08000210   Section        4  rtexit2.o(.ARM.Collect$$rtexit$$00000003)
    .ARM.Collect$$rtexit$$00000004           0x08000214   Section        6  rtexit2.o(.ARM.Collect$$rtexit$$00000004)
    .text                                    0x0800021c   Section       64  startup_ht32f493x5.o(.text)
    $v0                                      0x0800021c   Number         0  startup_ht32f493x5.o(.text)
    .text                                    0x0800025c   Section        2  use_no_semi_2.o(.text)
    .text                                    0x0800025e   Section        0  heapauxi.o(.text)
    .text                                    0x08000264   Section        2  use_no_semi.o(.text)
    .text                                    0x08000266   Section       74  sys_stackheap_outer.o(.text)
    .text                                    0x080002b0   Section        0  exit.o(.text)
    .text                                    0x080002c4   Section        8  libspace.o(.text)
    i.BusFault_Handler                       0x080002cc   Section        0  ht32f493x5_int.o(i.BusFault_Handler)
    i.DebugMon_Handler                       0x080002d0   Section        0  ht32f493x5_int.o(i.DebugMon_Handler)
    i.HardFault_Handler                      0x080002d2   Section        0  ht32f493x5_int.o(i.HardFault_Handler)
    i.MemManage_Handler                      0x080002d6   Section        0  ht32f493x5_int.o(i.MemManage_Handler)
    i.NMI_Handler                            0x080002da   Section        0  ht32f493x5_int.o(i.NMI_Handler)
    i.PendSV_Handler                         0x080002dc   Section        0  ht32f493x5_int.o(i.PendSV_Handler)
    i.SVC_Handler                            0x080002de   Section        0  ht32f493x5_int.o(i.SVC_Handler)
    i.SysTick_Handler                        0x080002e0   Section        0  ht32f493x5_int.o(i.SysTick_Handler)
    i.SystemInit                             0x080002e4   Section        0  system_ht32f493x5.o(i.SystemInit)
    i.UsageFault_Handler                     0x08000354   Section        0  ht32f493x5_int.o(i.UsageFault_Handler)
    i._sys_exit                              0x08000358   Section        0  ht32f493x5_board.o(i._sys_exit)
    i.crm_ahb_div_set                        0x0800035c   Section        0  ht32f493x5_crm.o(i.crm_ahb_div_set)
    i.crm_apb1_div_set                       0x08000370   Section        0  ht32f493x5_crm.o(i.crm_apb1_div_set)
    i.crm_apb2_div_set                       0x08000384   Section        0  ht32f493x5_crm.o(i.crm_apb2_div_set)
    i.crm_auto_step_mode_enable              0x08000398   Section        0  ht32f493x5_crm.o(i.crm_auto_step_mode_enable)
    i.crm_clock_source_enable                0x080003c0   Section        0  ht32f493x5_crm.o(i.crm_clock_source_enable)
    i.crm_flag_get                           0x08000420   Section        0  ht32f493x5_crm.o(i.crm_flag_get)
    i.crm_hext_clock_div_set                 0x08000450   Section        0  ht32f493x5_crm.o(i.crm_hext_clock_div_set)
    i.crm_hext_stable_wait                   0x08000464   Section        0  ht32f493x5_crm.o(i.crm_hext_stable_wait)
    i.crm_periph_clock_enable                0x08000494   Section        0  ht32f493x5_crm.o(i.crm_periph_clock_enable)
    i.crm_pll_config                         0x080004d8   Section        0  ht32f493x5_crm.o(i.crm_pll_config)
    i.crm_reset                              0x08000554   Section        0  ht32f493x5_crm.o(i.crm_reset)
    i.crm_sysclk_switch                      0x080005ac   Section        0  ht32f493x5_crm.o(i.crm_sysclk_switch)
    i.crm_sysclk_switch_status_get           0x080005e8   Section        0  ht32f493x5_crm.o(i.crm_sysclk_switch_status_get)
    i.gpio_config                            0x080005f8   Section        0  main.o(i.gpio_config)
    i.gpio_default_para_init                 0x08000638   Section        0  ht32f493x5_gpio.o(i.gpio_default_para_init)
    i.gpio_init                              0x0800064e   Section        0  ht32f493x5_gpio.o(i.gpio_init)
    i.main                                   0x080006f8   Section        0  main.o(i.main)
    i.system_clock_config                    0x0800073c   Section        0  ht32f493x5_clock.o(i.system_clock_config)
    i.system_core_clock_update               0x080007ac   Section        0  system_ht32f493x5.o(i.system_core_clock_update)
    x$fpl$fpinit                             0x080008a4   Section       10  fpinit.o(x$fpl$fpinit)
    $v0                                      0x080008a4   Number         0  fpinit.o(x$fpl$fpinit)
    .constdata                               0x080008ae   Section       16  system_ht32f493x5.o(.constdata)
    sys_ahb_div_table                        0x080008ae   Data          16  system_ht32f493x5.o(.constdata)
    .data                                    0x20000000   Section        4  system_ht32f493x5.o(.data)
    .bss                                     0x20000004   Section       96  libspace.o(.bss)
    HEAP                                     0x20000068   Section      512  startup_ht32f493x5.o(HEAP)
    Heap_Mem                                 0x20000068   Data         512  startup_ht32f493x5.o(HEAP)
    STACK                                    0x20000268   Section     1024  startup_ht32f493x5.o(STACK)
    Stack_Mem                                0x20000268   Data        1024  startup_ht32f493x5.o(STACK)
    __initial_sp                             0x20000668   Data           0  startup_ht32f493x5.o(STACK)

    Global Symbols

    Symbol Name                              Value     Ov Type        Size  Object(Section)

    BuildAttributes$$THM_ISAv4$E$P$D$K$B$S$7EM$VFPi3$EXTD16$VFPS$VFMA$PE$A:L22UL41UL21$X:L11$S22US41US21$IEEE1$IW$USESV6$~STKCKD$USESV7$~SHL$OSPACE$ROPI$EBA8$UX$STANDARDLIB$REQ8$PRES8$EABIv2 0x00000000   Number         0  anon$$obj.o ABSOLUTE
    __ARM_use_no_argv                        0x00000000   Number         0  main.o ABSOLUTE
    __ARM_exceptions_init                     - Undefined Weak Reference
    __alloca_initialize                       - Undefined Weak Reference
    __arm_fini_                               - Undefined Weak Reference
    __arm_preinit_                            - Undefined Weak Reference
    __cpp_initialize__aeabi_                  - Undefined Weak Reference
    __cxa_finalize                            - Undefined Weak Reference
    __rt_locale                               - Undefined Weak Reference
    __sigvec_lookup                           - Undefined Weak Reference
    _atexit_init                              - Undefined Weak Reference
    _call_atexit_fns                          - Undefined Weak Reference
    _clock_init                               - Undefined Weak Reference
    _fp_trap_init                             - Undefined Weak Reference
    _fp_trap_shutdown                         - Undefined Weak Reference
    _get_lc_collate                           - Undefined Weak Reference
    _get_lc_ctype                             - Undefined Weak Reference
    _get_lc_monetary                          - Undefined Weak Reference
    _get_lc_numeric                           - Undefined Weak Reference
    _get_lc_time                              - Undefined Weak Reference
    _getenv_init                              - Undefined Weak Reference
    _handle_redirection                       - Undefined Weak Reference
    _init_alloc                               - Undefined Weak Reference
    _init_user_alloc                          - Undefined Weak Reference
    _initio                                   - Undefined Weak Reference
    _rand_init                                - Undefined Weak Reference
    _signal_finish                            - Undefined Weak Reference
    _signal_init                              - Undefined Weak Reference
    _terminate_alloc                          - Undefined Weak Reference
    _terminate_user_alloc                     - Undefined Weak Reference
    _terminateio                              - Undefined Weak Reference
    __Vectors_Size                           0x0000017c   Number         0  startup_ht32f493x5.o ABSOLUTE
    __Vectors                                0x08000000   Data           0  startup_ht32f493x5.o(RESET)
    __Vectors_End                            0x0800017c   Data           0  startup_ht32f493x5.o(RESET)
    __main                                   0x0800017d   Thumb Code     8  __main.o(!!!main)
    __scatterload                            0x08000185   Thumb Code     0  __scatter.o(!!!scatter)
    __scatterload_rt2                        0x08000185   Thumb Code    44  __scatter.o(!!!scatter)
    __scatterload_rt2_thumb_only             0x08000185   Thumb Code     0  __scatter.o(!!!scatter)
    __scatterload_null                       0x08000193   Thumb Code     0  __scatter.o(!!!scatter)
    __scatterload_copy                       0x080001b9   Thumb Code    26  __scatter_copy.o(!!handler_copy)
    __scatterload_zeroinit                   0x080001d5   Thumb Code    28  __scatter_zi.o(!!handler_zi)
    __rt_lib_init                            0x080001f1   Thumb Code     0  libinit.o(.ARM.Collect$$libinit$$00000000)
    __rt_lib_init_fp_1                       0x080001f3   Thumb Code     0  libinit2.o(.ARM.Collect$$libinit$$00000001)
    __rt_lib_init_alloca_1                   0x080001f7   Thumb Code     0  libinit2.o(.ARM.Collect$$libinit$$0000002E)
    __rt_lib_init_argv_1                     0x080001f7   Thumb Code     0  libinit2.o(.ARM.Collect$$libinit$$0000002C)
    __rt_lib_init_atexit_1                   0x080001f7   Thumb Code     0  libinit2.o(.ARM.Collect$$libinit$$0000001B)
    __rt_lib_init_clock_1                    0x080001f7   Thumb Code     0  libinit2.o(.ARM.Collect$$libinit$$00000021)
    __rt_lib_init_cpp_1                      0x080001f7   Thumb Code     0  libinit2.o(.ARM.Collect$$libinit$$00000032)
    __rt_lib_init_exceptions_1               0x080001f7   Thumb Code     0  libinit2.o(.ARM.Collect$$libinit$$00000030)
    __rt_lib_init_fp_trap_1                  0x080001f7   Thumb Code     0  libinit2.o(.ARM.Collect$$libinit$$0000001F)
    __rt_lib_init_getenv_1                   0x080001f7   Thumb Code     0  libinit2.o(.ARM.Collect$$libinit$$00000023)
    __rt_lib_init_heap_1                     0x080001f7   Thumb Code     0  libinit2.o(.ARM.Collect$$libinit$$0000000A)
    __rt_lib_init_lc_collate_1               0x080001f7   Thumb Code     0  libinit2.o(.ARM.Collect$$libinit$$00000011)
    __rt_lib_init_lc_ctype_1                 0x080001f7   Thumb Code     0  libinit2.o(.ARM.Collect$$libinit$$00000013)
    __rt_lib_init_lc_monetary_1              0x080001f7   Thumb Code     0  libinit2.o(.ARM.Collect$$libinit$$00000015)
    __rt_lib_init_lc_numeric_1               0x080001f7   Thumb Code     0  libinit2.o(.ARM.Collect$$libinit$$00000017)
    __rt_lib_init_lc_time_1                  0x080001f7   Thumb Code     0  libinit2.o(.ARM.Collect$$libinit$$00000019)
    __rt_lib_init_preinit_1                  0x080001f7   Thumb Code     0  libinit2.o(.ARM.Collect$$libinit$$00000004)
    __rt_lib_init_rand_1                     0x080001f7   Thumb Code     0  libinit2.o(.ARM.Collect$$libinit$$0000000E)
    __rt_lib_init_return                     0x080001f7   Thumb Code     0  libinit2.o(.ARM.Collect$$libinit$$00000033)
    __rt_lib_init_signal_1                   0x080001f7   Thumb Code     0  libinit2.o(.ARM.Collect$$libinit$$0000001D)
    __rt_lib_init_stdio_1                    0x080001f7   Thumb Code     0  libinit2.o(.ARM.Collect$$libinit$$00000025)
    __rt_lib_init_user_alloc_1               0x080001f7   Thumb Code     0  libinit2.o(.ARM.Collect$$libinit$$0000000C)
    __rt_lib_shutdown                        0x080001f9   Thumb Code     0  libshutdown.o(.ARM.Collect$$libshutdown$$00000000)
    __rt_lib_shutdown_cpp_1                  0x080001fb   Thumb Code     0  libshutdown2.o(.ARM.Collect$$libshutdown$$00000004)
    __rt_lib_shutdown_fini_1                 0x080001fb   Thumb Code     0  libshutdown2.o(.ARM.Collect$$libshutdown$$00000002)
    __rt_lib_shutdown_fp_trap_1              0x080001fb   Thumb Code     0  libshutdown2.o(.ARM.Collect$$libshutdown$$00000009)
    __rt_lib_shutdown_heap_1                 0x080001fb   Thumb Code     0  libshutdown2.o(.ARM.Collect$$libshutdown$$00000011)
    __rt_lib_shutdown_return                 0x080001fb   Thumb Code     0  libshutdown2.o(.ARM.Collect$$libshutdown$$00000012)
    __rt_lib_shutdown_signal_1               0x080001fb   Thumb Code     0  libshutdown2.o(.ARM.Collect$$libshutdown$$0000000C)
    __rt_lib_shutdown_stdio_1                0x080001fb   Thumb Code     0  libshutdown2.o(.ARM.Collect$$libshutdown$$00000006)
    __rt_lib_shutdown_user_alloc_1           0x080001fb   Thumb Code     0  libshutdown2.o(.ARM.Collect$$libshutdown$$0000000E)
    __rt_entry                               0x080001fd   Thumb Code     0  __rtentry.o(.ARM.Collect$$rtentry$$00000000)
    __rt_entry_presh_1                       0x080001fd   Thumb Code     0  __rtentry2.o(.ARM.Collect$$rtentry$$00000002)
    __rt_entry_sh                            0x080001fd   Thumb Code     0  __rtentry4.o(.ARM.Collect$$rtentry$$00000004)
    __rt_entry_li                            0x08000203   Thumb Code     0  __rtentry2.o(.ARM.Collect$$rtentry$$0000000A)
    __rt_entry_postsh_1                      0x08000203   Thumb Code     0  __rtentry2.o(.ARM.Collect$$rtentry$$00000009)
    __rt_entry_main                          0x08000207   Thumb Code     0  __rtentry2.o(.ARM.Collect$$rtentry$$0000000D)
    __rt_entry_postli_1                      0x08000207   Thumb Code     0  __rtentry2.o(.ARM.Collect$$rtentry$$0000000C)
    __rt_exit                                0x0800020f   Thumb Code     0  rtexit.o(.ARM.Collect$$rtexit$$00000000)
    __rt_exit_ls                             0x08000211   Thumb Code     0  rtexit2.o(.ARM.Collect$$rtexit$$00000003)
    __rt_exit_prels_1                        0x08000211   Thumb Code     0  rtexit2.o(.ARM.Collect$$rtexit$$00000002)
    __rt_exit_exit                           0x08000215   Thumb Code     0  rtexit2.o(.ARM.Collect$$rtexit$$00000004)
    Reset_Handler                            0x0800021d   Thumb Code     8  startup_ht32f493x5.o(.text)
    ACC_IRQHandler                           0x08000237   Thumb Code     0  startup_ht32f493x5.o(.text)
    ADC1_2_IRQHandler                        0x08000237   Thumb Code     0  startup_ht32f493x5.o(.text)
    ADC3_IRQHandler                          0x08000237   Thumb Code     0  startup_ht32f493x5.o(.text)
    CAN1_RX1_IRQHandler                      0x08000237   Thumb Code     0  startup_ht32f493x5.o(.text)
    CAN1_SE_IRQHandler                       0x08000237   Thumb Code     0  startup_ht32f493x5.o(.text)
    CAN2_RX0_IRQHandler                      0x08000237   Thumb Code     0  startup_ht32f493x5.o(.text)
    CAN2_RX1_IRQHandler                      0x08000237   Thumb Code     0  startup_ht32f493x5.o(.text)
    CAN2_SE_IRQHandler                       0x08000237   Thumb Code     0  startup_ht32f493x5.o(.text)
    CAN2_TX_IRQHandler                       0x08000237   Thumb Code     0  startup_ht32f493x5.o(.text)
    CRM_IRQHandler                           0x08000237   Thumb Code     0  startup_ht32f493x5.o(.text)
    DMA1_Channel1_IRQHandler                 0x08000237   Thumb Code     0  startup_ht32f493x5.o(.text)
    DMA1_Channel2_IRQHandler                 0x08000237   Thumb Code     0  startup_ht32f493x5.o(.text)
    DMA1_Channel3_IRQHandler                 0x08000237   Thumb Code     0  startup_ht32f493x5.o(.text)
    DMA1_Channel4_IRQHandler                 0x08000237   Thumb Code     0  startup_ht32f493x5.o(.text)
    DMA1_Channel5_IRQHandler                 0x08000237   Thumb Code     0  startup_ht32f493x5.o(.text)
    DMA1_Channel6_IRQHandler                 0x08000237   Thumb Code     0  startup_ht32f493x5.o(.text)
    DMA1_Channel7_IRQHandler                 0x08000237   Thumb Code     0  startup_ht32f493x5.o(.text)
    DMA2_Channel1_IRQHandler                 0x08000237   Thumb Code     0  startup_ht32f493x5.o(.text)
    DMA2_Channel2_IRQHandler                 0x08000237   Thumb Code     0  startup_ht32f493x5.o(.text)
    DMA2_Channel3_IRQHandler                 0x08000237   Thumb Code     0  startup_ht32f493x5.o(.text)
    DMA2_Channel4_5_IRQHandler               0x08000237   Thumb Code     0  startup_ht32f493x5.o(.text)
    DMA2_Channel6_7_IRQHandler               0x08000237   Thumb Code     0  startup_ht32f493x5.o(.text)
    EXINT0_IRQHandler                        0x08000237   Thumb Code     0  startup_ht32f493x5.o(.text)
    EXINT15_10_IRQHandler                    0x08000237   Thumb Code     0  startup_ht32f493x5.o(.text)
    EXINT1_IRQHandler                        0x08000237   Thumb Code     0  startup_ht32f493x5.o(.text)
    EXINT2_IRQHandler                        0x08000237   Thumb Code     0  startup_ht32f493x5.o(.text)
    EXINT3_IRQHandler                        0x08000237   Thumb Code     0  startup_ht32f493x5.o(.text)
    EXINT4_IRQHandler                        0x08000237   Thumb Code     0  startup_ht32f493x5.o(.text)
    EXINT9_5_IRQHandler                      0x08000237   Thumb Code     0  startup_ht32f493x5.o(.text)
    FLASH_IRQHandler                         0x08000237   Thumb Code     0  startup_ht32f493x5.o(.text)
    I2C1_ERR_IRQHandler                      0x08000237   Thumb Code     0  startup_ht32f493x5.o(.text)
    I2C1_EVT_IRQHandler                      0x08000237   Thumb Code     0  startup_ht32f493x5.o(.text)
    I2C2_ERR_IRQHandler                      0x08000237   Thumb Code     0  startup_ht32f493x5.o(.text)
    I2C2_EVT_IRQHandler                      0x08000237   Thumb Code     0  startup_ht32f493x5.o(.text)
    I2C3_ERR_IRQHandler                      0x08000237   Thumb Code     0  startup_ht32f493x5.o(.text)
    I2C3_EVT_IRQHandler                      0x08000237   Thumb Code     0  startup_ht32f493x5.o(.text)
    PVM_IRQHandler                           0x08000237   Thumb Code     0  startup_ht32f493x5.o(.text)
    RTCAlarm_IRQHandler                      0x08000237   Thumb Code     0  startup_ht32f493x5.o(.text)
    RTC_IRQHandler                           0x08000237   Thumb Code     0  startup_ht32f493x5.o(.text)
    SDIO1_IRQHandler                         0x08000237   Thumb Code     0  startup_ht32f493x5.o(.text)
    SDIO2_IRQHandler                         0x08000237   Thumb Code     0  startup_ht32f493x5.o(.text)
    SPI1_IRQHandler                          0x08000237   Thumb Code     0  startup_ht32f493x5.o(.text)
    SPI2_I2S2EXT_IRQHandler                  0x08000237   Thumb Code     0  startup_ht32f493x5.o(.text)
    SPI3_I2S3EXT_IRQHandler                  0x08000237   Thumb Code     0  startup_ht32f493x5.o(.text)
    SPI4_IRQHandler                          0x08000237   Thumb Code     0  startup_ht32f493x5.o(.text)
    TAMPER_IRQHandler                        0x08000237   Thumb Code     0  startup_ht32f493x5.o(.text)
    TMR1_BRK_TMR9_IRQHandler                 0x08000237   Thumb Code     0  startup_ht32f493x5.o(.text)
    TMR1_CH_IRQHandler                       0x08000237   Thumb Code     0  startup_ht32f493x5.o(.text)
    TMR1_OVF_TMR10_IRQHandler                0x08000237   Thumb Code     0  startup_ht32f493x5.o(.text)
    TMR1_TRG_HALL_TMR11_IRQHandler           0x08000237   Thumb Code     0  startup_ht32f493x5.o(.text)
    TMR2_GLOBAL_IRQHandler                   0x08000237   Thumb Code     0  startup_ht32f493x5.o(.text)
    TMR3_GLOBAL_IRQHandler                   0x08000237   Thumb Code     0  startup_ht32f493x5.o(.text)
    TMR4_GLOBAL_IRQHandler                   0x08000237   Thumb Code     0  startup_ht32f493x5.o(.text)
    TMR5_GLOBAL_IRQHandler                   0x08000237   Thumb Code     0  startup_ht32f493x5.o(.text)
    TMR6_GLOBAL_IRQHandler                   0x08000237   Thumb Code     0  startup_ht32f493x5.o(.text)
    TMR7_GLOBAL_IRQHandler                   0x08000237   Thumb Code     0  startup_ht32f493x5.o(.text)
    TMR8_BRK_TMR12_IRQHandler                0x08000237   Thumb Code     0  startup_ht32f493x5.o(.text)
    TMR8_CH_IRQHandler                       0x08000237   Thumb Code     0  startup_ht32f493x5.o(.text)
    TMR8_OVF_TMR13_IRQHandler                0x08000237   Thumb Code     0  startup_ht32f493x5.o(.text)
    TMR8_TRG_HALL_TMR14_IRQHandler           0x08000237   Thumb Code     0  startup_ht32f493x5.o(.text)
    UART4_IRQHandler                         0x08000237   Thumb Code     0  startup_ht32f493x5.o(.text)
    UART5_IRQHandler                         0x08000237   Thumb Code     0  startup_ht32f493x5.o(.text)
    UART7_IRQHandler                         0x08000237   Thumb Code     0  startup_ht32f493x5.o(.text)
    UART8_IRQHandler                         0x08000237   Thumb Code     0  startup_ht32f493x5.o(.text)
    USART1_IRQHandler                        0x08000237   Thumb Code     0  startup_ht32f493x5.o(.text)
    USART2_IRQHandler                        0x08000237   Thumb Code     0  startup_ht32f493x5.o(.text)
    USART3_IRQHandler                        0x08000237   Thumb Code     0  startup_ht32f493x5.o(.text)
    USART6_IRQHandler                        0x08000237   Thumb Code     0  startup_ht32f493x5.o(.text)
    USBFSWakeUp_IRQHandler                   0x08000237   Thumb Code     0  startup_ht32f493x5.o(.text)
    USBFS_H_CAN1_TX_IRQHandler               0x08000237   Thumb Code     0  startup_ht32f493x5.o(.text)
    USBFS_L_CAN1_RX0_IRQHandler              0x08000237   Thumb Code     0  startup_ht32f493x5.o(.text)
    USBFS_MAPH_IRQHandler                    0x08000237   Thumb Code     0  startup_ht32f493x5.o(.text)
    USBFS_MAPL_IRQHandler                    0x08000237   Thumb Code     0  startup_ht32f493x5.o(.text)
    WWDT_IRQHandler                          0x08000237   Thumb Code     0  startup_ht32f493x5.o(.text)
    XMC_IRQHandler                           0x08000237   Thumb Code     0  startup_ht32f493x5.o(.text)
    __user_initial_stackheap                 0x08000239   Thumb Code     0  startup_ht32f493x5.o(.text)
    __use_no_semihosting                     0x0800025d   Thumb Code     2  use_no_semi_2.o(.text)
    __use_two_region_memory                  0x0800025f   Thumb Code     2  heapauxi.o(.text)
    __rt_heap_escrow$2region                 0x08000261   Thumb Code     2  heapauxi.o(.text)
    __rt_heap_expand$2region                 0x08000263   Thumb Code     2  heapauxi.o(.text)
    __I$use$semihosting                      0x08000265   Thumb Code     0  use_no_semi.o(.text)
    __use_no_semihosting_swi                 0x08000265   Thumb Code     2  use_no_semi.o(.text)
    __user_setup_stackheap                   0x08000267   Thumb Code    74  sys_stackheap_outer.o(.text)
    exit                                     0x080002b1   Thumb Code    18  exit.o(.text)
    __user_libspace                          0x080002c5   Thumb Code     8  libspace.o(.text)
    __user_perproc_libspace                  0x080002c5   Thumb Code     0  libspace.o(.text)
    __user_perthread_libspace                0x080002c5   Thumb Code     0  libspace.o(.text)
    BusFault_Handler                         0x080002cd   Thumb Code     4  ht32f493x5_int.o(i.BusFault_Handler)
    DebugMon_Handler                         0x080002d1   Thumb Code     2  ht32f493x5_int.o(i.DebugMon_Handler)
    HardFault_Handler                        0x080002d3   Thumb Code     4  ht32f493x5_int.o(i.HardFault_Handler)
    MemManage_Handler                        0x080002d7   Thumb Code     4  ht32f493x5_int.o(i.MemManage_Handler)
    NMI_Handler                              0x080002db   Thumb Code     2  ht32f493x5_int.o(i.NMI_Handler)
    PendSV_Handler                           0x080002dd   Thumb Code     2  ht32f493x5_int.o(i.PendSV_Handler)
    SVC_Handler                              0x080002df   Thumb Code     2  ht32f493x5_int.o(i.SVC_Handler)
    SysTick_Handler                          0x080002e1   Thumb Code     2  ht32f493x5_int.o(i.SysTick_Handler)
    SystemInit                               0x080002e5   Thumb Code   100  system_ht32f493x5.o(i.SystemInit)
    UsageFault_Handler                       0x08000355   Thumb Code     4  ht32f493x5_int.o(i.UsageFault_Handler)
    _sys_exit                                0x08000359   Thumb Code     2  ht32f493x5_board.o(i._sys_exit)
    crm_ahb_div_set                          0x0800035d   Thumb Code    14  ht32f493x5_crm.o(i.crm_ahb_div_set)
    crm_apb1_div_set                         0x08000371   Thumb Code    14  ht32f493x5_crm.o(i.crm_apb1_div_set)
    crm_apb2_div_set                         0x08000385   Thumb Code    14  ht32f493x5_crm.o(i.crm_apb2_div_set)
    crm_auto_step_mode_enable                0x08000399   Thumb Code    34  ht32f493x5_crm.o(i.crm_auto_step_mode_enable)
    crm_clock_source_enable                  0x080003c1   Thumb Code    90  ht32f493x5_crm.o(i.crm_clock_source_enable)
    crm_flag_get                             0x08000421   Thumb Code    42  ht32f493x5_crm.o(i.crm_flag_get)
    crm_hext_clock_div_set                   0x08000451   Thumb Code    14  ht32f493x5_crm.o(i.crm_hext_clock_div_set)
    crm_hext_stable_wait                     0x08000465   Thumb Code    46  ht32f493x5_crm.o(i.crm_hext_stable_wait)
    crm_periph_clock_enable                  0x08000495   Thumb Code    62  ht32f493x5_crm.o(i.crm_periph_clock_enable)
    crm_pll_config                           0x080004d9   Thumb Code   118  ht32f493x5_crm.o(i.crm_pll_config)
    crm_reset                                0x08000555   Thumb Code    80  ht32f493x5_crm.o(i.crm_reset)
    crm_sysclk_switch                        0x080005ad   Thumb Code    54  ht32f493x5_crm.o(i.crm_sysclk_switch)
    crm_sysclk_switch_status_get             0x080005e9   Thumb Code    10  ht32f493x5_crm.o(i.crm_sysclk_switch_status_get)
    gpio_config                              0x080005f9   Thumb Code    54  main.o(i.gpio_config)
    gpio_default_para_init                   0x08000639   Thumb Code    22  ht32f493x5_gpio.o(i.gpio_default_para_init)
    gpio_init                                0x0800064f   Thumb Code   168  ht32f493x5_gpio.o(i.gpio_init)
    main                                     0x080006f9   Thumb Code    62  main.o(i.main)
    system_clock_config                      0x0800073d   Thumb Code   112  ht32f493x5_clock.o(i.system_clock_config)
    system_core_clock_update                 0x080007ad   Thumb Code   222  system_ht32f493x5.o(i.system_core_clock_update)
    _fp_init                                 0x080008a5   Thumb Code    10  fpinit.o(x$fpl$fpinit)
    __fplib_config_fpu_vfp                   0x080008ad   Thumb Code     0  fpinit.o(x$fpl$fpinit)
    __fplib_config_pureend_doubles           0x080008ad   Thumb Code     0  fpinit.o(x$fpl$fpinit)
    Region$$Table$$Base                      0x080008c0   Number         0  anon$$obj.o(Region$$Table)
    Region$$Table$$Limit                     0x080008e0   Number         0  anon$$obj.o(Region$$Table)
    system_core_clock                        0x20000000   Data           4  system_ht32f493x5.o(.data)
    __libspace_start                         0x20000004   Data          96  libspace.o(.bss)
    __temporary_stack_top$libspace           0x20000064   Data           0  libspace.o(.bss)



==============================================================================

Memory Map of the image

  Image Entry point : 0x0800017d

  Load Region LR_IROM1 (Base: 0x08000000, Size: 0x000008e4, Max: 0x00100000, ABSOLUTE)

    Execution Region ER_IROM1 (Exec base: 0x08000000, Load base: 0x08000000, Size: 0x000008e0, Max: 0x00100000, ABSOLUTE)

    Exec Addr    Load Addr    Size         Type   Attr      Idx    E Section Name        Object

    0x08000000   0x08000000   0x0000017c   Data   RO         1043    RESET               startup_ht32f493x5.o
    0x0800017c   0x0800017c   0x00000008   Code   RO         1054  * !!!main             c_w.l(__main.o)
    0x08000184   0x08000184   0x00000034   Code   RO         1209    !!!scatter          c_w.l(__scatter.o)
    0x080001b8   0x080001b8   0x0000001a   Code   RO         1211    !!handler_copy      c_w.l(__scatter_copy.o)
    0x080001d2   0x080001d2   0x00000002   PAD
    0x080001d4   0x080001d4   0x0000001c   Code   RO         1213    !!handler_zi        c_w.l(__scatter_zi.o)
    0x080001f0   0x080001f0   0x00000002   Code   RO         1083    .ARM.Collect$$libinit$$00000000  c_w.l(libinit.o)
    0x080001f2   0x080001f2   0x00000004   Code   RO         1089    .ARM.Collect$$libinit$$00000001  c_w.l(libinit2.o)
    0x080001f6   0x080001f6   0x00000000   Code   RO         1092    .ARM.Collect$$libinit$$00000004  c_w.l(libinit2.o)
    0x080001f6   0x080001f6   0x00000000   Code   RO         1095    .ARM.Collect$$libinit$$0000000A  c_w.l(libinit2.o)
    0x080001f6   0x080001f6   0x00000000   Code   RO         1097    .ARM.Collect$$libinit$$0000000C  c_w.l(libinit2.o)
    0x080001f6   0x080001f6   0x00000000   Code   RO         1099    .ARM.Collect$$libinit$$0000000E  c_w.l(libinit2.o)
    0x080001f6   0x080001f6   0x00000000   Code   RO         1102    .ARM.Collect$$libinit$$00000011  c_w.l(libinit2.o)
    0x080001f6   0x080001f6   0x00000000   Code   RO         1104    .ARM.Collect$$libinit$$00000013  c_w.l(libinit2.o)
    0x080001f6   0x080001f6   0x00000000   Code   RO         1106    .ARM.Collect$$libinit$$00000015  c_w.l(libinit2.o)
    0x080001f6   0x080001f6   0x00000000   Code   RO         1108    .ARM.Collect$$libinit$$00000017  c_w.l(libinit2.o)
    0x080001f6   0x080001f6   0x00000000   Code   RO         1110    .ARM.Collect$$libinit$$00000019  c_w.l(libinit2.o)
    0x080001f6   0x080001f6   0x00000000   Code   RO         1112    .ARM.Collect$$libinit$$0000001B  c_w.l(libinit2.o)
    0x080001f6   0x080001f6   0x00000000   Code   RO         1114    .ARM.Collect$$libinit$$0000001D  c_w.l(libinit2.o)
    0x080001f6   0x080001f6   0x00000000   Code   RO         1116    .ARM.Collect$$libinit$$0000001F  c_w.l(libinit2.o)
    0x080001f6   0x080001f6   0x00000000   Code   RO         1118    .ARM.Collect$$libinit$$00000021  c_w.l(libinit2.o)
    0x080001f6   0x080001f6   0x00000000   Code   RO         1120    .ARM.Collect$$libinit$$00000023  c_w.l(libinit2.o)
    0x080001f6   0x080001f6   0x00000000   Code   RO         1122    .ARM.Collect$$libinit$$00000025  c_w.l(libinit2.o)
    0x080001f6   0x080001f6   0x00000000   Code   RO         1126    .ARM.Collect$$libinit$$0000002C  c_w.l(libinit2.o)
    0x080001f6   0x080001f6   0x00000000   Code   RO         1128    .ARM.Collect$$libinit$$0000002E  c_w.l(libinit2.o)
    0x080001f6   0x080001f6   0x00000000   Code   RO         1130    .ARM.Collect$$libinit$$00000030  c_w.l(libinit2.o)
    0x080001f6   0x080001f6   0x00000000   Code   RO         1132    .ARM.Collect$$libinit$$00000032  c_w.l(libinit2.o)
    0x080001f6   0x080001f6   0x00000002   Code   RO         1133    .ARM.Collect$$libinit$$00000033  c_w.l(libinit2.o)
    0x080001f8   0x080001f8   0x00000002   Code   RO         1151    .ARM.Collect$$libshutdown$$00000000  c_w.l(libshutdown.o)
    0x080001fa   0x080001fa   0x00000000   Code   RO         1161    .ARM.Collect$$libshutdown$$00000002  c_w.l(libshutdown2.o)
    0x080001fa   0x080001fa   0x00000000   Code   RO         1163    .ARM.Collect$$libshutdown$$00000004  c_w.l(libshutdown2.o)
    0x080001fa   0x080001fa   0x00000000   Code   RO         1165    .ARM.Collect$$libshutdown$$00000006  c_w.l(libshutdown2.o)
    0x080001fa   0x080001fa   0x00000000   Code   RO         1168    .ARM.Collect$$libshutdown$$00000009  c_w.l(libshutdown2.o)
    0x080001fa   0x080001fa   0x00000000   Code   RO         1171    .ARM.Collect$$libshutdown$$0000000C  c_w.l(libshutdown2.o)
    0x080001fa   0x080001fa   0x00000000   Code   RO         1173    .ARM.Collect$$libshutdown$$0000000E  c_w.l(libshutdown2.o)
    0x080001fa   0x080001fa   0x00000000   Code   RO         1176    .ARM.Collect$$libshutdown$$00000011  c_w.l(libshutdown2.o)
    0x080001fa   0x080001fa   0x00000002   Code   RO         1177    .ARM.Collect$$libshutdown$$00000012  c_w.l(libshutdown2.o)
    0x080001fc   0x080001fc   0x00000000   Code   RO         1058    .ARM.Collect$$rtentry$$00000000  c_w.l(__rtentry.o)
    0x080001fc   0x080001fc   0x00000000   Code   RO         1060    .ARM.Collect$$rtentry$$00000002  c_w.l(__rtentry2.o)
    0x080001fc   0x080001fc   0x00000006   Code   RO         1072    .ARM.Collect$$rtentry$$00000004  c_w.l(__rtentry4.o)
    0x08000202   0x08000202   0x00000000   Code   RO         1062    .ARM.Collect$$rtentry$$00000009  c_w.l(__rtentry2.o)
    0x08000202   0x08000202   0x00000004   Code   RO         1063    .ARM.Collect$$rtentry$$0000000A  c_w.l(__rtentry2.o)
    0x08000206   0x08000206   0x00000000   Code   RO         1065    .ARM.Collect$$rtentry$$0000000C  c_w.l(__rtentry2.o)
    0x08000206   0x08000206   0x00000008   Code   RO         1066    .ARM.Collect$$rtentry$$0000000D  c_w.l(__rtentry2.o)
    0x0800020e   0x0800020e   0x00000002   Code   RO         1087    .ARM.Collect$$rtexit$$00000000  c_w.l(rtexit.o)
    0x08000210   0x08000210   0x00000000   Code   RO         1135    .ARM.Collect$$rtexit$$00000002  c_w.l(rtexit2.o)
    0x08000210   0x08000210   0x00000004   Code   RO         1136    .ARM.Collect$$rtexit$$00000003  c_w.l(rtexit2.o)
    0x08000214   0x08000214   0x00000006   Code   RO         1137    .ARM.Collect$$rtexit$$00000004  c_w.l(rtexit2.o)
    0x0800021a   0x0800021a   0x00000002   PAD
    0x0800021c   0x0800021c   0x00000040   Code   RO         1044    .text               startup_ht32f493x5.o
    0x0800025c   0x0800025c   0x00000002   Code   RO         1050    .text               c_w.l(use_no_semi_2.o)
    0x0800025e   0x0800025e   0x00000006   Code   RO         1052    .text               c_w.l(heapauxi.o)
    0x08000264   0x08000264   0x00000002   Code   RO         1056    .text               c_w.l(use_no_semi.o)
    0x08000266   0x08000266   0x0000004a   Code   RO         1074    .text               c_w.l(sys_stackheap_outer.o)
    0x080002b0   0x080002b0   0x00000012   Code   RO         1076    .text               c_w.l(exit.o)
    0x080002c2   0x080002c2   0x00000002   PAD
    0x080002c4   0x080002c4   0x00000008   Code   RO         1084    .text               c_w.l(libspace.o)
    0x080002cc   0x080002cc   0x00000004   Code   RO          139    i.BusFault_Handler  ht32f493x5_int.o
    0x080002d0   0x080002d0   0x00000002   Code   RO          140    i.DebugMon_Handler  ht32f493x5_int.o
    0x080002d2   0x080002d2   0x00000004   Code   RO          141    i.HardFault_Handler  ht32f493x5_int.o
    0x080002d6   0x080002d6   0x00000004   Code   RO          142    i.MemManage_Handler  ht32f493x5_int.o
    0x080002da   0x080002da   0x00000002   Code   RO          143    i.NMI_Handler       ht32f493x5_int.o
    0x080002dc   0x080002dc   0x00000002   Code   RO          144    i.PendSV_Handler    ht32f493x5_int.o
    0x080002de   0x080002de   0x00000002   Code   RO          145    i.SVC_Handler       ht32f493x5_int.o
    0x080002e0   0x080002e0   0x00000002   Code   RO          146    i.SysTick_Handler   ht32f493x5_int.o
    0x080002e2   0x080002e2   0x00000002   PAD
    0x080002e4   0x080002e4   0x00000070   Code   RO         1007    i.SystemInit        system_ht32f493x5.o
    0x08000354   0x08000354   0x00000004   Code   RO          147    i.UsageFault_Handler  ht32f493x5_int.o
    0x08000358   0x08000358   0x00000002   Code   RO          251    i._sys_exit         ht32f493x5_board.o
    0x0800035a   0x0800035a   0x00000002   PAD
    0x0800035c   0x0800035c   0x00000014   Code   RO          379    i.crm_ahb_div_set   ht32f493x5_crm.o
    0x08000370   0x08000370   0x00000014   Code   RO          380    i.crm_apb1_div_set  ht32f493x5_crm.o
    0x08000384   0x08000384   0x00000014   Code   RO          381    i.crm_apb2_div_set  ht32f493x5_crm.o
    0x08000398   0x08000398   0x00000028   Code   RO          382    i.crm_auto_step_mode_enable  ht32f493x5_crm.o
    0x080003c0   0x080003c0   0x00000060   Code   RO          388    i.crm_clock_source_enable  ht32f493x5_crm.o
    0x08000420   0x08000420   0x00000030   Code   RO          391    i.crm_flag_get      ht32f493x5_crm.o
    0x08000450   0x08000450   0x00000014   Code   RO          393    i.crm_hext_clock_div_set  ht32f493x5_crm.o
    0x08000464   0x08000464   0x0000002e   Code   RO          394    i.crm_hext_stable_wait  ht32f493x5_crm.o
    0x08000492   0x08000492   0x00000002   PAD
    0x08000494   0x08000494   0x00000044   Code   RO          402    i.crm_periph_clock_enable  ht32f493x5_crm.o
    0x080004d8   0x080004d8   0x0000007c   Code   RO          405    i.crm_pll_config    ht32f493x5_crm.o
    0x08000554   0x08000554   0x00000058   Code   RO          406    i.crm_reset         ht32f493x5_crm.o
    0x080005ac   0x080005ac   0x0000003c   Code   RO          409    i.crm_sysclk_switch  ht32f493x5_crm.o
    0x080005e8   0x080005e8   0x00000010   Code   RO          410    i.crm_sysclk_switch_status_get  ht32f493x5_crm.o
    0x080005f8   0x080005f8   0x00000040   Code   RO          214    i.gpio_config       main.o
    0x08000638   0x08000638   0x00000016   Code   RO          815    i.gpio_default_para_init  ht32f493x5_gpio.o
    0x0800064e   0x0800064e   0x000000a8   Code   RO          819    i.gpio_init         ht32f493x5_gpio.o
    0x080006f6   0x080006f6   0x00000002   PAD
    0x080006f8   0x080006f8   0x00000044   Code   RO          215    i.main              main.o
    0x0800073c   0x0800073c   0x00000070   Code   RO            4    i.system_clock_config  ht32f493x5_clock.o
    0x080007ac   0x080007ac   0x000000f8   Code   RO         1008    i.system_core_clock_update  system_ht32f493x5.o
    0x080008a4   0x080008a4   0x0000000a   Code   RO         1143    x$fpl$fpinit        fz_wm.l(fpinit.o)
    0x080008ae   0x080008ae   0x00000010   Data   RO         1009    .constdata          system_ht32f493x5.o
    0x080008be   0x080008be   0x00000002   PAD
    0x080008c0   0x080008c0   0x00000020   Data   RO         1207    Region$$Table       anon$$obj.o


    Execution Region RW_IRAM1 (Exec base: 0x20000000, Load base: 0x080008e0, Size: 0x00000668, Max: 0x00038000, ABSOLUTE)

    Exec Addr    Load Addr    Size         Type   Attr      Idx    E Section Name        Object

    0x20000000   0x080008e0   0x00000004   Data   RW         1010    .data               system_ht32f493x5.o
    0x20000004        -       0x00000060   Zero   RW         1085    .bss                c_w.l(libspace.o)
    0x20000064   0x080008e4   0x00000004   PAD
    0x20000068        -       0x00000200   Zero   RW         1042    HEAP                startup_ht32f493x5.o
    0x20000268        -       0x00000400   Zero   RW         1041    STACK               startup_ht32f493x5.o


==============================================================================

Image component sizes


      Code (inc. data)   RO Data    RW Data    ZI Data      Debug   Object Name

         2          0          0          0          0        604   ht32f493x5_board.o
       112          0          0          0          0      37526   ht32f493x5_clock.o
       666         80          0          0          0       8811   ht32f493x5_crm.o
       190          0          0          0          0       2065   ht32f493x5_gpio.o
        26          0          0          0          0       4746   ht32f493x5_int.o
       132         16          0          0          0       1157   main.o
        64         26        380          0       1536       1008   startup_ht32f493x5.o
       360         38         16          4          0       2548   system_ht32f493x5.o

    ----------------------------------------------------------------------
      1560        160        430          4       1536      58465   Object Totals
         0          0         32          0          0          0   (incl. Generated)
         8          0          2          0          0          0   (incl. Padding)

    ----------------------------------------------------------------------

      Code (inc. data)   RO Data    RW Data    ZI Data      Debug   Library Member Name

         8          0          0          0          0         68   __main.o
         0          0          0          0          0          0   __rtentry.o
        12          0          0          0          0          0   __rtentry2.o
         6          0          0          0          0          0   __rtentry4.o
        52          8          0          0          0          0   __scatter.o
        26          0          0          0          0          0   __scatter_copy.o
        28          0          0          0          0          0   __scatter_zi.o
        18          0          0          0          0         80   exit.o
         6          0          0          0          0        152   heapauxi.o
         2          0          0          0          0          0   libinit.o
         6          0          0          0          0          0   libinit2.o
         2          0          0          0          0          0   libshutdown.o
         2          0          0          0          0          0   libshutdown2.o
         8          4          0          0         96         68   libspace.o
         2          0          0          0          0          0   rtexit.o
        10          0          0          0          0          0   rtexit2.o
        74          0          0          0          0         80   sys_stackheap_outer.o
         2          0          0          0          0         68   use_no_semi.o
         2          0          0          0          0         68   use_no_semi_2.o
        10          0          0          0          0        116   fpinit.o

    ----------------------------------------------------------------------
       282         12          0          0        100        700   Library Totals
         6          0          0          0          4          0   (incl. Padding)

    ----------------------------------------------------------------------

      Code (inc. data)   RO Data    RW Data    ZI Data      Debug   Library Name

       266         12          0          0         96        584   c_w.l
        10          0          0          0          0        116   fz_wm.l

    ----------------------------------------------------------------------
       282         12          0          0        100        700   Library Totals

    ----------------------------------------------------------------------

==============================================================================


      Code (inc. data)   RO Data    RW Data    ZI Data      Debug   

      1842        172        430          4       1636      56609   Grand Totals
      1842        172        430          4       1636      56609   ELF Image Totals
      1842        172        430          4          0          0   ROM Totals

==============================================================================

    Total RO  Size (Code + RO Data)                 2272 (   2.22kB)
    Total RW  Size (RW Data + ZI Data)              1640 (   1.60kB)
    Total ROM Size (Code + RO Data + RW Data)       2276 (   2.22kB)

==============================================================================

