<html>
<body>
<pre>
<h1>µVision Build Log</h1>
<h2>Tool Versions:</h2>
IDE-Version: £gVision V5.38.0.0
Copyright (C) 2022 ARM Ltd and ARM Germany GmbH. All rights reserved.
License Information: Wu user, NFU, LIC=----
 
Tool Versions:
Toolchain:       MDK-Lite  Version: 5.43.0.0
Toolchain Path:  D:\Keil_v5\ARM\ARMCLANG\Bin
C Compiler:      ArmClang.exe V6.24
Assembler:       Armasm.exe V6.24
Linker/Locator:  ArmLink.exe V6.24
Library Manager: ArmAr.exe V6.24
Hex Converter:   FromElf.exe V6.24
CPU DLL:         SARMCM3.DLL V5.43.0.0
Dialog DLL:      DCM.DLL V1.17.5.0
Target DLL:      CMSIS_AGDI.dll V1.33.24.0
Dialog DLL:      TCM.DLL V1.56.6.0
 
<h2>Project:</h2>
D:\HOLTEK-TinyML-Project\template\HT32F493x5_FWLib_V1.2.2_184\project\ht32f49395_sk\examples\i2c\communication_int\mdk_v537\communication_int.uvprojx
Project File Date:  05/20/2026

<h2>Output:</h2>
*** Using Compiler 'V6.24', folder: 'D:\Keil_v5\ARM\ARMCLANG\Bin'
Rebuild target 'communication_int'
compiling ht32f493x5_int.c...
compiling ht32f493x5_misc.c...
assembling startup_ht32f493x5.s...
compiling ht32f493x5_clock.c...
compiling ht32f493x5_i2c.c...
compiling ht32f493x5_gpio.c...
compiling main.c...
compiling ht32f493x5_dma.c...
compiling system_ht32f493x5.c...
compiling ht32f493x5_board.c...
compiling ht32f493x5_usart.c...
compiling ht32f493x5_crm.c...
compiling i2c_application.c...
linking...
Program Size: Code=4698 RO-data=422 RW-data=36 ZI-data=1700  
FromELF: creating hex file...
".\objects\communication_int.axf" - 0 Error(s), 0 Warning(s).

<h2>Software Packages used:</h2>

Package Vendor: Holtek
                https://mcu.holtek.com.tw/pack/Holtek.HT32F493x5_DFP.1.0.6.pack
                Holtek.HT32F493x5_DFP.1.0.6
                Holtek HT32F493x5 Series Device Support

<h2>Collection of Component include folders:</h2>
  D:/Keil_v5/Packs/Holtek/HT32F493x5_DFP/1.0.6/Device/Include

<h2>Collection of Component Files used:</h2>
Build Time Elapsed:  00:00:00
</pre>
</body>
</html>
