Component: Arm Compiler for Embedded 6.24 Tool: armlink [5f371500]

==============================================================================

Section Cross References

    ht32f493x5_clock.o(.text.system_clock_config) refers to ht32f493x5_crm.o(.text.crm_reset) for crm_reset
    ht32f493x5_clock.o(.text.system_clock_config) refers to ht32f493x5_crm.o(.text.crm_clock_source_enable) for crm_clock_source_enable
    ht32f493x5_clock.o(.text.system_clock_config) refers to ht32f493x5_crm.o(.text.crm_hext_stable_wait) for crm_hext_stable_wait
    ht32f493x5_clock.o(.text.system_clock_config) refers to ht32f493x5_crm.o(.text.crm_pll_config) for crm_pll_config
    ht32f493x5_clock.o(.text.system_clock_config) refers to ht32f493x5_crm.o(.text.crm_hext_clock_div_set) for crm_hext_clock_div_set
    ht32f493x5_clock.o(.text.system_clock_config) refers to ht32f493x5_crm.o(.text.crm_flag_get) for crm_flag_get
    ht32f493x5_clock.o(.text.system_clock_config) refers to ht32f493x5_crm.o(.text.crm_ahb_div_set) for crm_ahb_div_set
    ht32f493x5_clock.o(.text.system_clock_config) refers to ht32f493x5_crm.o(.text.crm_apb2_div_set) for crm_apb2_div_set
    ht32f493x5_clock.o(.text.system_clock_config) refers to ht32f493x5_crm.o(.text.crm_apb1_div_set) for crm_apb1_div_set
    ht32f493x5_clock.o(.text.system_clock_config) refers to ht32f493x5_crm.o(.text.crm_auto_step_mode_enable) for crm_auto_step_mode_enable
    ht32f493x5_clock.o(.text.system_clock_config) refers to ht32f493x5_crm.o(.text.crm_sysclk_switch) for crm_sysclk_switch
    ht32f493x5_clock.o(.text.system_clock_config) refers to ht32f493x5_crm.o(.text.crm_sysclk_switch_status_get) for crm_sysclk_switch_status_get
    ht32f493x5_clock.o(.text.system_clock_config) refers to system_ht32f493x5.o(.text.system_core_clock_update) for system_core_clock_update
    ht32f493x5_clock.o(.ARM.exidx.text.system_clock_config) refers to ht32f493x5_clock.o(.text.system_clock_config) for [Anonymous Symbol]
    ht32f493x5_int.o(.ARM.exidx.text.NMI_Handler) refers to ht32f493x5_int.o(.text.NMI_Handler) for [Anonymous Symbol]
    ht32f493x5_int.o(.ARM.exidx.text.HardFault_Handler) refers to ht32f493x5_int.o(.text.HardFault_Handler) for [Anonymous Symbol]
    ht32f493x5_int.o(.ARM.exidx.text.MemManage_Handler) refers to ht32f493x5_int.o(.text.MemManage_Handler) for [Anonymous Symbol]
    ht32f493x5_int.o(.ARM.exidx.text.BusFault_Handler) refers to ht32f493x5_int.o(.text.BusFault_Handler) for [Anonymous Symbol]
    ht32f493x5_int.o(.ARM.exidx.text.UsageFault_Handler) refers to ht32f493x5_int.o(.text.UsageFault_Handler) for [Anonymous Symbol]
    ht32f493x5_int.o(.ARM.exidx.text.SVC_Handler) refers to ht32f493x5_int.o(.text.SVC_Handler) for [Anonymous Symbol]
    ht32f493x5_int.o(.ARM.exidx.text.DebugMon_Handler) refers to ht32f493x5_int.o(.text.DebugMon_Handler) for [Anonymous Symbol]
    ht32f493x5_int.o(.ARM.exidx.text.PendSV_Handler) refers to ht32f493x5_int.o(.text.PendSV_Handler) for [Anonymous Symbol]
    ht32f493x5_int.o(.ARM.exidx.text.SysTick_Handler) refers to ht32f493x5_int.o(.text.SysTick_Handler) for [Anonymous Symbol]
    main.o(.text.usart_configuration) refers to ht32f493x5_crm.o(.text.crm_periph_clock_enable) for crm_periph_clock_enable
    main.o(.text.usart_configuration) refers to ht32f493x5_gpio.o(.text.gpio_default_para_init) for gpio_default_para_init
    main.o(.text.usart_configuration) refers to ht32f493x5_gpio.o(.text.gpio_init) for gpio_init
    main.o(.text.usart_configuration) refers to ht32f493x5_usart.o(.text.usart_init) for usart_init
    main.o(.text.usart_configuration) refers to ht32f493x5_usart.o(.text.usart_parity_selection_config) for usart_parity_selection_config
    main.o(.text.usart_configuration) refers to ht32f493x5_usart.o(.text.usart_transmitter_enable) for usart_transmitter_enable
    main.o(.text.usart_configuration) refers to ht32f493x5_usart.o(.text.usart_receiver_enable) for usart_receiver_enable
    main.o(.text.usart_configuration) refers to ht32f493x5_usart.o(.text.usart_enable) for usart_enable
    main.o(.ARM.exidx.text.usart_configuration) refers to main.o(.text.usart_configuration) for [Anonymous Symbol]
    main.o(.ARM.exidx.text.buffer_compare) refers to main.o(.text.buffer_compare) for [Anonymous Symbol]
    main.o(.text.main) refers to ht32f493x5_clock.o(.text.system_clock_config) for system_clock_config
    main.o(.text.main) refers to ht32f493x5_board.o(.text.ht32_board_init) for ht32_board_init
    main.o(.text.main) refers to main.o(.text.usart_configuration) for usart_configuration
    main.o(.text.main) refers to main.o(.bss.usart3_rx_counter) for usart3_rx_counter
    main.o(.text.main) refers to main.o(.data.usart2_tx_buffer_size) for usart2_tx_buffer_size
    main.o(.text.main) refers to main.o(.bss.usart2_tx_counter) for usart2_tx_counter
    main.o(.text.main) refers to main.o(.data.usart2_tx_buffer) for usart2_tx_buffer
    main.o(.text.main) refers to main.o(.bss.usart3_rx_buffer) for usart3_rx_buffer
[...]
    startup_ht32f493x5.o(RESET) refers to ht32f493x5_int.o(.text.HardFault_Handler) for HardFault_Handler
    startup_ht32f493x5.o(RESET) refers to ht32f493x5_int.o(.text.MemManage_Handler) for MemManage_Handler
    startup_ht32f493x5.o(RESET) refers to ht32f493x5_int.o(.text.BusFault_Handler) for BusFault_Handler
    startup_ht32f493x5.o(RESET) refers to ht32f493x5_int.o(.text.UsageFault_Handler) for UsageFault_Handler
    startup_ht32f493x5.o(RESET) refers to ht32f493x5_int.o(.text.SVC_Handler) for SVC_Handler
    startup_ht32f493x5.o(RESET) refers to ht32f493x5_int.o(.text.DebugMon_Handler) for DebugMon_Handler
    startup_ht32f493x5.o(RESET) refers to ht32f493x5_int.o(.text.PendSV_Handler) for PendSV_Handler
    startup_ht32f493x5.o(RESET) refers to ht32f493x5_int.o(.text.SysTick_Handler) for SysTick_Handler
    startup_ht32f493x5.o(.text) refers (Special) to heapauxi.o(.text) for __use_two_region_memory
    startup_ht32f493x5.o(.text) refers to system_ht32f493x5.o(.text.SystemInit) for SystemInit
    startup_ht32f493x5.o(.text) refers to __main.o(!!!main) for __main
    startup_ht32f493x5.o(.text) refers to startup_ht32f493x5.o(HEAP) for Heap_Mem
    startup_ht32f493x5.o(.text) refers to startup_ht32f493x5.o(STACK) for Stack_Mem
    use_no_semi_2.o(.text) refers (Special) to use_no_semi.o(.text) for __use_no_semihosting_swi
    __main.o(!!!main) refers to __rtentry.o(.ARM.Collect$$rtentry$$00000000) for __rt_entry
    __rtentry.o(.ARM.Collect$$rtentry$$00000000) refers (Special) to __rtentry2.o(.ARM.Collect$$rtentry$$0000000A) for __rt_entry_li
    __rtentry.o(.ARM.Collect$$rtentry$$00000000) refers (Special) to __rtentry2.o(.ARM.Collect$$rtentry$$0000000D) for __rt_entry_main
    __rtentry.o(.ARM.Collect$$rtentry$$00000000) refers (Special) to __rtentry2.o(.ARM.Collect$$rtentry$$0000000C) for __rt_entry_postli_1
    __rtentry.o(.ARM.Collect$$rtentry$$00000000) refers (Special) to __rtentry2.o(.ARM.Collect$$rtentry$$00000009) for __rt_entry_postsh_1
    __rtentry.o(.ARM.Collect$$rtentry$$00000000) refers (Special) to __rtentry2.o(.ARM.Collect$$rtentry$$00000002) for __rt_entry_presh_1
    __rtentry.o(.ARM.Collect$$rtentry$$00000000) refers (Special) to __rtentry4.o(.ARM.Collect$$rtentry$$00000004) for __rt_entry_sh
    __rtentry2.o(.ARM.Collect$$rtentry$$00000008) refers to boardinit2.o(.text) for _platform_post_stackheap_init
    __rtentry2.o(.ARM.Collect$$rtentry$$0000000A) refers to libinit.o(.ARM.Collect$$libinit$$00000000) for __rt_lib_init
    __rtentry2.o(.ARM.Collect$$rtentry$$0000000B) refers to boardinit3.o(.text) for _platform_post_lib_init
    __rtentry2.o(.ARM.Collect$$rtentry$$0000000D) refers to main.o(.text.main) for main
    __rtentry2.o(.ARM.Collect$$rtentry$$0000000D) refers to exit.o(.text) for exit
    __rtentry2.o(.ARM.exidx) refers to __rtentry2.o(.ARM.Collect$$rtentry$$00000001) for .ARM.Collect$$rtentry$$00000001
    __rtentry2.o(.ARM.exidx) refers to __rtentry2.o(.ARM.Collect$$rtentry$$00000008) for .ARM.Collect$$rtentry$$00000008
    __rtentry2.o(.ARM.exidx) refers to __rtentry2.o(.ARM.Collect$$rtentry$$0000000A) for .ARM.Collect$$rtentry$$0000000A
    __rtentry2.o(.ARM.exidx) refers to __rtentry2.o(.ARM.Collect$$rtentry$$0000000B) for .ARM.Collect$$rtentry$$0000000B
    __rtentry2.o(.ARM.exidx) refers to __rtentry2.o(.ARM.Collect$$rtentry$$0000000D) for .ARM.Collect$$rtentry$$0000000D
    __rtentry4.o(.ARM.Collect$$rtentry$$00000004) refers to sys_stackheap_outer.o(.text) for __user_setup_stackheap
    __rtentry4.o(.ARM.exidx) refers to __rtentry4.o(.ARM.Collect$$rtentry$$00000004) for .ARM.Collect$$rtentry$$00000004
    sys_stackheap_outer.o(.text) refers to libspace.o(.text) for __user_perproc_libspace
    sys_stackheap_outer.o(.text) refers to startup_ht32f493x5.o(.text) for __user_initial_stackheap
    exit.o(.text) refers to rtexit.o(.ARM.Collect$$rtexit$$00000000) for __rt_exit
    libinit.o(.ARM.Collect$$libinit$$00000000) refers (Special) to libinit2.o(.ARM.Collect$$libinit$$00000030) for __rt_lib_init_alloca_1
    libinit.o(.ARM.Collect$$libinit$$00000000) refers (Special) to libinit2.o(.ARM.Collect$$libinit$$0000002E) for __rt_lib_init_argv_1
    libinit.o(.ARM.Collect$$libinit$$00000000) refers (Special) to libinit2.o(.ARM.Collect$$libinit$$0000001D) for __rt_lib_init_atexit_1
    libinit.o(.ARM.Collect$$libinit$$00000000) refers (Special) to libinit2.o(.ARM.Collect$$libinit$$00000023) for __rt_lib_init_clock_1
    libinit.o(.ARM.Collect$$libinit$$00000000) refers (Special) to libinit2.o(.ARM.Collect$$libinit$$00000034) for __rt_lib_init_cpp_1
    libinit.o(.ARM.Collect$$libinit$$00000000) refers (Special) to libinit2.o(.ARM.Collect$$libinit$$00000032) for __rt_lib_init_exceptions_1
    libinit.o(.ARM.Collect$$libinit$$00000000) refers (Special) to libinit2.o(.ARM.Collect$$libinit$$00000001) for __rt_lib_init_fp_1
    libinit.o(.ARM.Collect$$libinit$$00000000) refers (Special) to libinit2.o(.ARM.Collect$$libinit$$00000021) for __rt_lib_init_fp_trap_1
    libinit.o(.ARM.Collect$$libinit$$00000000) refers (Special) to libinit2.o(.ARM.Collect$$libinit$$00000025) for __rt_lib_init_getenv_1
    libinit.o(.ARM.Collect$$libinit$$00000000) refers (Special) to libinit2.o(.ARM.Collect$$libinit$$0000000C) for __rt_lib_init_heap_1
    libinit.o(.ARM.Collect$$libinit$$00000000) refers (Special) to libinit2.o(.ARM.Collect$$libinit$$00000013) for __rt_lib_init_lc_collate_1
    libinit.o(.ARM.Collect$$libinit$$00000000) refers (Special) to libinit2.o(.ARM.Collect$$libinit$$00000015) for __rt_lib_init_lc_ctype_1
    libinit.o(.ARM.Collect$$libinit$$00000000) refers (Special) to libinit2.o(.ARM.Collect$$libinit$$00000017) for __rt_lib_init_lc_monetary_1
    libinit.o(.ARM.Collect$$libinit$$00000000) refers (Special) to libinit2.o(.ARM.Collect$$libinit$$00000019) for __rt_lib_init_lc_numeric_1
    libinit.o(.ARM.Collect$$libinit$$00000000) refers (Special) to libinit2.o(.ARM.Collect$$libinit$$0000001B) for __rt_lib_init_lc_time_1
    libinit.o(.ARM.Collect$$libinit$$00000000) refers (Special) to libinit2.o(.ARM.Collect$$libinit$$00000006) for __rt_lib_init_preinit_1
    libinit.o(.ARM.Collect$$libinit$$00000000) refers (Special) to libinit2.o(.ARM.Collect$$libinit$$00000010) for __rt_lib_init_rand_1
    libinit.o(.ARM.Collect$$libinit$$00000000) refers (Special) to libinit2.o(.ARM.Collect$$libinit$$00000004) for __rt_lib_init_relocate_pie_1
    libinit.o(.ARM.Collect$$libinit$$00000000) refers (Special) to libinit2.o(.ARM.Collect$$libinit$$00000035) for __rt_lib_init_return
    libinit.o(.ARM.Collect$$libinit$$00000000) refers (Special) to libinit2.o(.ARM.Collect$$libinit$$0000001F) for __rt_lib_init_signal_1
    libinit.o(.ARM.Collect$$libinit$$00000000) refers (Special) to libinit2.o(.ARM.Collect$$libinit$$00000027) for __rt_lib_init_stdio_1
    libinit.o(.ARM.Collect$$libinit$$00000000) refers (Special) to libinit2.o(.ARM.Collect$$libinit$$0000000E) for __rt_lib_init_user_alloc_1
    libspace.o(.text) refers to libspace.o(.bss) for __libspace_start
    rtexit.o(.ARM.Collect$$rtexit$$00000000) refers (Special) to rtexit2.o(.ARM.Collect$$rtexit$$00000004) for __rt_exit_exit
    rtexit.o(.ARM.Collect$$rtexit$$00000000) refers (Special) to rtexit2.o(.ARM.Collect$$rtexit$$00000003) for __rt_exit_ls
    rtexit.o(.ARM.Collect$$rtexit$$00000000) refers (Special) to rtexit2.o(.ARM.Collect$$rtexit$$00000002) for __rt_exit_prels_1
    rtexit.o(.ARM.exidx) refers (Special) to rtexit2.o(.ARM.Collect$$rtexit$$00000004) for __rt_exit_exit
    rtexit.o(.ARM.exidx) refers (Special) to rtexit2.o(.ARM.Collect$$rtexit$$00000003) for __rt_exit_ls
    rtexit.o(.ARM.exidx) refers (Special) to rtexit2.o(.ARM.Collect$$rtexit$$00000002) for __rt_exit_prels_1
    rtexit.o(.ARM.exidx) refers to rtexit.o(.ARM.Collect$$rtexit$$00000000) for .ARM.Collect$$rtexit$$00000000
    libinit2.o(.ARM.Collect$$libinit$$00000001) refers to fpinit.o(x$fpl$fpinit) for _fp_init
    libinit2.o(.ARM.Collect$$libinit$$00000012) refers to libinit2.o(.ARM.Collect$$libinit$$00000011) for .ARM.Collect$$libinit$$00000011
    libinit2.o(.ARM.Collect$$libinit$$00000014) refers to libinit2.o(.ARM.Collect$$libinit$$00000011) for .ARM.Collect$$libinit$$00000011
    libinit2.o(.ARM.Collect$$libinit$$00000016) refers to libinit2.o(.ARM.Collect$$libinit$$00000011) for .ARM.Collect$$libinit$$00000011
    libinit2.o(.ARM.Collect$$libinit$$00000018) refers to libinit2.o(.ARM.Collect$$libinit$$00000011) for .ARM.Collect$$libinit$$00000011
    libinit2.o(.ARM.Collect$$libinit$$0000001A) refers to libinit2.o(.ARM.Collect$$libinit$$00000011) for .ARM.Collect$$libinit$$00000011
    libinit2.o(.ARM.Collect$$libinit$$00000028) refers to argv_veneer.o(.emb_text) for __ARM_argv_veneer
    libinit2.o(.ARM.Collect$$libinit$$00000029) refers to argv_veneer.o(.emb_text) for __ARM_argv_veneer
    rtexit2.o(.ARM.Collect$$rtexit$$00000003) refers to libshutdown.o(.ARM.Collect$$libshutdown$$00000000) for __rt_lib_shutdown
    rtexit2.o(.ARM.Collect$$rtexit$$00000004) refers to ht32f493x5_board.o(.text._sys_exit) for _sys_exit
    rtexit2.o(.ARM.exidx) refers to rtexit2.o(.ARM.Collect$$rtexit$$00000001) for .ARM.Collect$$rtexit$$00000001
    rtexit2.o(.ARM.exidx) refers to rtexit2.o(.ARM.Collect$$rtexit$$00000003) for .ARM.Collect$$rtexit$$00000003
    rtexit2.o(.ARM.exidx) refers to rtexit2.o(.ARM.Collect$$rtexit$$00000004) for .ARM.Collect$$rtexit$$00000004
    argv_veneer.o(.emb_text) refers to no_argv.o(.text) for __ARM_get_argv
    _get_argv_nomalloc.o(.text) refers (Special) to hrguard.o(.text) for __heap_region$guard
    _get_argv_nomalloc.o(.text) refers to defsig_rtmem_outer.o(.text) for __rt_SIGRTMEM
    _get_argv_nomalloc.o(.text) refers to sys_command.o(.text) for _sys_command_string
    libshutdown.o(.ARM.Collect$$libshutdown$$00000000) refers (Special) to libshutdown2.o(.ARM.Collect$$libshutdown$$00000002) for __rt_lib_shutdown_cpp_1
    libshutdown.o(.ARM.Collect$$libshutdown$$00000000) refers (Special) to libshutdown2.o(.ARM.Collect$$libshutdown$$00000007) for __rt_lib_shutdown_fp_trap_1
    libshutdown.o(.ARM.Collect$$libshutdown$$00000000) refers (Special) to libshutdown2.o(.ARM.Collect$$libshutdown$$0000000F) for __rt_lib_shutdown_heap_1
    libshutdown.o(.ARM.Collect$$libshutdown$$00000000) refers (Special) to libshutdown2.o(.ARM.Collect$$libshutdown$$00000010) for __rt_lib_shutdown_return
    libshutdown.o(.ARM.Collect$$libshutdown$$00000000) refers (Special) to libshutdown2.o(.ARM.Collect$$libshutdown$$0000000A) for __rt_lib_shutdown_signal_1
    libshutdown.o(.ARM.Collect$$libshutdown$$00000000) refers (Special) to libshutdown2.o(.ARM.Collect$$libshutdown$$00000004) for __rt_lib_shutdown_stdio_1
    libshutdown.o(.ARM.Collect$$libshutdown$$00000000) refers (Special) to libshutdown2.o(.ARM.Collect$$libshutdown$$0000000C) for __rt_lib_shutdown_user_alloc_1
    sys_command.o(.text) refers (Special) to use_no_semi.o(.text) for __I$use$semihosting
    sys_command.o(.text) refers (Special) to indicate_semi.o(.text) for __semihosting_library_function
    sys_command_hlt.o(.text) refers (Special) to use_no_semi.o(.text) for __I$use$semihosting
    sys_command_hlt.o(.text) refers (Special) to indicate_semi.o(.text) for __semihosting_library_function
    defsig_rtmem_outer.o(.text) refers to defsig_rtmem_inner.o(.text) for __rt_SIGRTMEM_inner
    defsig_rtmem_outer.o(.text) refers to defsig_exit.o(.text) for __sig_exit
    defsig_rtmem_formal.o(.text) refers to rt_raise.o(.text) for __rt_raise
    rt_raise.o(.text) refers to __raise.o(.text) for __raise
    rt_raise.o(.text) refers to ht32f493x5_board.o(.text._sys_exit) for _sys_exit
    defsig_exit.o(.text) refers to ht32f493x5_board.o(.text._sys_exit) for _sys_exit
    defsig_rtmem_inner.o(.text) refers to defsig_general.o(.text) for __default_signal_display
    __raise.o(.text) refers to defsig.o(CL$$defsig) for __default_signal_handler
    defsig_general.o(.text) refers to ht32f493x5_board.o(.text._ttywrch) for _ttywrch
    defsig.o(CL$$defsig) refers to defsig_rtmem_inner.o(.text) for __rt_SIGRTMEM_inner
    defsig_abrt_inner.o(.text) refers to defsig_general.o(.text) for __default_signal_display
    defsig_fpe_inner.o(.text) refers to defsig_general.o(.text) for __default_signal_display
    defsig_rtred_inner.o(.text) refers to defsig_general.o(.text) for __default_signal_display
    defsig_stak_inner.o(.text) refers to defsig_general.o(.text) for __default_signal_display
    defsig_pvfn_inner.o(.text) refers to defsig_general.o(.text) for __default_signal_display
    defsig_cppl_inner.o(.text) refers to defsig_general.o(.text) for __default_signal_display
    defsig_segv_inner.o(.text) refers to defsig_general.o(.text) for __default_signal_display
    defsig_other.o(.text) refers to defsig_general.o(.text) for __default_signal_display


==============================================================================

Removing Unused input sections from the image.

    Removing ht32f493x5_clock.o(.text), (0 bytes).
    Removing ht32f493x5_clock.o(.ARM.exidx.text.system_clock_config), (8 bytes).
    Removing ht32f493x5_int.o(.text), (0 bytes).
    Removing ht32f493x5_int.o(.ARM.exidx.text.NMI_Handler), (8 bytes).
    Removing ht32f493x5_int.o(.ARM.exidx.text.HardFault_Handler), (8 bytes).
    Removing ht32f493x5_int.o(.ARM.exidx.text.MemManage_Handler), (8 bytes).
    Removing ht32f493x5_int.o(.ARM.exidx.text.BusFault_Handler), (8 bytes).
    Removing ht32f493x5_int.o(.ARM.exidx.text.UsageFault_Handler), (8 bytes).
    Removing ht32f493x5_int.o(.ARM.exidx.text.SVC_Handler), (8 bytes).
    Removing ht32f493x5_int.o(.ARM.exidx.text.DebugMon_Handler), (8 bytes).
    Removing ht32f493x5_int.o(.ARM.exidx.text.PendSV_Handler), (8 bytes).
    Removing ht32f493x5_int.o(.ARM.exidx.text.SysTick_Handler), (8 bytes).
    Removing main.o(.text), (0 bytes).
    Removing main.o(.ARM.exidx.text.usart_configuration), (8 bytes).
    Removing main.o(.text.buffer_compare), (34 bytes).
    Removing main.o(.ARM.exidx.text.buffer_compare), (8 bytes).
    Removing main.o(.ARM.exidx.text.main), (8 bytes).
    Removing main.o(.ARM.use_no_argv), (4 bytes).
    Removing ht32f493x5_board.o(.text), (0 bytes).
    Removing ht32f493x5_board.o(.ARM.exidx.text._sys_exit), (8 bytes).
    Removing ht32f493x5_board.o(.text._ttywrch), (2 bytes).
    Removing ht32f493x5_board.o(.ARM.exidx.text._ttywrch), (8 bytes).
    Removing ht32f493x5_board.o(.text.fputc), (48 bytes).
    Removing ht32f493x5_board.o(.ARM.exidx.text.fputc), (8 bytes).
    Removing ht32f493x5_board.o(.text.fgetc), (32 bytes).
    Removing ht32f493x5_board.o(.ARM.exidx.text.fgetc), (8 bytes).
    Removing ht32f493x5_board.o(.text.uart_print_init), (146 bytes).
    Removing ht32f493x5_board.o(.ARM.exidx.text.uart_print_init), (8 bytes).
    Removing ht32f493x5_board.o(.ARM.exidx.text.ht32_board_init), (8 bytes).
    Removing ht32f493x5_board.o(.text.delay_init), (62 bytes).
    Removing ht32f493x5_board.o(.ARM.exidx.text.delay_init), (8 bytes).
    Removing ht32f493x5_board.o(.text.ht32_led_init), (78 bytes).
    Removing ht32f493x5_board.o(.ARM.exidx.text.ht32_led_init), (8 bytes).
    Removing ht32f493x5_board.o(.text.ht32_led_off), (38 bytes).
    Removing ht32f493x5_board.o(.ARM.exidx.text.ht32_led_off), (8 bytes).
    Removing ht32f493x5_board.o(.text.ht32_button_init), (56 bytes).
    Removing ht32f493x5_board.o(.ARM.exidx.text.ht32_button_init), (8 bytes).
    Removing ht32f493x5_board.o(.text.ht32_button_state), (14 bytes).
    Removing ht32f493x5_board.o(.ARM.exidx.text.ht32_button_state), (8 bytes).
    Removing ht32f493x5_board.o(.text.ht32_button_press), (138 bytes).
    Removing ht32f493x5_board.o(.ARM.exidx.text.ht32_button_press), (8 bytes).
    Removing ht32f493x5_board.o(.text.delay_ms), (102 bytes).
    Removing ht32f493x5_board.o(.ARM.exidx.text.delay_ms), (8 bytes).
    Removing ht32f493x5_board.o(.text.ht32_led_on), (38 bytes).
    Removing ht32f493x5_board.o(.ARM.exidx.text.ht32_led_on), (8 bytes).
    Removing ht32f493x5_board.o(.ARM.exidx.text.ht32_led_toggle), (8 bytes).
    Removing ht32f493x5_board.o(.text.delay_us), (60 bytes).
    Removing ht32f493x5_board.o(.ARM.exidx.text.delay_us), (8 bytes).
    Removing ht32f493x5_board.o(.ARM.exidx.text.delay_sec), (8 bytes).
    Removing ht32f493x5_board.o(.bss.ht32_button_press.pressed), (1 bytes).
    Removing ht32f493x5_board.o(.bss.__stdout), (84 bytes).
    Removing ht32f493x5_board.o(.bss.__stdin), (84 bytes).
    Removing ht32f493x5_board.o(.bss.__stderr), (84 bytes).
    Removing ht32f493x5_gpio.o(.text), (0 bytes).
    Removing ht32f493x5_gpio.o(.text.gpio_reset), (46 bytes).
    Removing ht32f493x5_gpio.o(.ARM.exidx.text.gpio_reset), (8 bytes).
    Removing ht32f493x5_gpio.o(.text.gpio_iomux_reset), (26 bytes).
    Removing ht32f493x5_gpio.o(.ARM.exidx.text.gpio_iomux_reset), (8 bytes).
    Removing ht32f493x5_gpio.o(.ARM.exidx.text.gpio_init), (8 bytes).
    Removing ht32f493x5_gpio.o(.ARM.exidx.text.gpio_default_para_init), (8 bytes).
    Removing ht32f493x5_gpio.o(.text.gpio_input_data_bit_read), (14 bytes).
    Removing ht32f493x5_gpio.o(.ARM.exidx.text.gpio_input_data_bit_read), (8 bytes).
    Removing ht32f493x5_gpio.o(.text.gpio_input_data_read), (6 bytes).
    Removing ht32f493x5_gpio.o(.ARM.exidx.text.gpio_input_data_read), (8 bytes).
    Removing ht32f493x5_gpio.o(.text.gpio_output_data_bit_read), (10 bytes).
    Removing ht32f493x5_gpio.o(.ARM.exidx.text.gpio_output_data_bit_read), (8 bytes).
    Removing ht32f493x5_gpio.o(.text.gpio_output_data_read), (6 bytes).
    Removing ht32f493x5_gpio.o(.ARM.exidx.text.gpio_output_data_read), (8 bytes).
    Removing ht32f493x5_gpio.o(.text.gpio_bits_set), (4 bytes).
    Removing ht32f493x5_gpio.o(.ARM.exidx.text.gpio_bits_set), (8 bytes).
    Removing ht32f493x5_gpio.o(.text.gpio_bits_reset), (4 bytes).
    Removing ht32f493x5_gpio.o(.ARM.exidx.text.gpio_bits_reset), (8 bytes).
    Removing ht32f493x5_gpio.o(.text.gpio_bits_toggle), (16 bytes).
    Removing ht32f493x5_gpio.o(.ARM.exidx.text.gpio_bits_toggle), (8 bytes).
    Removing ht32f493x5_gpio.o(.text.gpio_bits_write), (12 bytes).
    Removing ht32f493x5_gpio.o(.ARM.exidx.text.gpio_bits_write), (8 bytes).
    Removing ht32f493x5_gpio.o(.text.gpio_port_write), (4 bytes).
    Removing ht32f493x5_gpio.o(.ARM.exidx.text.gpio_port_write), (8 bytes).
    Removing ht32f493x5_gpio.o(.text.gpio_pin_wp_config), (16 bytes).
    Removing ht32f493x5_gpio.o(.ARM.exidx.text.gpio_pin_wp_config), (8 bytes).
    Removing ht32f493x5_gpio.o(.text.gpio_pins_huge_driven_config), (16 bytes).
    Removing ht32f493x5_gpio.o(.ARM.exidx.text.gpio_pins_huge_driven_config), (8 bytes).
    Removing ht32f493x5_gpio.o(.text.gpio_event_output_config), (22 bytes).
    Removing ht32f493x5_gpio.o(.ARM.exidx.text.gpio_event_output_config), (8 bytes).
    Removing ht32f493x5_gpio.o(.text.gpio_event_output_enable), (24 bytes).
    Removing ht32f493x5_gpio.o(.ARM.exidx.text.gpio_event_output_enable), (8 bytes).
    Removing ht32f493x5_gpio.o(.text.gpio_pin_remap_config), (64 bytes).
    Removing ht32f493x5_gpio.o(.ARM.exidx.text.gpio_pin_remap_config), (8 bytes).
    Removing ht32f493x5_gpio.o(.text.gpio_exint_line_config), (156 bytes).
    Removing ht32f493x5_gpio.o(.ARM.exidx.text.gpio_exint_line_config), (8 bytes).
    Removing ht32f493x5_crm.o(.text), (0 bytes).
    Removing ht32f493x5_crm.o(.ARM.exidx.text.crm_reset), (8 bytes).
    Removing ht32f493x5_crm.o(.text.crm_lext_bypass), (26 bytes).
    Removing ht32f493x5_crm.o(.ARM.exidx.text.crm_lext_bypass), (8 bytes).
    Removing ht32f493x5_crm.o(.text.crm_hext_bypass), (26 bytes).
    Removing ht32f493x5_crm.o(.ARM.exidx.text.crm_hext_bypass), (8 bytes).
    Removing ht32f493x5_crm.o(.ARM.exidx.text.crm_flag_get), (8 bytes).
    Removing ht32f493x5_crm.o(.text.crm_interrupt_flag_get), (164 bytes).
    Removing ht32f493x5_crm.o(.ARM.exidx.text.crm_interrupt_flag_get), (8 bytes).
    Removing ht32f493x5_crm.o(.ARM.exidx.text.crm_hext_stable_wait), (8 bytes).
    Removing ht32f493x5_crm.o(.text.crm_hick_clock_trimming_set), (26 bytes).
    Removing ht32f493x5_crm.o(.ARM.exidx.text.crm_hick_clock_trimming_set), (8 bytes).
    Removing ht32f493x5_crm.o(.text.crm_hick_clock_calibration_set), (44 bytes).
    Removing ht32f493x5_crm.o(.ARM.exidx.text.crm_hick_clock_calibration_set), (8 bytes).
    Removing ht32f493x5_crm.o(.ARM.exidx.text.crm_periph_clock_enable), (8 bytes).
    Removing ht32f493x5_crm.o(.text.crm_periph_reset), (40 bytes).
    Removing ht32f493x5_crm.o(.ARM.exidx.text.crm_periph_reset), (8 bytes).
    Removing ht32f493x5_crm.o(.text.crm_periph_sleep_mode_clock_enable), (40 bytes).
    Removing ht32f493x5_crm.o(.ARM.exidx.text.crm_periph_sleep_mode_clock_enable), (8 bytes).
    Removing ht32f493x5_crm.o(.ARM.exidx.text.crm_clock_source_enable), (8 bytes).
    Removing ht32f493x5_crm.o(.text.crm_flag_clear), (124 bytes).
    Removing ht32f493x5_crm.o(.ARM.exidx.text.crm_flag_clear), (8 bytes).
    Removing ht32f493x5_crm.o(.text.crm_rtc_clock_select), (26 bytes).
    Removing ht32f493x5_crm.o(.ARM.exidx.text.crm_rtc_clock_select), (8 bytes).
    Removing ht32f493x5_crm.o(.text.crm_rtc_clock_enable), (26 bytes).
    Removing ht32f493x5_crm.o(.ARM.exidx.text.crm_rtc_clock_enable), (8 bytes).
    Removing ht32f493x5_crm.o(.ARM.exidx.text.crm_ahb_div_set), (8 bytes).
    Removing ht32f493x5_crm.o(.ARM.exidx.text.crm_apb1_div_set), (8 bytes).
    Removing ht32f493x5_crm.o(.ARM.exidx.text.crm_apb2_div_set), (8 bytes).
    Removing ht32f493x5_crm.o(.text.crm_adc_clock_div_set), (28 bytes).
    Removing ht32f493x5_crm.o(.ARM.exidx.text.crm_adc_clock_div_set), (8 bytes).
    Removing ht32f493x5_crm.o(.text.crm_usb_clock_div_set), (28 bytes).
    Removing ht32f493x5_crm.o(.ARM.exidx.text.crm_usb_clock_div_set), (8 bytes).
    Removing ht32f493x5_crm.o(.text.crm_clock_failure_detection_enable), (26 bytes).
    Removing ht32f493x5_crm.o(.ARM.exidx.text.crm_clock_failure_detection_enable), (8 bytes).
    Removing ht32f493x5_crm.o(.text.crm_battery_powered_domain_reset), (26 bytes).
    Removing ht32f493x5_crm.o(.ARM.exidx.text.crm_battery_powered_domain_reset), (8 bytes).
    Removing ht32f493x5_crm.o(.ARM.exidx.text.crm_pll_config), (8 bytes).
    Removing ht32f493x5_crm.o(.ARM.exidx.text.crm_sysclk_switch), (8 bytes).
    Removing ht32f493x5_crm.o(.ARM.exidx.text.crm_sysclk_switch_status_get), (8 bytes).
    Removing ht32f493x5_crm.o(.ARM.exidx.text.crm_clocks_freq_get), (8 bytes).
    Removing ht32f493x5_crm.o(.text.crm_clock_out_set), (28 bytes).
    Removing ht32f493x5_crm.o(.ARM.exidx.text.crm_clock_out_set), (8 bytes).
    Removing ht32f493x5_crm.o(.text.crm_interrupt_enable), (24 bytes).
    Removing ht32f493x5_crm.o(.ARM.exidx.text.crm_interrupt_enable), (8 bytes).
    Removing ht32f493x5_crm.o(.ARM.exidx.text.crm_auto_step_mode_enable), (8 bytes).
    Removing ht32f493x5_crm.o(.text.crm_usb_interrupt_remapping_set), (18 bytes).
    Removing ht32f493x5_crm.o(.ARM.exidx.text.crm_usb_interrupt_remapping_set), (8 bytes).
    Removing ht32f493x5_crm.o(.text.crm_hick_divider_select), (26 bytes).
    Removing ht32f493x5_crm.o(.ARM.exidx.text.crm_hick_divider_select), (8 bytes).
    Removing ht32f493x5_crm.o(.text.crm_hick_sclk_frequency_select), (34 bytes).
    Removing ht32f493x5_crm.o(.ARM.exidx.text.crm_hick_sclk_frequency_select), (8 bytes).
    Removing ht32f493x5_crm.o(.text.crm_usb_clock_source_select), (50 bytes).
    Removing ht32f493x5_crm.o(.ARM.exidx.text.crm_usb_clock_source_select), (8 bytes).
    Removing ht32f493x5_crm.o(.text.crm_clkout_to_tmr10_enable), (26 bytes).
    Removing ht32f493x5_crm.o(.ARM.exidx.text.crm_clkout_to_tmr10_enable), (8 bytes).
    Removing ht32f493x5_crm.o(.ARM.exidx.text.crm_hext_clock_div_set), (8 bytes).
    Removing ht32f493x5_crm.o(.text.crm_clkout_div_set), (22 bytes).
    Removing ht32f493x5_crm.o(.ARM.exidx.text.crm_clkout_div_set), (8 bytes).
    Removing ht32f493x5_usart.o(.text), (0 bytes).
    Removing ht32f493x5_usart.o(.text.usart_reset), (212 bytes).
    Removing ht32f493x5_usart.o(.ARM.exidx.text.usart_reset), (8 bytes).
    Removing ht32f493x5_usart.o(.ARM.exidx.text.usart_init), (8 bytes).
    Removing ht32f493x5_usart.o(.ARM.exidx.text.usart_parity_selection_config), (8 bytes).
    Removing ht32f493x5_usart.o(.ARM.exidx.text.usart_enable), (8 bytes).
    Removing ht32f493x5_usart.o(.ARM.exidx.text.usart_transmitter_enable), (8 bytes).
    Removing ht32f493x5_usart.o(.ARM.exidx.text.usart_receiver_enable), (8 bytes).
    Removing ht32f493x5_usart.o(.text.usart_clock_config), (54 bytes).
    Removing ht32f493x5_usart.o(.ARM.exidx.text.usart_clock_config), (8 bytes).
    Removing ht32f493x5_usart.o(.text.usart_clock_enable), (18 bytes).
    Removing ht32f493x5_usart.o(.ARM.exidx.text.usart_clock_enable), (8 bytes).
    Removing ht32f493x5_usart.o(.text.usart_interrupt_enable), (32 bytes).
    Removing ht32f493x5_usart.o(.ARM.exidx.text.usart_interrupt_enable), (8 bytes).
    Removing ht32f493x5_usart.o(.text.usart_dma_transmitter_enable), (18 bytes).
    Removing ht32f493x5_usart.o(.ARM.exidx.text.usart_dma_transmitter_enable), (8 bytes).
    Removing ht32f493x5_usart.o(.text.usart_dma_receiver_enable), (18 bytes).
    Removing ht32f493x5_usart.o(.ARM.exidx.text.usart_dma_receiver_enable), (8 bytes).
    Removing ht32f493x5_usart.o(.text.usart_wakeup_id_set), (10 bytes).
    Removing ht32f493x5_usart.o(.ARM.exidx.text.usart_wakeup_id_set), (8 bytes).
    Removing ht32f493x5_usart.o(.text.usart_wakeup_mode_set), (18 bytes).
    Removing ht32f493x5_usart.o(.ARM.exidx.text.usart_wakeup_mode_set), (8 bytes).
    Removing ht32f493x5_usart.o(.text.usart_receiver_mute_enable), (18 bytes).
    Removing ht32f493x5_usart.o(.ARM.exidx.text.usart_receiver_mute_enable), (8 bytes).
    Removing ht32f493x5_usart.o(.text.usart_break_bit_num_set), (18 bytes).
    Removing ht32f493x5_usart.o(.ARM.exidx.text.usart_break_bit_num_set), (8 bytes).
    Removing ht32f493x5_usart.o(.text.usart_lin_mode_enable), (18 bytes).
    Removing ht32f493x5_usart.o(.ARM.exidx.text.usart_lin_mode_enable), (8 bytes).
    Removing ht32f493x5_usart.o(.ARM.exidx.text.usart_data_transmit), (8 bytes).
    Removing ht32f493x5_usart.o(.ARM.exidx.text.usart_data_receive), (8 bytes).
    Removing ht32f493x5_usart.o(.text.usart_break_send), (10 bytes).
    Removing ht32f493x5_usart.o(.ARM.exidx.text.usart_break_send), (8 bytes).
    Removing ht32f493x5_usart.o(.text.usart_smartcard_guard_time_set), (14 bytes).
    Removing ht32f493x5_usart.o(.ARM.exidx.text.usart_smartcard_guard_time_set), (8 bytes).
    Removing ht32f493x5_usart.o(.text.usart_irda_smartcard_division_set), (12 bytes).
    Removing ht32f493x5_usart.o(.ARM.exidx.text.usart_irda_smartcard_division_set), (8 bytes).
    Removing ht32f493x5_usart.o(.text.usart_smartcard_mode_enable), (18 bytes).
    Removing ht32f493x5_usart.o(.ARM.exidx.text.usart_smartcard_mode_enable), (8 bytes).
    Removing ht32f493x5_usart.o(.text.usart_smartcard_nack_set), (18 bytes).
    Removing ht32f493x5_usart.o(.ARM.exidx.text.usart_smartcard_nack_set), (8 bytes).
    Removing ht32f493x5_usart.o(.text.usart_single_line_halfduplex_select), (18 bytes).
    Removing ht32f493x5_usart.o(.ARM.exidx.text.usart_single_line_halfduplex_select), (8 bytes).
    Removing ht32f493x5_usart.o(.text.usart_irda_mode_enable), (18 bytes).
    Removing ht32f493x5_usart.o(.ARM.exidx.text.usart_irda_mode_enable), (8 bytes).
    Removing ht32f493x5_usart.o(.text.usart_irda_low_power_enable), (18 bytes).
    Removing ht32f493x5_usart.o(.ARM.exidx.text.usart_irda_low_power_enable), (8 bytes).
    Removing ht32f493x5_usart.o(.text.usart_hardware_flow_control_set), (66 bytes).
    Removing ht32f493x5_usart.o(.ARM.exidx.text.usart_hardware_flow_control_set), (8 bytes).
    Removing ht32f493x5_usart.o(.ARM.exidx.text.usart_flag_get), (8 bytes).
    Removing ht32f493x5_usart.o(.text.usart_interrupt_flag_get), (194 bytes).
    Removing ht32f493x5_usart.o(.ARM.exidx.text.usart_interrupt_flag_get), (8 bytes).
    Removing ht32f493x5_usart.o(.text.usart_flag_clear), (16 bytes).
    Removing ht32f493x5_usart.o(.ARM.exidx.text.usart_flag_clear), (8 bytes).
    Removing ht32f493x5_misc.o(.text), (0 bytes).
    Removing ht32f493x5_misc.o(.text.nvic_system_reset), (4 bytes).
    Removing ht32f493x5_misc.o(.ARM.exidx.text.nvic_system_reset), (8 bytes).
    Removing ht32f493x5_misc.o(.text.__NVIC_SystemReset), (36 bytes).
    Removing ht32f493x5_misc.o(.ARM.exidx.text.__NVIC_SystemReset), (8 bytes).
    Removing ht32f493x5_misc.o(.text.nvic_irq_enable), (118 bytes).
    Removing ht32f493x5_misc.o(.ARM.exidx.text.nvic_irq_enable), (8 bytes).
    Removing ht32f493x5_misc.o(.text.nvic_irq_disable), (42 bytes).
    Removing ht32f493x5_misc.o(.ARM.exidx.text.nvic_irq_disable), (8 bytes).
    Removing ht32f493x5_misc.o(.text.nvic_priority_group_config), (32 bytes).
    Removing ht32f493x5_misc.o(.ARM.exidx.text.nvic_priority_group_config), (8 bytes).
    Removing ht32f493x5_misc.o(.text.nvic_vector_table_set), (24 bytes).
    Removing ht32f493x5_misc.o(.ARM.exidx.text.nvic_vector_table_set), (8 bytes).
    Removing ht32f493x5_misc.o(.text.nvic_lowpower_mode_config), (24 bytes).
    Removing ht32f493x5_misc.o(.ARM.exidx.text.nvic_lowpower_mode_config), (8 bytes).
    Removing ht32f493x5_misc.o(.ARM.exidx.text.systick_clock_source_config), (8 bytes).
    Removing system_ht32f493x5.o(.text), (0 bytes).
    Removing system_ht32f493x5.o(.ARM.exidx.text.SystemInit), (8 bytes).
    Removing system_ht32f493x5.o(.ARM.exidx.text.system_core_clock_update), (8 bytes).

221 unused section(s) (total 4545 bytes) removed from the image.

==============================================================================

Image Symbol Table

    Local Symbols

    Symbol Name                              Value     Ov Type        Size  Object(Section)

    ../../../../../../libraries/cmsis/cm4/device_support/startup/mdk/startup_ht32f493x5.s 0x00000000   Number         0  startup_ht32f493x5.o ABSOLUTE
    ../clib/angel/boardlib.s                 0x00000000   Number         0  boardinit1.o ABSOLUTE
    ../clib/angel/boardlib.s                 0x00000000   Number         0  boardinit2.o ABSOLUTE
    ../clib/angel/boardlib.s                 0x00000000   Number         0  boardinit3.o ABSOLUTE
    ../clib/angel/boardlib.s                 0x00000000   Number         0  boardshut.o ABSOLUTE
    ../clib/angel/handlers.s                 0x00000000   Number         0  __scatter_copy.o ABSOLUTE
    ../clib/angel/handlers.s                 0x00000000   Number         0  __scatter_zi.o ABSOLUTE
    ../clib/angel/kernel.s                   0x00000000   Number         0  __rtentry.o ABSOLUTE
    ../clib/angel/kernel.s                   0x00000000   Number         0  __rtentry2.o ABSOLUTE
    ../clib/angel/kernel.s                   0x00000000   Number         0  __rtentry4.o ABSOLUTE
    ../clib/angel/kernel.s                   0x00000000   Number         0  rtexit.o ABSOLUTE
    ../clib/angel/kernel.s                   0x00000000   Number         0  rtexit2.o ABSOLUTE
    ../clib/angel/rt.s                       0x00000000   Number         0  rt_raise.o ABSOLUTE
    ../clib/angel/scatter.s                  0x00000000   Number         0  __scatter.o ABSOLUTE
    ../clib/angel/startup.s                  0x00000000   Number         0  __main.o ABSOLUTE
    ../clib/angel/sys.s                      0x00000000   Number         0  use_no_semi_2.o ABSOLUTE
    ../clib/angel/sys.s                      0x00000000   Number         0  use_no_semi.o ABSOLUTE
    ../clib/angel/sys.s                      0x00000000   Number         0  sys_stackheap_outer.o ABSOLUTE
    ../clib/angel/sys.s                      0x00000000   Number         0  libspace.o ABSOLUTE
    ../clib/angel/sys.s                      0x00000000   Number         0  indicate_semi.o ABSOLUTE
    ../clib/angel/sysapp.c                   0x00000000   Number         0  sys_command.o ABSOLUTE
    ../clib/angel/sysapp.c                   0x00000000   Number         0  sys_command_hlt.o ABSOLUTE
    ../clib/armsys.c                         0x00000000   Number         0  argv_veneer.o ABSOLUTE
    ../clib/armsys.c                         0x00000000   Number         0  argv_veneer.o ABSOLUTE
    ../clib/armsys.c                         0x00000000   Number         0  _get_argv_nomalloc.o ABSOLUTE
    ../clib/armsys.c                         0x00000000   Number         0  no_argv.o ABSOLUTE
    ../clib/heapalloc.c                      0x00000000   Number         0  hrguard.o ABSOLUTE
    ../clib/heapaux.c                        0x00000000   Number         0  heapauxi.o ABSOLUTE
    ../clib/libinit.s                        0x00000000   Number         0  libinit.o ABSOLUTE
    ../clib/libinit.s                        0x00000000   Number         0  libinit2.o ABSOLUTE
    ../clib/libinit.s                        0x00000000   Number         0  libshutdown.o ABSOLUTE
    ../clib/libinit.s                        0x00000000   Number         0  libshutdown2.o ABSOLUTE
    ../clib/signal.c                         0x00000000   Number         0  defsig_rtmem_outer.o ABSOLUTE
    ../clib/signal.c                         0x00000000   Number         0  defsig_rtmem_formal.o ABSOLUTE
    ../clib/signal.c                         0x00000000   Number         0  defsig_exit.o ABSOLUTE
    ../clib/signal.c                         0x00000000   Number         0  defsig_rtmem_inner.o ABSOLUTE
    ../clib/signal.c                         0x00000000   Number         0  __raise.o ABSOLUTE
    ../clib/signal.c                         0x00000000   Number         0  defsig_general.o ABSOLUTE
    ../clib/signal.c                         0x00000000   Number         0  defsig_abrt_inner.o ABSOLUTE
    ../clib/signal.c                         0x00000000   Number         0  defsig_fpe_inner.o ABSOLUTE
    ../clib/signal.c                         0x00000000   Number         0  defsig_rtred_inner.o ABSOLUTE
    ../clib/signal.c                         0x00000000   Number         0  defsig_stak_inner.o ABSOLUTE
    ../clib/signal.c                         0x00000000   Number         0  defsig_pvfn_inner.o ABSOLUTE
    ../clib/signal.c                         0x00000000   Number         0  defsig_cppl_inner.o ABSOLUTE
    ../clib/signal.c                         0x00000000   Number         0  defsig_segv_inner.o ABSOLUTE
    ../clib/signal.c                         0x00000000   Number         0  defsig_other.o ABSOLUTE
    ../clib/signal.s                         0x00000000   Number         0  defsig.o ABSOLUTE
    ../clib/stdlib.c                         0x00000000   Number         0  exit.o ABSOLUTE
    ../fplib/fpinit.s                        0x00000000   Number         0  fpinit.o ABSOLUTE
    dc.s                                     0x00000000   Number         0  dc.o ABSOLUTE
    ht32f493x5_board.c                       0x00000000   Number         0  ht32f493x5_board.o ABSOLUTE
    ht32f493x5_clock.c                       0x00000000   Number         0  ht32f493x5_clock.o ABSOLUTE
    ht32f493x5_crm.c                         0x00000000   Number         0  ht32f493x5_crm.o ABSOLUTE
    ht32f493x5_gpio.c                        0x00000000   Number         0  ht32f493x5_gpio.o ABSOLUTE
    ht32f493x5_int.c                         0x00000000   Number         0  ht32f493x5_int.o ABSOLUTE
    ht32f493x5_misc.c                        0x00000000   Number         0  ht32f493x5_misc.o ABSOLUTE
    ht32f493x5_usart.c                       0x00000000   Number         0  ht32f493x5_usart.o ABSOLUTE
    main.c                                   0x00000000   Number         0  main.o ABSOLUTE
    system_ht32f493x5.c                      0x00000000   Number         0  system_ht32f493x5.o ABSOLUTE
    RESET                                    0x08000000   Section      380  startup_ht32f493x5.o(RESET)
    !!!main                                  0x0800017c   Section        8  __main.o(!!!main)
    !!!scatter                               0x08000184   Section       92  __scatter.o(!!!scatter)
    !!handler_copy                           0x080001e0   Section       26  __scatter_copy.o(!!handler_copy)
    !!handler_null                           0x080001fc   Section        2  __scatter.o(!!handler_null)
    !!handler_zi                             0x08000200   Section       28  __scatter_zi.o(!!handler_zi)
    .ARM.Collect$$libinit$$00000000          0x0800021c   Section        2  libinit.o(.ARM.Collect$$libinit$$00000000)
    .ARM.Collect$$libinit$$00000001          0x0800021e   Section        4  libinit2.o(.ARM.Collect$$libinit$$00000001)
    .ARM.Collect$$libinit$$00000004          0x08000222   Section        0  libinit2.o(.ARM.Collect$$libinit$$00000004)
    .ARM.Collect$$libinit$$00000006          0x08000222   Section        0  libinit2.o(.ARM.Collect$$libinit$$00000006)
    .ARM.Collect$$libinit$$0000000C          0x08000222   Section        0  libinit2.o(.ARM.Collect$$libinit$$0000000C)
    .ARM.Collect$$libinit$$0000000E          0x08000222   Section        0  libinit2.o(.ARM.Collect$$libinit$$0000000E)
    .ARM.Collect$$libinit$$00000010          0x08000222   Section        0  libinit2.o(.ARM.Collect$$libinit$$00000010)
    .ARM.Collect$$libinit$$00000013          0x08000222   Section        0  libinit2.o(.ARM.Collect$$libinit$$00000013)
    .ARM.Collect$$libinit$$00000015          0x08000222   Section        0  libinit2.o(.ARM.Collect$$libinit$$00000015)
    .ARM.Collect$$libinit$$00000017          0x08000222   Section        0  libinit2.o(.ARM.Collect$$libinit$$00000017)
    .ARM.Collect$$libinit$$00000019          0x08000222   Section        0  libinit2.o(.ARM.Collect$$libinit$$00000019)
    .ARM.Collect$$libinit$$0000001B          0x08000222   Section        0  libinit2.o(.ARM.Collect$$libinit$$0000001B)
    .ARM.Collect$$libinit$$0000001D          0x08000222   Section        0  libinit2.o(.ARM.Collect$$libinit$$0000001D)
    .ARM.Collect$$libinit$$0000001F          0x08000222   Section        0  libinit2.o(.ARM.Collect$$libinit$$0000001F)
    .ARM.Collect$$libinit$$00000021          0x08000222   Section        0  libinit2.o(.ARM.Collect$$libinit$$00000021)
    .ARM.Collect$$libinit$$00000023          0x08000222   Section        0  libinit2.o(.ARM.Collect$$libinit$$00000023)
    .ARM.Collect$$libinit$$00000025          0x08000222   Section        0  libinit2.o(.ARM.Collect$$libinit$$00000025)
    .ARM.Collect$$libinit$$00000027          0x08000222   Section        0  libinit2.o(.ARM.Collect$$libinit$$00000027)
    .ARM.Collect$$libinit$$0000002E          0x08000222   Section        0  libinit2.o(.ARM.Collect$$libinit$$0000002E)
    .ARM.Collect$$libinit$$00000030          0x08000222   Section        0  libinit2.o(.ARM.Collect$$libinit$$00000030)
    .ARM.Collect$$libinit$$00000032          0x08000222   Section        0  libinit2.o(.ARM.Collect$$libinit$$00000032)
    .ARM.Collect$$libinit$$00000034          0x08000222   Section        0  libinit2.o(.ARM.Collect$$libinit$$00000034)
    .ARM.Collect$$libinit$$00000035          0x08000222   Section        2  libinit2.o(.ARM.Collect$$libinit$$00000035)
    .ARM.Collect$$libshutdown$$00000000      0x08000224   Section        2  libshutdown.o(.ARM.Collect$$libshutdown$$00000000)
    .ARM.Collect$$libshutdown$$00000002      0x08000226   Section        0  libshutdown2.o(.ARM.Collect$$libshutdown$$00000002)
    .ARM.Collect$$libshutdown$$00000004      0x08000226   Section        0  libshutdown2.o(.ARM.Collect$$libshutdown$$00000004)
    .ARM.Collect$$libshutdown$$00000007      0x08000226   Section        0  libshutdown2.o(.ARM.Collect$$libshutdown$$00000007)
    .ARM.Collect$$libshutdown$$0000000A      0x08000226   Section        0  libshutdown2.o(.ARM.Collect$$libshutdown$$0000000A)
    .ARM.Collect$$libshutdown$$0000000C      0x08000226   Section        0  libshutdown2.o(.ARM.Collect$$libshutdown$$0000000C)
    .ARM.Collect$$libshutdown$$0000000F      0x08000226   Section        0  libshutdown2.o(.ARM.Collect$$libshutdown$$0000000F)
    .ARM.Collect$$libshutdown$$00000010      0x08000226   Section        2  libshutdown2.o(.ARM.Collect$$libshutdown$$00000010)
    .ARM.Collect$$rtentry$$00000000          0x08000228   Section        0  __rtentry.o(.ARM.Collect$$rtentry$$00000000)
    .ARM.Collect$$rtentry$$00000002          0x08000228   Section        0  __rtentry2.o(.ARM.Collect$$rtentry$$00000002)
    .ARM.Collect$$rtentry$$00000004          0x08000228   Section        6  __rtentry4.o(.ARM.Collect$$rtentry$$00000004)
    .ARM.Collect$$rtentry$$00000009          0x0800022e   Section        0  __rtentry2.o(.ARM.Collect$$rtentry$$00000009)
    .ARM.Collect$$rtentry$$0000000A          0x0800022e   Section        4  __rtentry2.o(.ARM.Collect$$rtentry$$0000000A)
    .ARM.Collect$$rtentry$$0000000C          0x08000232   Section        0  __rtentry2.o(.ARM.Collect$$rtentry$$0000000C)
    .ARM.Collect$$rtentry$$0000000D          0x08000232   Section        8  __rtentry2.o(.ARM.Collect$$rtentry$$0000000D)
    .ARM.Collect$$rtexit$$00000000           0x0800023a   Section        2  rtexit.o(.ARM.Collect$$rtexit$$00000000)
    .ARM.Collect$$rtexit$$00000002           0x0800023c   Section        0  rtexit2.o(.ARM.Collect$$rtexit$$00000002)
    .ARM.Collect$$rtexit$$00000003           0x0800023c   Section        4  rtexit2.o(.ARM.Collect$$rtexit$$00000003)
    .ARM.Collect$$rtexit$$00000004           0x08000240   Section        6  rtexit2.o(.ARM.Collect$$rtexit$$00000004)
    $v0                                      0x08000248   Number         0  startup_ht32f493x5.o(.text)
    .text                                    0x08000248   Section       64  startup_ht32f493x5.o(.text)
    .text                                    0x08000288   Section        2  use_no_semi_2.o(.text)
    .text                                    0x0800028a   Section        0  heapauxi.o(.text)
    .text                                    0x08000290   Section        2  use_no_semi.o(.text)
    .text                                    0x08000292   Section       74  sys_stackheap_outer.o(.text)
    .text                                    0x080002dc   Section        0  exit.o(.text)
    .text                                    0x080002f0   Section        8  libspace.o(.text)
    [Anonymous Symbol]                       0x080002f8   Section        0  ht32f493x5_int.o(.text.BusFault_Handler)
    [Anonymous Symbol]                       0x080002fc   Section        0  ht32f493x5_int.o(.text.DebugMon_Handler)
    [Anonymous Symbol]                       0x08000300   Section        0  ht32f493x5_int.o(.text.HardFault_Handler)
    [Anonymous Symbol]                       0x08000304   Section        0  ht32f493x5_int.o(.text.MemManage_Handler)
    [Anonymous Symbol]                       0x08000308   Section        0  ht32f493x5_int.o(.text.NMI_Handler)
    [Anonymous Symbol]                       0x0800030c   Section        0  ht32f493x5_int.o(.text.PendSV_Handler)
    [Anonymous Symbol]                       0x08000310   Section        0  ht32f493x5_int.o(.text.SVC_Handler)
    [Anonymous Symbol]                       0x08000314   Section        0  ht32f493x5_int.o(.text.SysTick_Handler)
    [Anonymous Symbol]                       0x08000318   Section        0  system_ht32f493x5.o(.text.SystemInit)
    [Anonymous Symbol]                       0x08000374   Section        0  ht32f493x5_int.o(.text.UsageFault_Handler)
    [Anonymous Symbol]                       0x08000378   Section        0  ht32f493x5_board.o(.text._sys_exit)
    [Anonymous Symbol]                       0x0800037c   Section        0  ht32f493x5_crm.o(.text.crm_ahb_div_set)
    [Anonymous Symbol]                       0x08000398   Section        0  ht32f493x5_crm.o(.text.crm_apb1_div_set)
    [Anonymous Symbol]                       0x080003b4   Section        0  ht32f493x5_crm.o(.text.crm_apb2_div_set)
    [Anonymous Symbol]                       0x080003d0   Section        0  ht32f493x5_crm.o(.text.crm_auto_step_mode_enable)
    [Anonymous Symbol]                       0x080003e8   Section        0  ht32f493x5_crm.o(.text.crm_clock_source_enable)
    [Anonymous Symbol]                       0x08000464   Section        0  ht32f493x5_crm.o(.text.crm_clocks_freq_get)
    crm_clocks_freq_get.sclk_ahb_div_table   0x08000548   Number         0  ht32f493x5_crm.o(.text.crm_clocks_freq_get)
    crm_clocks_freq_get.adc_div_table        0x08000558   Number         0  ht32f493x5_crm.o(.text.crm_clocks_freq_get)
    [Anonymous Symbol]                       0x08000560   Section        0  ht32f493x5_crm.o(.text.crm_flag_get)
    [Anonymous Symbol]                       0x0800057c   Section        0  ht32f493x5_crm.o(.text.crm_hext_clock_div_set)
    [Anonymous Symbol]                       0x08000598   Section        0  ht32f493x5_crm.o(.text.crm_hext_stable_wait)
    [Anonymous Symbol]                       0x080005bc   Section        0  ht32f493x5_crm.o(.text.crm_periph_clock_enable)
    [Anonymous Symbol]                       0x080005e4   Section        0  ht32f493x5_crm.o(.text.crm_pll_config)
    [Anonymous Symbol]                       0x08000654   Section        0  ht32f493x5_crm.o(.text.crm_reset)
    [Anonymous Symbol]                       0x08000698   Section        0  ht32f493x5_crm.o(.text.crm_sysclk_switch)
    [Anonymous Symbol]                       0x080006d4   Section        0  ht32f493x5_crm.o(.text.crm_sysclk_switch_status_get)
    [Anonymous Symbol]                       0x080006e4   Section        0  ht32f493x5_board.o(.text.delay_sec)
    [Anonymous Symbol]                       0x080007a0   Section        0  ht32f493x5_gpio.o(.text.gpio_default_para_init)
    [Anonymous Symbol]                       0x080007b4   Section        0  ht32f493x5_gpio.o(.text.gpio_init)
    [Anonymous Symbol]                       0x08000874   Section        0  ht32f493x5_board.o(.text.ht32_board_init)
    [Anonymous Symbol]                       0x08000988   Section        0  ht32f493x5_board.o(.text.ht32_led_toggle)
    [Anonymous Symbol]                       0x080009b4   Section        0  main.o(.text.main)
    [Anonymous Symbol]                       0x08000b58   Section        0  ht32f493x5_clock.o(.text.system_clock_config)
    [Anonymous Symbol]                       0x08000bc8   Section        0  system_ht32f493x5.o(.text.system_core_clock_update)
    system_core_clock_update.sys_ahb_div_table 0x08000c70   Number         0  system_ht32f493x5.o(.text.system_core_clock_update)
    [Anonymous Symbol]                       0x08000c80   Section        0  ht32f493x5_misc.o(.text.systick_clock_source_config)
    [Anonymous Symbol]                       0x08000c98   Section        0  main.o(.text.usart_configuration)
    [Anonymous Symbol]                       0x08000d94   Section        0  ht32f493x5_usart.o(.text.usart_data_receive)
    [Anonymous Symbol]                       0x08000d9c   Section        0  ht32f493x5_usart.o(.text.usart_data_transmit)
    [Anonymous Symbol]                       0x08000da4   Section        0  ht32f493x5_usart.o(.text.usart_enable)
    [Anonymous Symbol]                       0x08000db8   Section        0  ht32f493x5_usart.o(.text.usart_flag_get)
    [Anonymous Symbol]                       0x08000dc4   Section        0  ht32f493x5_usart.o(.text.usart_init)
    [Anonymous Symbol]                       0x08000e74   Section        0  ht32f493x5_usart.o(.text.usart_parity_selection_config)
    [Anonymous Symbol]                       0x08000eb0   Section        0  ht32f493x5_usart.o(.text.usart_receiver_enable)
    [Anonymous Symbol]                       0x08000ec4   Section        0  ht32f493x5_usart.o(.text.usart_transmitter_enable)
    $v0                                      0x08000ed6   Number         0  fpinit.o(x$fpl$fpinit)
    x$fpl$fpinit                             0x08000ed6   Section       26  fpinit.o(x$fpl$fpinit)
    crm_clocks_freq_get.ahb_apb2_div_table   0x08000ef0   Data           8  ht32f493x5_crm.o(.rodata.cst8)
    [Anonymous Symbol]                       0x08000ef0   Section        0  ht32f493x5_crm.o(.rodata.cst8)
    .bss                                     0x200000a8   Section       96  libspace.o(.bss)
    fac_ms                                   0x20000108   Data           4  ht32f493x5_board.o(.bss.fac_ms)
    [Anonymous Symbol]                       0x20000108   Section        0  ht32f493x5_board.o(.bss.fac_ms)
    fac_us                                   0x2000010c   Data           4  ht32f493x5_board.o(.bss.fac_us)
    [Anonymous Symbol]                       0x2000010c   Section        0  ht32f493x5_board.o(.bss.fac_us)
    Heap_Mem                                 0x20000190   Data         512  startup_ht32f493x5.o(HEAP)
    HEAP                                     0x20000190   Section      512  startup_ht32f493x5.o(HEAP)
    Stack_Mem                                0x20000390   Data        1024  startup_ht32f493x5.o(STACK)
    STACK                                    0x20000390   Section     1024  startup_ht32f493x5.o(STACK)
    __initial_sp                             0x20000790   Data           0  startup_ht32f493x5.o(STACK)

    Global Symbols

    Symbol Name                              Value     Ov Type        Size  Object(Section)

    BuildAttributes$$THM_ISAv4$E$P$D$K$B$S$7EM$VFPi3$EXTD16$VFPS$VFMA$PE$A:L22UL41UL21$X:L11$S22US41US21$IEEE1$IW$~IW$USESV6$~STKCKD$USESV7$~SHL$OTIME$ROPI$EBA8$UX$STANDARDLIB$REQ8$PRES8$EABIv2 0x00000000   Number         0  anon$$obj.o ABSOLUTE
    __ARM_exceptions_init                     - Undefined Weak Reference
    __alloca_initialize                       - Undefined Weak Reference
    __arm_preinit_                            - Undefined Weak Reference
    __arm_relocate_pie_                       - Undefined Weak Reference
    __cpp_initialize__aeabi_                  - Undefined Weak Reference
    __cxa_finalize                            - Undefined Weak Reference
    __rt_locale                               - Undefined Weak Reference
    __sigvec_lookup                           - Undefined Weak Reference
    _atexit_init                              - Undefined Weak Reference
    _call_atexit_fns                          - Undefined Weak Reference
    _clock_init                               - Undefined Weak Reference
    _fp_trap_init                             - Undefined Weak Reference
    _fp_trap_shutdown                         - Undefined Weak Reference
    _get_lc_collate                           - Undefined Weak Reference
    _get_lc_ctype                             - Undefined Weak Reference
    _get_lc_monetary                          - Undefined Weak Reference
    _get_lc_numeric                           - Undefined Weak Reference
    _get_lc_time                              - Undefined Weak Reference
    _getenv_init                              - Undefined Weak Reference
    _handle_redirection                       - Undefined Weak Reference
    _init_alloc                               - Undefined Weak Reference
    _init_user_alloc                          - Undefined Weak Reference
    _initio                                   - Undefined Weak Reference
    _rand_init                                - Undefined Weak Reference
    _signal_finish                            - Undefined Weak Reference
    _signal_init                              - Undefined Weak Reference
    _terminate_alloc                          - Undefined Weak Reference
    _terminate_user_alloc                     - Undefined Weak Reference
    _terminateio                              - Undefined Weak Reference
    __Vectors_Size                           0x0000017c   Number         0  startup_ht32f493x5.o ABSOLUTE
    __Vectors                                0x08000000   Data           0  startup_ht32f493x5.o(RESET)
    __Vectors_End                            0x0800017c   Data           0  startup_ht32f493x5.o(RESET)
    __main                                   0x0800017d   Thumb Code     8  __main.o(!!!main)
    __scatterload                            0x08000185   Thumb Code     0  __scatter.o(!!!scatter)
    __scatterload_rt2                        0x08000185   Thumb Code    84  __scatter.o(!!!scatter)
    __scatterload_rt2_thumb_only             0x08000185   Thumb Code     0  __scatter.o(!!!scatter)
    __scatterload_loop                       0x0800018f   Thumb Code     0  __scatter.o(!!!scatter)
    __scatterload_copy                       0x080001e1   Thumb Code    26  __scatter_copy.o(!!handler_copy)
    __scatterload_null                       0x080001fd   Thumb Code     2  __scatter.o(!!handler_null)
    __scatterload_zeroinit                   0x08000201   Thumb Code    28  __scatter_zi.o(!!handler_zi)
    __rt_lib_init                            0x0800021d   Thumb Code     0  libinit.o(.ARM.Collect$$libinit$$00000000)
    __rt_lib_init_fp_1                       0x0800021f   Thumb Code     0  libinit2.o(.ARM.Collect$$libinit$$00000001)
    __rt_lib_init_alloca_1                   0x08000223   Thumb Code     0  libinit2.o(.ARM.Collect$$libinit$$00000030)
    __rt_lib_init_argv_1                     0x08000223   Thumb Code     0  libinit2.o(.ARM.Collect$$libinit$$0000002E)
    __rt_lib_init_atexit_1                   0x08000223   Thumb Code     0  libinit2.o(.ARM.Collect$$libinit$$0000001D)
    __rt_lib_init_clock_1                    0x08000223   Thumb Code     0  libinit2.o(.ARM.Collect$$libinit$$00000023)
    __rt_lib_init_cpp_1                      0x08000223   Thumb Code     0  libinit2.o(.ARM.Collect$$libinit$$00000034)
    __rt_lib_init_exceptions_1               0x08000223   Thumb Code     0  libinit2.o(.ARM.Collect$$libinit$$00000032)
    __rt_lib_init_fp_trap_1                  0x08000223   Thumb Code     0  libinit2.o(.ARM.Collect$$libinit$$00000021)
    __rt_lib_init_getenv_1                   0x08000223   Thumb Code     0  libinit2.o(.ARM.Collect$$libinit$$00000025)
    __rt_lib_init_heap_1                     0x08000223   Thumb Code     0  libinit2.o(.ARM.Collect$$libinit$$0000000C)
    __rt_lib_init_lc_collate_1               0x08000223   Thumb Code     0  libinit2.o(.ARM.Collect$$libinit$$00000013)
    __rt_lib_init_lc_ctype_1                 0x08000223   Thumb Code     0  libinit2.o(.ARM.Collect$$libinit$$00000015)
    __rt_lib_init_lc_monetary_1              0x08000223   Thumb Code     0  libinit2.o(.ARM.Collect$$libinit$$00000017)
    __rt_lib_init_lc_numeric_1               0x08000223   Thumb Code     0  libinit2.o(.ARM.Collect$$libinit$$00000019)
    __rt_lib_init_lc_time_1                  0x08000223   Thumb Code     0  libinit2.o(.ARM.Collect$$libinit$$0000001B)
    __rt_lib_init_preinit_1                  0x08000223   Thumb Code     0  libinit2.o(.ARM.Collect$$libinit$$00000006)
    __rt_lib_init_rand_1                     0x08000223   Thumb Code     0  libinit2.o(.ARM.Collect$$libinit$$00000010)
    __rt_lib_init_relocate_pie_1             0x08000223   Thumb Code     0  libinit2.o(.ARM.Collect$$libinit$$00000004)
    __rt_lib_init_return                     0x08000223   Thumb Code     0  libinit2.o(.ARM.Collect$$libinit$$00000035)
    __rt_lib_init_signal_1                   0x08000223   Thumb Code     0  libinit2.o(.ARM.Collect$$libinit$$0000001F)
    __rt_lib_init_stdio_1                    0x08000223   Thumb Code     0  libinit2.o(.ARM.Collect$$libinit$$00000027)
    __rt_lib_init_user_alloc_1               0x08000223   Thumb Code     0  libinit2.o(.ARM.Collect$$libinit$$0000000E)
    __rt_lib_shutdown                        0x08000225   Thumb Code     0  libshutdown.o(.ARM.Collect$$libshutdown$$00000000)
    __rt_lib_shutdown_cpp_1                  0x08000227   Thumb Code     0  libshutdown2.o(.ARM.Collect$$libshutdown$$00000002)
    __rt_lib_shutdown_fp_trap_1              0x08000227   Thumb Code     0  libshutdown2.o(.ARM.Collect$$libshutdown$$00000007)
    __rt_lib_shutdown_heap_1                 0x08000227   Thumb Code     0  libshutdown2.o(.ARM.Collect$$libshutdown$$0000000F)
    __rt_lib_shutdown_return                 0x08000227   Thumb Code     0  libshutdown2.o(.ARM.Collect$$libshutdown$$00000010)
    __rt_lib_shutdown_signal_1               0x08000227   Thumb Code     0  libshutdown2.o(.ARM.Collect$$libshutdown$$0000000A)
    __rt_lib_shutdown_stdio_1                0x08000227   Thumb Code     0  libshutdown2.o(.ARM.Collect$$libshutdown$$00000004)
    __rt_lib_shutdown_user_alloc_1           0x08000227   Thumb Code     0  libshutdown2.o(.ARM.Collect$$libshutdown$$0000000C)
    __rt_entry                               0x08000229   Thumb Code     0  __rtentry.o(.ARM.Collect$$rtentry$$00000000)
    __rt_entry_presh_1                       0x08000229   Thumb Code     0  __rtentry2.o(.ARM.Collect$$rtentry$$00000002)
    __rt_entry_sh                            0x08000229   Thumb Code     0  __rtentry4.o(.ARM.Collect$$rtentry$$00000004)
    __rt_entry_li                            0x0800022f   Thumb Code     0  __rtentry2.o(.ARM.Collect$$rtentry$$0000000A)
    __rt_entry_postsh_1                      0x0800022f   Thumb Code     0  __rtentry2.o(.ARM.Collect$$rtentry$$00000009)
    __rt_entry_main                          0x08000233   Thumb Code     0  __rtentry2.o(.ARM.Collect$$rtentry$$0000000D)
    __rt_entry_postli_1                      0x08000233   Thumb Code     0  __rtentry2.o(.ARM.Collect$$rtentry$$0000000C)
    __rt_exit                                0x0800023b   Thumb Code     0  rtexit.o(.ARM.Collect$$rtexit$$00000000)
    __rt_exit_ls                             0x0800023d   Thumb Code     0  rtexit2.o(.ARM.Collect$$rtexit$$00000003)
    __rt_exit_prels_1                        0x0800023d   Thumb Code     0  rtexit2.o(.ARM.Collect$$rtexit$$00000002)
    __rt_exit_exit                           0x08000241   Thumb Code     0  rtexit2.o(.ARM.Collect$$rtexit$$00000004)
    Reset_Handler                            0x08000249   Thumb Code     8  startup_ht32f493x5.o(.text)
    ACC_IRQHandler                           0x08000263   Thumb Code     0  startup_ht32f493x5.o(.text)
    ADC1_2_IRQHandler                        0x08000263   Thumb Code     0  startup_ht32f493x5.o(.text)
    ADC3_IRQHandler                          0x08000263   Thumb Code     0  startup_ht32f493x5.o(.text)
    CAN1_RX1_IRQHandler                      0x08000263   Thumb Code     0  startup_ht32f493x5.o(.text)
    CAN1_SE_IRQHandler                       0x08000263   Thumb Code     0  startup_ht32f493x5.o(.text)
    CAN2_RX0_IRQHandler                      0x08000263   Thumb Code     0  startup_ht32f493x5.o(.text)
    CAN2_RX1_IRQHandler                      0x08000263   Thumb Code     0  startup_ht32f493x5.o(.text)
    CAN2_SE_IRQHandler                       0x08000263   Thumb Code     0  startup_ht32f493x5.o(.text)
    CAN2_TX_IRQHandler                       0x08000263   Thumb Code     0  startup_ht32f493x5.o(.text)
    CRM_IRQHandler                           0x08000263   Thumb Code     0  startup_ht32f493x5.o(.text)
    DMA1_Channel1_IRQHandler                 0x08000263   Thumb Code     0  startup_ht32f493x5.o(.text)
    DMA1_Channel2_IRQHandler                 0x08000263   Thumb Code     0  startup_ht32f493x5.o(.text)
    DMA1_Channel3_IRQHandler                 0x08000263   Thumb Code     0  startup_ht32f493x5.o(.text)
    DMA1_Channel4_IRQHandler                 0x08000263   Thumb Code     0  startup_ht32f493x5.o(.text)
    DMA1_Channel5_IRQHandler                 0x08000263   Thumb Code     0  startup_ht32f493x5.o(.text)
    DMA1_Channel6_IRQHandler                 0x08000263   Thumb Code     0  startup_ht32f493x5.o(.text)
    DMA1_Channel7_IRQHandler                 0x08000263   Thumb Code     0  startup_ht32f493x5.o(.text)
    DMA2_Channel1_IRQHandler                 0x08000263   Thumb Code     0  startup_ht32f493x5.o(.text)
    DMA2_Channel2_IRQHandler                 0x08000263   Thumb Code     0  startup_ht32f493x5.o(.text)
    DMA2_Channel3_IRQHandler                 0x08000263   Thumb Code     0  startup_ht32f493x5.o(.text)
    DMA2_Channel4_5_IRQHandler               0x08000263   Thumb Code     0  startup_ht32f493x5.o(.text)
    DMA2_Channel6_7_IRQHandler               0x08000263   Thumb Code     0  startup_ht32f493x5.o(.text)
    EXINT0_IRQHandler                        0x08000263   Thumb Code     0  startup_ht32f493x5.o(.text)
    EXINT15_10_IRQHandler                    0x08000263   Thumb Code     0  startup_ht32f493x5.o(.text)
    EXINT1_IRQHandler                        0x08000263   Thumb Code     0  startup_ht32f493x5.o(.text)
    EXINT2_IRQHandler                        0x08000263   Thumb Code     0  startup_ht32f493x5.o(.text)
    EXINT3_IRQHandler                        0x08000263   Thumb Code     0  startup_ht32f493x5.o(.text)
    EXINT4_IRQHandler                        0x08000263   Thumb Code     0  startup_ht32f493x5.o(.text)
    EXINT9_5_IRQHandler                      0x08000263   Thumb Code     0  startup_ht32f493x5.o(.text)
    FLASH_IRQHandler                         0x08000263   Thumb Code     0  startup_ht32f493x5.o(.text)
    I2C1_ERR_IRQHandler                      0x08000263   Thumb Code     0  startup_ht32f493x5.o(.text)
    I2C1_EVT_IRQHandler                      0x08000263   Thumb Code     0  startup_ht32f493x5.o(.text)
    I2C2_ERR_IRQHandler                      0x08000263   Thumb Code     0  startup_ht32f493x5.o(.text)
    I2C2_EVT_IRQHandler                      0x08000263   Thumb Code     0  startup_ht32f493x5.o(.text)
    I2C3_ERR_IRQHandler                      0x08000263   Thumb Code     0  startup_ht32f493x5.o(.text)
    I2C3_EVT_IRQHandler                      0x08000263   Thumb Code     0  startup_ht32f493x5.o(.text)
    PVM_IRQHandler                           0x08000263   Thumb Code     0  startup_ht32f493x5.o(.text)
    RTCAlarm_IRQHandler                      0x08000263   Thumb Code     0  startup_ht32f493x5.o(.text)
    RTC_IRQHandler                           0x08000263   Thumb Code     0  startup_ht32f493x5.o(.text)
    SDIO1_IRQHandler                         0x08000263   Thumb Code     0  startup_ht32f493x5.o(.text)
    SDIO2_IRQHandler                         0x08000263   Thumb Code     0  startup_ht32f493x5.o(.text)
    SPI1_IRQHandler                          0x08000263   Thumb Code     0  startup_ht32f493x5.o(.text)
    SPI2_I2S2EXT_IRQHandler                  0x08000263   Thumb Code     0  startup_ht32f493x5.o(.text)
    SPI3_I2S3EXT_IRQHandler                  0x08000263   Thumb Code     0  startup_ht32f493x5.o(.text)
    SPI4_IRQHandler                          0x08000263   Thumb Code     0  startup_ht32f493x5.o(.text)
    TAMPER_IRQHandler                        0x08000263   Thumb Code     0  startup_ht32f493x5.o(.text)
    TMR1_BRK_TMR9_IRQHandler                 0x08000263   Thumb Code     0  startup_ht32f493x5.o(.text)
    TMR1_CH_IRQHandler                       0x08000263   Thumb Code     0  startup_ht32f493x5.o(.text)
    TMR1_OVF_TMR10_IRQHandler                0x08000263   Thumb Code     0  startup_ht32f493x5.o(.text)
    TMR1_TRG_HALL_TMR11_IRQHandler           0x08000263   Thumb Code     0  startup_ht32f493x5.o(.text)
    TMR2_GLOBAL_IRQHandler                   0x08000263   Thumb Code     0  startup_ht32f493x5.o(.text)
    TMR3_GLOBAL_IRQHandler                   0x08000263   Thumb Code     0  startup_ht32f493x5.o(.text)
    TMR4_GLOBAL_IRQHandler                   0x08000263   Thumb Code     0  startup_ht32f493x5.o(.text)
    TMR5_GLOBAL_IRQHandler                   0x08000263   Thumb Code     0  startup_ht32f493x5.o(.text)
    TMR6_GLOBAL_IRQHandler                   0x08000263   Thumb Code     0  startup_ht32f493x5.o(.text)
    TMR7_GLOBAL_IRQHandler                   0x08000263   Thumb Code     0  startup_ht32f493x5.o(.text)
    TMR8_BRK_TMR12_IRQHandler                0x08000263   Thumb Code     0  startup_ht32f493x5.o(.text)
    TMR8_CH_IRQHandler                       0x08000263   Thumb Code     0  startup_ht32f493x5.o(.text)
    TMR8_OVF_TMR13_IRQHandler                0x08000263   Thumb Code     0  startup_ht32f493x5.o(.text)
    TMR8_TRG_HALL_TMR14_IRQHandler           0x08000263   Thumb Code     0  startup_ht32f493x5.o(.text)
    UART4_IRQHandler                         0x08000263   Thumb Code     0  startup_ht32f493x5.o(.text)
    UART5_IRQHandler                         0x08000263   Thumb Code     0  startup_ht32f493x5.o(.text)
    UART7_IRQHandler                         0x08000263   Thumb Code     0  startup_ht32f493x5.o(.text)
    UART8_IRQHandler                         0x08000263   Thumb Code     0  startup_ht32f493x5.o(.text)
    USART1_IRQHandler                        0x08000263   Thumb Code     0  startup_ht32f493x5.o(.text)
    USART2_IRQHandler                        0x08000263   Thumb Code     0  startup_ht32f493x5.o(.text)
    USART3_IRQHandler                        0x08000263   Thumb Code     0  startup_ht32f493x5.o(.text)
    USART6_IRQHandler                        0x08000263   Thumb Code     0  startup_ht32f493x5.o(.text)
    USBFSWakeUp_IRQHandler                   0x08000263   Thumb Code     0  startup_ht32f493x5.o(.text)
    USBFS_H_CAN1_TX_IRQHandler               0x08000263   Thumb Code     0  startup_ht32f493x5.o(.text)
    USBFS_L_CAN1_RX0_IRQHandler              0x08000263   Thumb Code     0  startup_ht32f493x5.o(.text)
    USBFS_MAPH_IRQHandler                    0x08000263   Thumb Code     0  startup_ht32f493x5.o(.text)
    USBFS_MAPL_IRQHandler                    0x08000263   Thumb Code     0  startup_ht32f493x5.o(.text)
    WWDT_IRQHandler                          0x08000263   Thumb Code     0  startup_ht32f493x5.o(.text)
    XMC_IRQHandler                           0x08000263   Thumb Code     0  startup_ht32f493x5.o(.text)
    __user_initial_stackheap                 0x08000265   Thumb Code     0  startup_ht32f493x5.o(.text)
    __use_no_semihosting                     0x08000289   Thumb Code     2  use_no_semi_2.o(.text)
    __use_two_region_memory                  0x0800028b   Thumb Code     2  heapauxi.o(.text)
    __rt_heap_escrow$2region                 0x0800028d   Thumb Code     2  heapauxi.o(.text)
    __rt_heap_expand$2region                 0x0800028f   Thumb Code     2  heapauxi.o(.text)
    __I$use$semihosting                      0x08000291   Thumb Code     0  use_no_semi.o(.text)
    __use_no_semihosting_swi                 0x08000291   Thumb Code     2  use_no_semi.o(.text)
    __user_setup_stackheap                   0x08000293   Thumb Code    74  sys_stackheap_outer.o(.text)
    exit                                     0x080002dd   Thumb Code    18  exit.o(.text)
    __user_libspace                          0x080002f1   Thumb Code     8  libspace.o(.text)
    __user_perproc_libspace                  0x080002f1   Thumb Code     0  libspace.o(.text)
    __user_perthread_libspace                0x080002f1   Thumb Code     0  libspace.o(.text)
    BusFault_Handler                         0x080002f9   Thumb Code     2  ht32f493x5_int.o(.text.BusFault_Handler)
    DebugMon_Handler                         0x080002fd   Thumb Code     2  ht32f493x5_int.o(.text.DebugMon_Handler)
    HardFault_Handler                        0x08000301   Thumb Code     2  ht32f493x5_int.o(.text.HardFault_Handler)
    MemManage_Handler                        0x08000305   Thumb Code     2  ht32f493x5_int.o(.text.MemManage_Handler)
    NMI_Handler                              0x08000309   Thumb Code     2  ht32f493x5_int.o(.text.NMI_Handler)
    PendSV_Handler                           0x0800030d   Thumb Code     2  ht32f493x5_int.o(.text.PendSV_Handler)
    SVC_Handler                              0x08000311   Thumb Code     2  ht32f493x5_int.o(.text.SVC_Handler)
    SysTick_Handler                          0x08000315   Thumb Code     2  ht32f493x5_int.o(.text.SysTick_Handler)
    SystemInit                               0x08000319   Thumb Code    92  system_ht32f493x5.o(.text.SystemInit)
    UsageFault_Handler                       0x08000375   Thumb Code     2  ht32f493x5_int.o(.text.UsageFault_Handler)
    _sys_exit                                0x08000379   Thumb Code     2  ht32f493x5_board.o(.text._sys_exit)
    crm_ahb_div_set                          0x0800037d   Thumb Code    26  ht32f493x5_crm.o(.text.crm_ahb_div_set)
    crm_apb1_div_set                         0x08000399   Thumb Code    26  ht32f493x5_crm.o(.text.crm_apb1_div_set)
    crm_apb2_div_set                         0x080003b5   Thumb Code    26  ht32f493x5_crm.o(.text.crm_apb2_div_set)
    crm_auto_step_mode_enable                0x080003d1   Thumb Code    24  ht32f493x5_crm.o(.text.crm_auto_step_mode_enable)
    crm_clock_source_enable                  0x080003e9   Thumb Code   122  ht32f493x5_crm.o(.text.crm_clock_source_enable)
    crm_clocks_freq_get                      0x08000465   Thumb Code   228  ht32f493x5_crm.o(.text.crm_clocks_freq_get)
    crm_flag_get                             0x08000561   Thumb Code    26  ht32f493x5_crm.o(.text.crm_flag_get)
    crm_hext_clock_div_set                   0x0800057d   Thumb Code    26  ht32f493x5_crm.o(.text.crm_hext_clock_div_set)
    crm_hext_stable_wait                     0x08000599   Thumb Code    36  ht32f493x5_crm.o(.text.crm_hext_stable_wait)
    crm_periph_clock_enable                  0x080005bd   Thumb Code    40  ht32f493x5_crm.o(.text.crm_periph_clock_enable)
    crm_pll_config                           0x080005e5   Thumb Code   110  ht32f493x5_crm.o(.text.crm_pll_config)
    crm_reset                                0x08000655   Thumb Code    68  ht32f493x5_crm.o(.text.crm_reset)
    crm_sysclk_switch                        0x08000699   Thumb Code    58  ht32f493x5_crm.o(.text.crm_sysclk_switch)
    crm_sysclk_switch_status_get             0x080006d5   Thumb Code    16  ht32f493x5_crm.o(.text.crm_sysclk_switch_status_get)
    delay_sec                                0x080006e5   Thumb Code   186  ht32f493x5_board.o(.text.delay_sec)
    gpio_default_para_init                   0x080007a1   Thumb Code    18  ht32f493x5_gpio.o(.text.gpio_default_para_init)
    gpio_init                                0x080007b5   Thumb Code   190  ht32f493x5_gpio.o(.text.gpio_init)
    ht32_board_init                          0x08000875   Thumb Code   276  ht32f493x5_board.o(.text.ht32_board_init)
    ht32_led_toggle                          0x08000989   Thumb Code    42  ht32f493x5_board.o(.text.ht32_led_toggle)
    main                                     0x080009b5   Thumb Code   420  main.o(.text.main)
    system_clock_config                      0x08000b59   Thumb Code   110  ht32f493x5_clock.o(.text.system_clock_config)
    system_core_clock_update                 0x08000bc9   Thumb Code   168  system_ht32f493x5.o(.text.system_core_clock_update)
    systick_clock_source_config              0x08000c81   Thumb Code    24  ht32f493x5_misc.o(.text.systick_clock_source_config)
    usart_configuration                      0x08000c99   Thumb Code   252  main.o(.text.usart_configuration)
    usart_data_receive                       0x08000d95   Thumb Code     6  ht32f493x5_usart.o(.text.usart_data_receive)
    usart_data_transmit                      0x08000d9d   Thumb Code     8  ht32f493x5_usart.o(.text.usart_data_transmit)
    usart_enable                             0x08000da5   Thumb Code    18  ht32f493x5_usart.o(.text.usart_enable)
    usart_flag_get                           0x08000db9   Thumb Code    10  ht32f493x5_usart.o(.text.usart_flag_get)
    usart_init                               0x08000dc5   Thumb Code   176  ht32f493x5_usart.o(.text.usart_init)
    usart_parity_selection_config            0x08000e75   Thumb Code    58  ht32f493x5_usart.o(.text.usart_parity_selection_config)
    usart_receiver_enable                    0x08000eb1   Thumb Code    18  ht32f493x5_usart.o(.text.usart_receiver_enable)
    usart_transmitter_enable                 0x08000ec5   Thumb Code    18  ht32f493x5_usart.o(.text.usart_transmitter_enable)
    _fp_init                                 0x08000ed7   Thumb Code    26  fpinit.o(x$fpl$fpinit)
    __fplib_config_fpu_vfp                   0x08000eef   Thumb Code     0  fpinit.o(x$fpl$fpinit)
    __fplib_config_pureend_doubles           0x08000eef   Thumb Code     0  fpinit.o(x$fpl$fpinit)
    Region$$Table$$Base                      0x08000ef8   Number         0  anon$$obj.o(Region$$Table)
    Region$$Table$$Limit                     0x08000f18   Number         0  anon$$obj.o(Region$$Table)
    led_gpio_crm_clk                         0x20000000   Data          12  ht32f493x5_board.o(.data.led_gpio_crm_clk)
    led_gpio_pin                             0x2000000c   Data           6  ht32f493x5_board.o(.data.led_gpio_pin)
    led_gpio_port                            0x20000014   Data          12  ht32f493x5_board.o(.data.led_gpio_port)
    system_core_clock                        0x20000020   Data           4  system_ht32f493x5.o(.data.system_core_clock)
    usart2_tx_buffer                         0x20000024   Data          62  main.o(.data.usart2_tx_buffer)
    usart2_tx_buffer_size                    0x20000062   Data           1  main.o(.data.usart2_tx_buffer_size)
    usart3_tx_buffer                         0x20000063   Data          62  main.o(.data.usart3_tx_buffer)
    usart3_tx_buffer_size                    0x200000a1   Data           1  main.o(.data.usart3_tx_buffer_size)
    __libspace_start                         0x200000a8   Data          96  libspace.o(.bss)
    __temporary_stack_top$libspace           0x20000108   Data           0  libspace.o(.bss)
    usart2_rx_buffer                         0x20000110   Data          61  main.o(.bss.usart2_rx_buffer)
    usart2_rx_counter                        0x2000014d   Data           1  main.o(.bss.usart2_rx_counter)
    usart2_tx_counter                        0x2000014e   Data           1  main.o(.bss.usart2_tx_counter)
    usart3_rx_buffer                         0x2000014f   Data          61  main.o(.bss.usart3_rx_buffer)
    usart3_rx_counter                        0x2000018c   Data           1  main.o(.bss.usart3_rx_counter)
    usart3_tx_counter                        0x2000018d   Data           1  main.o(.bss.usart3_tx_counter)



==============================================================================

Memory Map of the image

  Image Entry point : 0x0800017d

  Load Region LR_IROM1 (Base: 0x08000000, Size: 0x00000fc0, Max: 0x00100000, ABSOLUTE)

    Execution Region ER_IROM1 (Exec base: 0x08000000, Load base: 0x08000000, Size: 0x00000f18, Max: 0x00100000, ABSOLUTE)

    Exec Addr    Load Addr    Size         Type   Attr      Idx    E Section Name        Object

    0x08000000   0x08000000   0x0000017c   Data   RO          344    RESET               startup_ht32f493x5.o
    0x0800017c   0x0800017c   0x00000008   Code   RO          357  * !!!main             c_w.l(__main.o)
    0x08000184   0x08000184   0x0000005c   Code   RO          514    !!!scatter          c_w.l(__scatter.o)
    0x080001e0   0x080001e0   0x0000001a   Code   RO          518    !!handler_copy      c_w.l(__scatter_copy.o)
    0x080001fa   0x080001fa   0x00000002   PAD
    0x080001fc   0x080001fc   0x00000002   Code   RO          515    !!handler_null      c_w.l(__scatter.o)
    0x080001fe   0x080001fe   0x00000002   PAD
    0x08000200   0x08000200   0x0000001c   Code   RO          520    !!handler_zi        c_w.l(__scatter_zi.o)
    0x0800021c   0x0800021c   0x00000002   Code   RO          386    .ARM.Collect$$libinit$$00000000  c_w.l(libinit.o)
    0x0800021e   0x0800021e   0x00000004   Code   RO          392    .ARM.Collect$$libinit$$00000001  c_w.l(libinit2.o)
    0x08000222   0x08000222   0x00000000   Code   RO          395    .ARM.Collect$$libinit$$00000004  c_w.l(libinit2.o)
    0x08000222   0x08000222   0x00000000   Code   RO          397    .ARM.Collect$$libinit$$00000006  c_w.l(libinit2.o)
    0x08000222   0x08000222   0x00000000   Code   RO          400    .ARM.Collect$$libinit$$0000000C  c_w.l(libinit2.o)
    0x08000222   0x08000222   0x00000000   Code   RO          402    .ARM.Collect$$libinit$$0000000E  c_w.l(libinit2.o)
    0x08000222   0x08000222   0x00000000   Code   RO          404    .ARM.Collect$$libinit$$00000010  c_w.l(libinit2.o)
    0x08000222   0x08000222   0x00000000   Code   RO          407    .ARM.Collect$$libinit$$00000013  c_w.l(libinit2.o)
    0x08000222   0x08000222   0x00000000   Code   RO          409    .ARM.Collect$$libinit$$00000015  c_w.l(libinit2.o)
    0x08000222   0x08000222   0x00000000   Code   RO          411    .ARM.Collect$$libinit$$00000017  c_w.l(libinit2.o)
    0x08000222   0x08000222   0x00000000   Code   RO          413    .ARM.Collect$$libinit$$00000019  c_w.l(libinit2.o)
    0x08000222   0x08000222   0x00000000   Code   RO          415    .ARM.Collect$$libinit$$0000001B  c_w.l(libinit2.o)
    0x08000222   0x08000222   0x00000000   Code   RO          417    .ARM.Collect$$libinit$$0000001D  c_w.l(libinit2.o)
    0x08000222   0x08000222   0x00000000   Code   RO          419    .ARM.Collect$$libinit$$0000001F  c_w.l(libinit2.o)
    0x08000222   0x08000222   0x00000000   Code   RO          421    .ARM.Collect$$libinit$$00000021  c_w.l(libinit2.o)
    0x08000222   0x08000222   0x00000000   Code   RO          423    .ARM.Collect$$libinit$$00000023  c_w.l(libinit2.o)
    0x08000222   0x08000222   0x00000000   Code   RO          425    .ARM.Collect$$libinit$$00000025  c_w.l(libinit2.o)
    0x08000222   0x08000222   0x00000000   Code   RO          427    .ARM.Collect$$libinit$$00000027  c_w.l(libinit2.o)
    0x08000222   0x08000222   0x00000000   Code   RO          431    .ARM.Collect$$libinit$$0000002E  c_w.l(libinit2.o)
    0x08000222   0x08000222   0x00000000   Code   RO          433    .ARM.Collect$$libinit$$00000030  c_w.l(libinit2.o)
    0x08000222   0x08000222   0x00000000   Code   RO          435    .ARM.Collect$$libinit$$00000032  c_w.l(libinit2.o)
    0x08000222   0x08000222   0x00000000   Code   RO          437    .ARM.Collect$$libinit$$00000034  c_w.l(libinit2.o)
    0x08000222   0x08000222   0x00000002   Code   RO          438    .ARM.Collect$$libinit$$00000035  c_w.l(libinit2.o)
    0x08000224   0x08000224   0x00000002   Code   RO          456    .ARM.Collect$$libshutdown$$00000000  c_w.l(libshutdown.o)
    0x08000226   0x08000226   0x00000000   Code   RO          468    .ARM.Collect$$libshutdown$$00000002  c_w.l(libshutdown2.o)
    0x08000226   0x08000226   0x00000000   Code   RO          470    .ARM.Collect$$libshutdown$$00000004  c_w.l(libshutdown2.o)
    0x08000226   0x08000226   0x00000000   Code   RO          473    .ARM.Collect$$libshutdown$$00000007  c_w.l(libshutdown2.o)
    0x08000226   0x08000226   0x00000000   Code   RO          476    .ARM.Collect$$libshutdown$$0000000A  c_w.l(libshutdown2.o)
    0x08000226   0x08000226   0x00000000   Code   RO          478    .ARM.Collect$$libshutdown$$0000000C  c_w.l(libshutdown2.o)
    0x08000226   0x08000226   0x00000000   Code   RO          481    .ARM.Collect$$libshutdown$$0000000F  c_w.l(libshutdown2.o)
    0x08000226   0x08000226   0x00000002   Code   RO          482    .ARM.Collect$$libshutdown$$00000010  c_w.l(libshutdown2.o)
    0x08000228   0x08000228   0x00000000   Code   RO          361    .ARM.Collect$$rtentry$$00000000  c_w.l(__rtentry.o)
    0x08000228   0x08000228   0x00000000   Code   RO          363    .ARM.Collect$$rtentry$$00000002  c_w.l(__rtentry2.o)
    0x08000228   0x08000228   0x00000006   Code   RO          375    .ARM.Collect$$rtentry$$00000004  c_w.l(__rtentry4.o)
    0x0800022e   0x0800022e   0x00000000   Code   RO          365    .ARM.Collect$$rtentry$$00000009  c_w.l(__rtentry2.o)
    0x0800022e   0x0800022e   0x00000004   Code   RO          366    .ARM.Collect$$rtentry$$0000000A  c_w.l(__rtentry2.o)
    0x08000232   0x08000232   0x00000000   Code   RO          368    .ARM.Collect$$rtentry$$0000000C  c_w.l(__rtentry2.o)
    0x08000232   0x08000232   0x00000008   Code   RO          369    .ARM.Collect$$rtentry$$0000000D  c_w.l(__rtentry2.o)
    0x0800023a   0x0800023a   0x00000002   Code   RO          390    .ARM.Collect$$rtexit$$00000000  c_w.l(rtexit.o)
    0x0800023c   0x0800023c   0x00000000   Code   RO          440    .ARM.Collect$$rtexit$$00000002  c_w.l(rtexit2.o)
    0x0800023c   0x0800023c   0x00000004   Code   RO          441    .ARM.Collect$$rtexit$$00000003  c_w.l(rtexit2.o)
    0x08000240   0x08000240   0x00000006   Code   RO          442    .ARM.Collect$$rtexit$$00000004  c_w.l(rtexit2.o)
    0x08000246   0x08000246   0x00000002   PAD
    0x08000248   0x08000248   0x00000040   Code   RO          345    .text               startup_ht32f493x5.o
    0x08000288   0x08000288   0x00000002   Code   RO          353    .text               c_w.l(use_no_semi_2.o)
    0x0800028a   0x0800028a   0x00000006   Code   RO          355    .text               c_w.l(heapauxi.o)
    0x08000290   0x08000290   0x00000002   Code   RO          359    .text               c_w.l(use_no_semi.o)
    0x08000292   0x08000292   0x0000004a   Code   RO          377    .text               c_w.l(sys_stackheap_outer.o)
    0x080002dc   0x080002dc   0x00000012   Code   RO          379    .text               c_w.l(exit.o)
    0x080002ee   0x080002ee   0x00000002   PAD
    0x080002f0   0x080002f0   0x00000008   Code   RO          387    .text               c_w.l(libspace.o)
    0x080002f8   0x080002f8   0x00000002   Code   RO           16    .text.BusFault_Handler  ht32f493x5_int.o
    0x080002fa   0x080002fa   0x00000002   PAD
    0x080002fc   0x080002fc   0x00000002   Code   RO           22    .text.DebugMon_Handler  ht32f493x5_int.o
    0x080002fe   0x080002fe   0x00000002   PAD
    0x08000300   0x08000300   0x00000002   Code   RO           12    .text.HardFault_Handler  ht32f493x5_int.o
    0x08000302   0x08000302   0x00000002   PAD
    0x08000304   0x08000304   0x00000002   Code   RO           14    .text.MemManage_Handler  ht32f493x5_int.o
    0x08000306   0x08000306   0x00000002   PAD
    0x08000308   0x08000308   0x00000002   Code   RO           10    .text.NMI_Handler   ht32f493x5_int.o
    0x0800030a   0x0800030a   0x00000002   PAD
    0x0800030c   0x0800030c   0x00000002   Code   RO           24    .text.PendSV_Handler  ht32f493x5_int.o
    0x0800030e   0x0800030e   0x00000002   PAD
    0x08000310   0x08000310   0x00000002   Code   RO           20    .text.SVC_Handler   ht32f493x5_int.o
    0x08000312   0x08000312   0x00000002   PAD
    0x08000314   0x08000314   0x00000002   Code   RO           26    .text.SysTick_Handler  ht32f493x5_int.o
    0x08000316   0x08000316   0x00000002   PAD
    0x08000318   0x08000318   0x0000005c   Code   RO          330    .text.SystemInit    system_ht32f493x5.o
    0x08000374   0x08000374   0x00000002   Code   RO           18    .text.UsageFault_Handler  ht32f493x5_int.o
    0x08000376   0x08000376   0x00000002   PAD
    0x08000378   0x08000378   0x00000002   Code   RO           60    .text._sys_exit     ht32f493x5_board.o
    0x0800037a   0x0800037a   0x00000002   PAD
    0x0800037c   0x0800037c   0x0000001a   Code   RO          187    .text.crm_ahb_div_set  ht32f493x5_crm.o
    0x08000396   0x08000396   0x00000002   PAD
    0x08000398   0x08000398   0x0000001a   Code   RO          189    .text.crm_apb1_div_set  ht32f493x5_crm.o
    0x080003b2   0x080003b2   0x00000002   PAD
    0x080003b4   0x080003b4   0x0000001a   Code   RO          191    .text.crm_apb2_div_set  ht32f493x5_crm.o
    0x080003ce   0x080003ce   0x00000002   PAD
    0x080003d0   0x080003d0   0x00000018   Code   RO          213    .text.crm_auto_step_mode_enable  ht32f493x5_crm.o
    0x080003e8   0x080003e8   0x0000007a   Code   RO          179    .text.crm_clock_source_enable  ht32f493x5_crm.o
    0x08000462   0x08000462   0x00000002   PAD
    0x08000464   0x08000464   0x000000fc   Code   RO          207    .text.crm_clocks_freq_get  ht32f493x5_crm.o
    0x08000560   0x08000560   0x0000001a   Code   RO          163    .text.crm_flag_get  ht32f493x5_crm.o
    0x0800057a   0x0800057a   0x00000002   PAD
    0x0800057c   0x0800057c   0x0000001a   Code   RO          225    .text.crm_hext_clock_div_set  ht32f493x5_crm.o
    0x08000596   0x08000596   0x00000002   PAD
    0x08000598   0x08000598   0x00000024   Code   RO          167    .text.crm_hext_stable_wait  ht32f493x5_crm.o
    0x080005bc   0x080005bc   0x00000028   Code   RO          173    .text.crm_periph_clock_enable  ht32f493x5_crm.o
    0x080005e4   0x080005e4   0x0000006e   Code   RO          201    .text.crm_pll_config  ht32f493x5_crm.o
    0x08000652   0x08000652   0x00000002   PAD
    0x08000654   0x08000654   0x00000044   Code   RO          157    .text.crm_reset     ht32f493x5_crm.o
    0x08000698   0x08000698   0x0000003a   Code   RO          203    .text.crm_sysclk_switch  ht32f493x5_crm.o
    0x080006d2   0x080006d2   0x00000002   PAD
    0x080006d4   0x080006d4   0x00000010   Code   RO          205    .text.crm_sysclk_switch_status_get  ht32f493x5_crm.o
    0x080006e4   0x080006e4   0x000000ba   Code   RO           92    .text.delay_sec     ht32f493x5_board.o
    0x0800079e   0x0800079e   0x00000002   PAD
    0x080007a0   0x080007a0   0x00000012   Code   RO          117    .text.gpio_default_para_init  ht32f493x5_gpio.o
    0x080007b2   0x080007b2   0x00000002   PAD
    0x080007b4   0x080007b4   0x000000be   Code   RO          115    .text.gpio_init     ht32f493x5_gpio.o
    0x08000872   0x08000872   0x00000002   PAD
    0x08000874   0x08000874   0x00000114   Code   RO           70    .text.ht32_board_init  ht32f493x5_board.o
    0x08000988   0x08000988   0x0000002a   Code   RO           88    .text.ht32_led_toggle  ht32f493x5_board.o
    0x080009b2   0x080009b2   0x00000002   PAD
    0x080009b4   0x080009b4   0x000001a4   Code   RO           39    .text.main          main.o
    0x08000b58   0x08000b58   0x0000006e   Code   RO            2    .text.system_clock_config  ht32f493x5_clock.o
    0x08000bc6   0x08000bc6   0x00000002   PAD
    0x08000bc8   0x08000bc8   0x000000b8   Code   RO          332    .text.system_core_clock_update  system_ht32f493x5.o
    0x08000c80   0x08000c80   0x00000018   Code   RO          320    .text.systick_clock_source_config  ht32f493x5_misc.o
    0x08000c98   0x08000c98   0x000000fc   Code   RO           35    .text.usart_configuration  main.o
    0x08000d94   0x08000d94   0x00000006   Code   RO          272    .text.usart_data_receive  ht32f493x5_usart.o
    0x08000d9a   0x08000d9a   0x00000002   PAD
    0x08000d9c   0x08000d9c   0x00000008   Code   RO          270    .text.usart_data_transmit  ht32f493x5_usart.o
    0x08000da4   0x08000da4   0x00000012   Code   RO          244    .text.usart_enable  ht32f493x5_usart.o
    0x08000db6   0x08000db6   0x00000002   PAD
    0x08000db8   0x08000db8   0x0000000a   Code   RO          292    .text.usart_flag_get  ht32f493x5_usart.o
    0x08000dc2   0x08000dc2   0x00000002   PAD
    0x08000dc4   0x08000dc4   0x000000b0   Code   RO          240    .text.usart_init    ht32f493x5_usart.o
    0x08000e74   0x08000e74   0x0000003a   Code   RO          242    .text.usart_parity_selection_config  ht32f493x5_usart.o
    0x08000eae   0x08000eae   0x00000002   PAD
    0x08000eb0   0x08000eb0   0x00000012   Code   RO          248    .text.usart_receiver_enable  ht32f493x5_usart.o
    0x08000ec2   0x08000ec2   0x00000002   PAD
    0x08000ec4   0x08000ec4   0x00000012   Code   RO          246    .text.usart_transmitter_enable  ht32f493x5_usart.o
    0x08000ed6   0x08000ed6   0x0000001a   Code   RO          448    x$fpl$fpinit        fz_wm.l(fpinit.o)
    0x08000ef0   0x08000ef0   0x00000008   Data   RO          229    .rodata.cst8        ht32f493x5_crm.o
    0x08000ef8   0x08000ef8   0x00000020   Data   RO          513    Region$$Table       anon$$obj.o


    Execution Region RW_IRAM1 (Exec base: 0x20000000, Load base: 0x08000f18, Size: 0x00000790, Max: 0x00038000, ABSOLUTE)

    Exec Addr    Load Addr    Size         Type   Attr      Idx    E Section Name        Object

    0x20000000   0x08000f18   0x0000000c   Data   RW           96    .data.led_gpio_crm_clk  ht32f493x5_board.o
    0x2000000c   0x08000f24   0x00000006   Data   RW           95    .data.led_gpio_pin  ht32f493x5_board.o
    0x20000012   0x08000f2a   0x00000002   PAD
    0x20000014   0x08000f2c   0x0000000c   Data   RW           94    .data.led_gpio_port  ht32f493x5_board.o
    0x20000020   0x08000f38   0x00000004   Data   RW          334    .data.system_core_clock  system_ht32f493x5.o
    0x20000024   0x08000f3c   0x0000003e   Data   RW           41    .data.usart2_tx_buffer  main.o
    0x20000062   0x08000f7a   0x00000001   Data   RW           47    .data.usart2_tx_buffer_size  main.o
    0x20000063   0x08000f7b   0x0000003e   Data   RW           42    .data.usart3_tx_buffer  main.o
    0x200000a1   0x08000fb9   0x00000001   Data   RW           48    .data.usart3_tx_buffer_size  main.o
    0x200000a2   0x08000fba   0x00000006   PAD
    0x200000a8        -       0x00000060   Zero   RW          388    .bss                c_w.l(libspace.o)
    0x20000108        -       0x00000004   Zero   RW           99    .bss.fac_ms         ht32f493x5_board.o
    0x2000010c        -       0x00000004   Zero   RW           98    .bss.fac_us         ht32f493x5_board.o
    0x20000110        -       0x0000003d   Zero   RW           50    .bss.usart2_rx_buffer  main.o
    0x2000014d        -       0x00000001   Zero   RW           45    .bss.usart2_rx_counter  main.o
    0x2000014e        -       0x00000001   Zero   RW           43    .bss.usart2_tx_counter  main.o
    0x2000014f        -       0x0000003d   Zero   RW           49    .bss.usart3_rx_buffer  main.o
    0x2000018c        -       0x00000001   Zero   RW           46    .bss.usart3_rx_counter  main.o
    0x2000018d        -       0x00000001   Zero   RW           44    .bss.usart3_tx_counter  main.o
    0x2000018e   0x08000fba   0x00000002   PAD
    0x20000190        -       0x00000200   Zero   RW          343    HEAP                startup_ht32f493x5.o
    0x20000390        -       0x00000400   Zero   RW          342    STACK               startup_ht32f493x5.o


==============================================================================

Image component sizes


      Code (inc. data)   RO Data    RW Data    ZI Data      Debug   Object Name

       506          0          0         30          8      14392   ht32f493x5_board.o
       110          0          0          0          0       3336   ht32f493x5_clock.o
       856         34          8          0          0      22580   ht32f493x5_crm.o
       208          0          0          0          0      15292   ht32f493x5_gpio.o
        18          0          0          0          0       1070   ht32f493x5_int.o
        24          0          0          0          0       7390   ht32f493x5_misc.o
       312          0          0          0          0      11961   ht32f493x5_usart.o
       672          0          0        126        126      10181   main.o
        64         26        380          0       1536       1036   startup_ht32f493x5.o
       276         16          0          4          0       8053   system_ht32f493x5.o

    ----------------------------------------------------------------------
      3102         76        420        164       1676      95291   Object Totals
         0          0         32          0          0          0   (incl. Generated)
        56          0          0          4          6          0   (incl. Padding)

    ----------------------------------------------------------------------

      Code (inc. data)   RO Data    RW Data    ZI Data      Debug   Library Member Name

         8          0          0          0          0         68   __main.o
         0          0          0          0          0          0   __rtentry.o
        12          0          0          0          0          0   __rtentry2.o
         6          0          0          0          0          0   __rtentry4.o
        94          8          0          0          0          0   __scatter.o
        26          0          0          0          0          0   __scatter_copy.o
        28          0          0          0          0          0   __scatter_zi.o
        18          0          0          0          0         80   exit.o
         6          0          0          0          0        152   heapauxi.o
         2          0          0          0          0          0   libinit.o
         6          0          0          0          0          0   libinit2.o
         2          0          0          0          0          0   libshutdown.o
         2          0          0          0          0          0   libshutdown2.o
         8          4          0          0         96         68   libspace.o
         2          0          0          0          0          0   rtexit.o
        10          0          0          0          0          0   rtexit2.o
        74          0          0          0          0         80   sys_stackheap_outer.o
         2          0          0          0          0         68   use_no_semi.o
         2          0          0          0          0         68   use_no_semi_2.o
        26          0          0          0          0        116   fpinit.o

    ----------------------------------------------------------------------
       342         12          0          0         96        700   Library Totals
         8          0          0          0          0          0   (incl. Padding)

    ----------------------------------------------------------------------

      Code (inc. data)   RO Data    RW Data    ZI Data      Debug   Library Name

       308         12          0          0         96        584   c_w.l
        26          0          0          0          0        116   fz_wm.l

    ----------------------------------------------------------------------
       342         12          0          0         96        700   Library Totals

    ----------------------------------------------------------------------

==============================================================================


      Code (inc. data)   RO Data    RW Data    ZI Data      Debug   

      3444         88        420        164       1772      95743   Grand Totals
      3444         88        420        164       1772      95743   ELF Image Totals
      3444         88        420        164          0          0   ROM Totals

==============================================================================

    Total RO  Size (Code + RO Data)                 3864 (   3.77kB)
    Total RW  Size (RW Data + ZI Data)              1936 (   1.89kB)
    Total ROM Size (Code + RO Data + RW Data)       4028 (   3.93kB)

==============================================================================

