*** Using Compiler 'V6.24', folder: 'D:\Keil_v5\ARM\ARMCLANG\Bin'
Rebuild target 'led_toggle'
compiling main.c...
compiling ht32f493x5_exint.c...
compiling ht32f493x5_int.c...
compiling ht32f493x5_board.c...
compiling ht32f493x5_clock.c...
compiling ht32f493x5_i2c.c...
compiling ht32f493x5_misc.c...
compiling ht32f493x5_dma.c...
compiling ht32f493x5_crm.c...
compiling hm01b0.c...
compiling ht32f493x5_gpio.c...
compiling ht32f493x5_usart.c...
compiling ht32f493x5_spi.c...
compiling system_ht32f493x5.c...
assembling startup_ht32f493x5.s...
compiling i2c_application.c...
linking...
Program Size: Code=9030 RO-data=478 RW-data=36 ZI-data=40668  
FromELF: creating hex file...
".\objects\led_toggle.axf" - 0 Error(s), 0 Warning(s).
Build Time Elapsed:  00:00:01
