Component: Arm Compiler for Embedded 6.24 Tool: armlink [5f371500]

==============================================================================

Section Cross References

    ht32f493x5_clock.o(.text.system_clock_config) refers to ht32f493x5_crm.o(.text.crm_reset) for crm_reset
    ht32f493x5_clock.o(.text.system_clock_config) refers to ht32f493x5_crm.o(.text.crm_clock_source_enable) for crm_clock_source_enable
    ht32f493x5_clock.o(.text.system_clock_config) refers to ht32f493x5_crm.o(.text.crm_hext_stable_wait) for crm_hext_stable_wait
    ht32f493x5_clock.o(.text.system_clock_config) refers to ht32f493x5_crm.o(.text.crm_pll_config) for crm_pll_config
    ht32f493x5_clock.o(.text.system_clock_config) refers to ht32f493x5_crm.o(.text.crm_hext_clock_div_set) for crm_hext_clock_div_set
    ht32f493x5_clock.o(.text.system_clock_config) refers to ht32f493x5_crm.o(.text.crm_flag_get) for crm_flag_get
    ht32f493x5_clock.o(.text.system_clock_config) refers to ht32f493x5_crm.o(.text.crm_ahb_div_set) for crm_ahb_div_set
    ht32f493x5_clock.o(.text.system_clock_config) refers to ht32f493x5_crm.o(.text.crm_apb2_div_set) for crm_apb2_div_set
    ht32f493x5_clock.o(.text.system_clock_config) refers to ht32f493x5_crm.o(.text.crm_apb1_div_set) for crm_apb1_div_set
    ht32f493x5_clock.o(.text.system_clock_config) refers to ht32f493x5_crm.o(.text.crm_auto_step_mode_enable) for crm_auto_step_mode_enable
    ht32f493x5_clock.o(.text.system_clock_config) refers to ht32f493x5_crm.o(.text.crm_sysclk_switch) for crm_sysclk_switch
    ht32f493x5_clock.o(.text.system_clock_config) refers to ht32f493x5_crm.o(.text.crm_sysclk_switch_status_get) for crm_sysclk_switch_status_get
    ht32f493x5_clock.o(.text.system_clock_config) refers to system_ht32f493x5.o(.text.system_core_clock_update) for system_core_clock_update
    ht32f493x5_clock.o(.ARM.exidx.text.system_clock_config) refers to ht32f493x5_clock.o(.text.system_clock_config) for [Anonymous Symbol]
    ht32f493x5_int.o(.ARM.exidx.text.NMI_Handler) refers to ht32f493x5_int.o(.text.NMI_Handler) for [Anonymous Symbol]
    ht32f493x5_int.o(.ARM.exidx.text.HardFault_Handler) refers to ht32f493x5_int.o(.text.HardFault_Handler) for [Anonymous Symbol]
    ht32f493x5_int.o(.ARM.exidx.text.MemManage_Handler) refers to ht32f493x5_int.o(.text.MemManage_Handler) for [Anonymous Symbol]
    ht32f493x5_int.o(.ARM.exidx.text.BusFault_Handler) refers to ht32f493x5_int.o(.text.BusFault_Handler) for [Anonymous Symbol]
    ht32f493x5_int.o(.ARM.exidx.text.UsageFault_Handler) refers to ht32f493x5_int.o(.text.UsageFault_Handler) for [Anonymous Symbol]
    ht32f493x5_int.o(.ARM.exidx.text.SVC_Handler) refers to ht32f493x5_int.o(.text.SVC_Handler) for [Anonymous Symbol]
    ht32f493x5_int.o(.ARM.exidx.text.DebugMon_Handler) refers to ht32f493x5_int.o(.text.DebugMon_Handler) for [Anonymous Symbol]
    ht32f493x5_int.o(.ARM.exidx.text.PendSV_Handler) refers to ht32f493x5_int.o(.text.PendSV_Handler) for [Anonymous Symbol]
    ht32f493x5_int.o(.ARM.exidx.text.SysTick_Handler) refers to ht32f493x5_int.o(.text.SysTick_Handler) for [Anonymous Symbol]
    main.o(.text.main) refers to main.o(.bss.hm01b0_hi2c) for hm01b0_hi2c
    main.o(.text.main) refers to ht32f493x5_clock.o(.text.system_clock_config) for system_clock_config
    main.o(.text.main) refers to ht32f493x5_board.o(.text.ht32_board_init) for ht32_board_init
    main.o(.text.main) refers to ht32f493x5_board.o(.text.uart_print_init) for uart_print_init
    main.o(.text.main) refers to hm01b0.o(.text.hm01b0_init) for hm01b0_init
    main.o(.text.main) refers to ht32f493x5_board.o(.text.delay_ms) for delay_ms
    main.o(.ARM.exidx.text.main) refers to main.o(.text.main) for [Anonymous Symbol]
    hm01b0.o(.text.hm01b0_init) refers to ht32f493x5_i2c.o(.text.i2c_reset) for i2c_reset
    hm01b0.o(.text.hm01b0_init) refers to ht32f493x5_crm.o(.text.crm_periph_clock_enable) for crm_periph_clock_enable
    hm01b0.o(.text.hm01b0_init) refers to ht32f493x5_gpio.o(.text.gpio_init) for gpio_init
    hm01b0.o(.text.hm01b0_init) refers to ht32f493x5_i2c.o(.text.i2c_init) for i2c_init
    hm01b0.o(.text.hm01b0_init) refers to ht32f493x5_misc.o(.text.nvic_irq_enable) for nvic_irq_enable
    hm01b0.o(.text.hm01b0_init) refers to ht32f493x5_i2c.o(.text.i2c_enable) for i2c_enable
    hm01b0.o(.text.hm01b0_init) refers to i2c_application.o(.text.i2c_master_transmit) for i2c_master_transmit
    hm01b0.o(.ARM.exidx.text.hm01b0_init) refers to hm01b0.o(.text.hm01b0_init) for [Anonymous Symbol]
    hm01b0.o(.text.hm01b0_write_reg8) refers to i2c_application.o(.text.i2c_master_transmit) for i2c_master_transmit
    hm01b0.o(.ARM.exidx.text.hm01b0_write_reg8) refers to hm01b0.o(.text.hm01b0_write_reg8) for [Anonymous Symbol]
    hm01b0.o(.text.hm01b0_write_reg16) refers to i2c_application.o(.text.i2c_master_transmit) for i2c_master_transmit
    hm01b0.o(.ARM.exidx.text.hm01b0_write_reg16) refers to hm01b0.o(.text.hm01b0_write_reg16) for [Anonymous Symbol]
[...]
    Removing ht32f493x5_int.o(.ARM.exidx.text.SysTick_Handler), (8 bytes).
    Removing main.o(.text), (0 bytes).
    Removing main.o(.ARM.exidx.text.main), (8 bytes).
    Removing main.o(.ARM.use_no_argv), (4 bytes).
    Removing hm01b0.o(.text), (0 bytes).
    Removing hm01b0.o(.ARM.exidx.text.hm01b0_init), (8 bytes).
    Removing hm01b0.o(.text.hm01b0_write_reg8), (36 bytes).
    Removing hm01b0.o(.ARM.exidx.text.hm01b0_write_reg8), (8 bytes).
    Removing hm01b0.o(.text.hm01b0_write_reg16), (38 bytes).
    Removing hm01b0.o(.ARM.exidx.text.hm01b0_write_reg16), (8 bytes).
    Removing ht32f493x5_board.o(.text), (0 bytes).
    Removing ht32f493x5_board.o(.ARM.exidx.text._sys_exit), (8 bytes).
    Removing ht32f493x5_board.o(.text._ttywrch), (2 bytes).
    Removing ht32f493x5_board.o(.ARM.exidx.text._ttywrch), (8 bytes).
    Removing ht32f493x5_board.o(.text.fputc), (48 bytes).
    Removing ht32f493x5_board.o(.ARM.exidx.text.fputc), (8 bytes).
    Removing ht32f493x5_board.o(.text.fgetc), (32 bytes).
    Removing ht32f493x5_board.o(.ARM.exidx.text.fgetc), (8 bytes).
    Removing ht32f493x5_board.o(.ARM.exidx.text.uart_print_init), (8 bytes).
    Removing ht32f493x5_board.o(.ARM.exidx.text.ht32_board_init), (8 bytes).
    Removing ht32f493x5_board.o(.text.delay_init), (62 bytes).
    Removing ht32f493x5_board.o(.ARM.exidx.text.delay_init), (8 bytes).
    Removing ht32f493x5_board.o(.text.ht32_led_init), (78 bytes).
    Removing ht32f493x5_board.o(.ARM.exidx.text.ht32_led_init), (8 bytes).
    Removing ht32f493x5_board.o(.text.ht32_led_off), (38 bytes).
    Removing ht32f493x5_board.o(.ARM.exidx.text.ht32_led_off), (8 bytes).
    Removing ht32f493x5_board.o(.text.ht32_button_init), (56 bytes).
    Removing ht32f493x5_board.o(.ARM.exidx.text.ht32_button_init), (8 bytes).
    Removing ht32f493x5_board.o(.text.ht32_button_state), (14 bytes).
    Removing ht32f493x5_board.o(.ARM.exidx.text.ht32_button_state), (8 bytes).
    Removing ht32f493x5_board.o(.text.ht32_button_press), (138 bytes).
    Removing ht32f493x5_board.o(.ARM.exidx.text.ht32_button_press), (8 bytes).
    Removing ht32f493x5_board.o(.ARM.exidx.text.delay_ms), (8 bytes).
    Removing ht32f493x5_board.o(.text.ht32_led_on), (38 bytes).
    Removing ht32f493x5_board.o(.ARM.exidx.text.ht32_led_on), (8 bytes).
    Removing ht32f493x5_board.o(.text.ht32_led_toggle), (42 bytes).
    Removing ht32f493x5_board.o(.ARM.exidx.text.ht32_led_toggle), (8 bytes).
    Removing ht32f493x5_board.o(.text.delay_us), (60 bytes).
    Removing ht32f493x5_board.o(.ARM.exidx.text.delay_us), (8 bytes).
    Removing ht32f493x5_board.o(.text.delay_sec), (186 bytes).
    Removing ht32f493x5_board.o(.ARM.exidx.text.delay_sec), (8 bytes).
    Removing ht32f493x5_board.o(.bss.ht32_button_press.pressed), (1 bytes).
    Removing ht32f493x5_board.o(.bss.__stdout), (84 bytes).
    Removing ht32f493x5_board.o(.bss.__stdin), (84 bytes).
    Removing ht32f493x5_board.o(.bss.__stderr), (84 bytes).
    Removing ht32f493x5_crm.o(.text), (0 bytes).
    Removing ht32f493x5_crm.o(.ARM.exidx.text.crm_reset), (8 bytes).
    Removing ht32f493x5_crm.o(.text.crm_lext_bypass), (26 bytes).
    Removing ht32f493x5_crm.o(.ARM.exidx.text.crm_lext_bypass), (8 bytes).
    Removing ht32f493x5_crm.o(.text.crm_hext_bypass), (26 bytes).
    Removing ht32f493x5_crm.o(.ARM.exidx.text.crm_hext_bypass), (8 bytes).
    Removing ht32f493x5_crm.o(.ARM.exidx.text.crm_flag_get), (8 bytes).
    Removing ht32f493x5_crm.o(.text.crm_interrupt_flag_get), (164 bytes).
    Removing ht32f493x5_crm.o(.ARM.exidx.text.crm_interrupt_flag_get), (8 bytes).
    Removing ht32f493x5_crm.o(.ARM.exidx.text.crm_hext_stable_wait), (8 bytes).
    Removing ht32f493x5_crm.o(.text.crm_hick_clock_trimming_set), (26 bytes).
    Removing ht32f493x5_crm.o(.ARM.exidx.text.crm_hick_clock_trimming_set), (8 bytes).
    Removing ht32f493x5_crm.o(.text.crm_hick_clock_calibration_set), (44 bytes).
    Removing ht32f493x5_crm.o(.ARM.exidx.text.crm_hick_clock_calibration_set), (8 bytes).
    Removing ht32f493x5_crm.o(.ARM.exidx.text.crm_periph_clock_enable), (8 bytes).
    Removing ht32f493x5_crm.o(.ARM.exidx.text.crm_periph_reset), (8 bytes).
    Removing ht32f493x5_crm.o(.text.crm_periph_sleep_mode_clock_enable), (40 bytes).
    Removing ht32f493x5_crm.o(.ARM.exidx.text.crm_periph_sleep_mode_clock_enable), (8 bytes).
    Removing ht32f493x5_crm.o(.ARM.exidx.text.crm_clock_source_enable), (8 bytes).
    Removing ht32f493x5_crm.o(.text.crm_flag_clear), (124 bytes).
    Removing ht32f493x5_crm.o(.ARM.exidx.text.crm_flag_clear), (8 bytes).
    Removing ht32f493x5_crm.o(.text.crm_rtc_clock_select), (26 bytes).
    Removing ht32f493x5_crm.o(.ARM.exidx.text.crm_rtc_clock_select), (8 bytes).
    Removing ht32f493x5_crm.o(.text.crm_rtc_clock_enable), (26 bytes).
    Removing ht32f493x5_crm.o(.ARM.exidx.text.crm_rtc_clock_enable), (8 bytes).
    Removing ht32f493x5_crm.o(.ARM.exidx.text.crm_ahb_div_set), (8 bytes).
    Removing ht32f493x5_crm.o(.ARM.exidx.text.crm_apb1_div_set), (8 bytes).
    Removing ht32f493x5_crm.o(.ARM.exidx.text.crm_apb2_div_set), (8 bytes).
    Removing ht32f493x5_crm.o(.text.crm_adc_clock_div_set), (28 bytes).
    Removing ht32f493x5_crm.o(.ARM.exidx.text.crm_adc_clock_div_set), (8 bytes).
    Removing ht32f493x5_crm.o(.text.crm_usb_clock_div_set), (28 bytes).
    Removing ht32f493x5_crm.o(.ARM.exidx.text.crm_usb_clock_div_set), (8 bytes).
    Removing ht32f493x5_crm.o(.text.crm_clock_failure_detection_enable), (26 bytes).
    Removing ht32f493x5_crm.o(.ARM.exidx.text.crm_clock_failure_detection_enable), (8 bytes).
    Removing ht32f493x5_crm.o(.text.crm_battery_powered_domain_reset), (26 bytes).
    Removing ht32f493x5_crm.o(.ARM.exidx.text.crm_battery_powered_domain_reset), (8 bytes).
    Removing ht32f493x5_crm.o(.ARM.exidx.text.crm_pll_config), (8 bytes).
    Removing ht32f493x5_crm.o(.ARM.exidx.text.crm_sysclk_switch), (8 bytes).
    Removing ht32f493x5_crm.o(.ARM.exidx.text.crm_sysclk_switch_status_get), (8 bytes).
    Removing ht32f493x5_crm.o(.ARM.exidx.text.crm_clocks_freq_get), (8 bytes).
    Removing ht32f493x5_crm.o(.text.crm_clock_out_set), (28 bytes).
    Removing ht32f493x5_crm.o(.ARM.exidx.text.crm_clock_out_set), (8 bytes).
    Removing ht32f493x5_crm.o(.text.crm_interrupt_enable), (24 bytes).
    Removing ht32f493x5_crm.o(.ARM.exidx.text.crm_interrupt_enable), (8 bytes).
    Removing ht32f493x5_crm.o(.ARM.exidx.text.crm_auto_step_mode_enable), (8 bytes).
    Removing ht32f493x5_crm.o(.text.crm_usb_interrupt_remapping_set), (18 bytes).
    Removing ht32f493x5_crm.o(.ARM.exidx.text.crm_usb_interrupt_remapping_set), (8 bytes).
    Removing ht32f493x5_crm.o(.text.crm_hick_divider_select), (26 bytes).
    Removing ht32f493x5_crm.o(.ARM.exidx.text.crm_hick_divider_select), (8 bytes).
    Removing ht32f493x5_crm.o(.text.crm_hick_sclk_frequency_select), (34 bytes).
    Removing ht32f493x5_crm.o(.ARM.exidx.text.crm_hick_sclk_frequency_select), (8 bytes).
    Removing ht32f493x5_crm.o(.text.crm_usb_clock_source_select), (50 bytes).
    Removing ht32f493x5_crm.o(.ARM.exidx.text.crm_usb_clock_source_select), (8 bytes).
    Removing ht32f493x5_crm.o(.text.crm_clkout_to_tmr10_enable), (26 bytes).
    Removing ht32f493x5_crm.o(.ARM.exidx.text.crm_clkout_to_tmr10_enable), (8 bytes).
    Removing ht32f493x5_crm.o(.ARM.exidx.text.crm_hext_clock_div_set), (8 bytes).
    Removing ht32f493x5_crm.o(.text.crm_clkout_div_set), (22 bytes).
    Removing ht32f493x5_crm.o(.ARM.exidx.text.crm_clkout_div_set), (8 bytes).
    Removing ht32f493x5_usart.o(.text), (0 bytes).
    Removing ht32f493x5_usart.o(.text.usart_reset), (212 bytes).
    Removing ht32f493x5_usart.o(.ARM.exidx.text.usart_reset), (8 bytes).
    Removing ht32f493x5_usart.o(.ARM.exidx.text.usart_init), (8 bytes).
    Removing ht32f493x5_usart.o(.text.usart_parity_selection_config), (58 bytes).
    Removing ht32f493x5_usart.o(.ARM.exidx.text.usart_parity_selection_config), (8 bytes).
    Removing ht32f493x5_usart.o(.ARM.exidx.text.usart_enable), (8 bytes).
    Removing ht32f493x5_usart.o(.ARM.exidx.text.usart_transmitter_enable), (8 bytes).
    Removing ht32f493x5_usart.o(.ARM.exidx.text.usart_receiver_enable), (8 bytes).
    Removing ht32f493x5_usart.o(.text.usart_clock_config), (54 bytes).
    Removing ht32f493x5_usart.o(.ARM.exidx.text.usart_clock_config), (8 bytes).
    Removing ht32f493x5_usart.o(.text.usart_clock_enable), (18 bytes).
    Removing ht32f493x5_usart.o(.ARM.exidx.text.usart_clock_enable), (8 bytes).
    Removing ht32f493x5_usart.o(.text.usart_interrupt_enable), (32 bytes).
    Removing ht32f493x5_usart.o(.ARM.exidx.text.usart_interrupt_enable), (8 bytes).
    Removing ht32f493x5_usart.o(.text.usart_dma_transmitter_enable), (18 bytes).
    Removing ht32f493x5_usart.o(.ARM.exidx.text.usart_dma_transmitter_enable), (8 bytes).
    Removing ht32f493x5_usart.o(.text.usart_dma_receiver_enable), (18 bytes).
    Removing ht32f493x5_usart.o(.ARM.exidx.text.usart_dma_receiver_enable), (8 bytes).
    Removing ht32f493x5_usart.o(.text.usart_wakeup_id_set), (10 bytes).
    Removing ht32f493x5_usart.o(.ARM.exidx.text.usart_wakeup_id_set), (8 bytes).
    Removing ht32f493x5_usart.o(.text.usart_wakeup_mode_set), (18 bytes).
    Removing ht32f493x5_usart.o(.ARM.exidx.text.usart_wakeup_mode_set), (8 bytes).
    Removing ht32f493x5_usart.o(.text.usart_receiver_mute_enable), (18 bytes).
    Removing ht32f493x5_usart.o(.ARM.exidx.text.usart_receiver_mute_enable), (8 bytes).
    Removing ht32f493x5_usart.o(.text.usart_break_bit_num_set), (18 bytes).
    Removing ht32f493x5_usart.o(.ARM.exidx.text.usart_break_bit_num_set), (8 bytes).
    Removing ht32f493x5_usart.o(.text.usart_lin_mode_enable), (18 bytes).
    Removing ht32f493x5_usart.o(.ARM.exidx.text.usart_lin_mode_enable), (8 bytes).
    Removing ht32f493x5_usart.o(.text.usart_data_transmit), (8 bytes).
    Removing ht32f493x5_usart.o(.ARM.exidx.text.usart_data_transmit), (8 bytes).
    Removing ht32f493x5_usart.o(.text.usart_data_receive), (6 bytes).
    Removing ht32f493x5_usart.o(.ARM.exidx.text.usart_data_receive), (8 bytes).
    Removing ht32f493x5_usart.o(.text.usart_break_send), (10 bytes).
    Removing ht32f493x5_usart.o(.ARM.exidx.text.usart_break_send), (8 bytes).
    Removing ht32f493x5_usart.o(.text.usart_smartcard_guard_time_set), (14 bytes).
    Removing ht32f493x5_usart.o(.ARM.exidx.text.usart_smartcard_guard_time_set), (8 bytes).
    Removing ht32f493x5_usart.o(.text.usart_irda_smartcard_division_set), (12 bytes).
    Removing ht32f493x5_usart.o(.ARM.exidx.text.usart_irda_smartcard_division_set), (8 bytes).
    Removing ht32f493x5_usart.o(.text.usart_smartcard_mode_enable), (18 bytes).
    Removing ht32f493x5_usart.o(.ARM.exidx.text.usart_smartcard_mode_enable), (8 bytes).
    Removing ht32f493x5_usart.o(.text.usart_smartcard_nack_set), (18 bytes).
    Removing ht32f493x5_usart.o(.ARM.exidx.text.usart_smartcard_nack_set), (8 bytes).
    Removing ht32f493x5_usart.o(.text.usart_single_line_halfduplex_select), (18 bytes).
    Removing ht32f493x5_usart.o(.ARM.exidx.text.usart_single_line_halfduplex_select), (8 bytes).
    Removing ht32f493x5_usart.o(.text.usart_irda_mode_enable), (18 bytes).
    Removing ht32f493x5_usart.o(.ARM.exidx.text.usart_irda_mode_enable), (8 bytes).
    Removing ht32f493x5_usart.o(.text.usart_irda_low_power_enable), (18 bytes).
    Removing ht32f493x5_usart.o(.ARM.exidx.text.usart_irda_low_power_enable), (8 bytes).
    Removing ht32f493x5_usart.o(.text.usart_hardware_flow_control_set), (66 bytes).
    Removing ht32f493x5_usart.o(.ARM.exidx.text.usart_hardware_flow_control_set), (8 bytes).
    Removing ht32f493x5_usart.o(.text.usart_flag_get), (10 bytes).
    Removing ht32f493x5_usart.o(.ARM.exidx.text.usart_flag_get), (8 bytes).
    Removing ht32f493x5_usart.o(.text.usart_interrupt_flag_get), (194 bytes).
    Removing ht32f493x5_usart.o(.ARM.exidx.text.usart_interrupt_flag_get), (8 bytes).
    Removing ht32f493x5_usart.o(.text.usart_flag_clear), (16 bytes).
    Removing ht32f493x5_usart.o(.ARM.exidx.text.usart_flag_clear), (8 bytes).
    Removing ht32f493x5_gpio.o(.text), (0 bytes).
    Removing ht32f493x5_gpio.o(.text.gpio_reset), (46 bytes).
    Removing ht32f493x5_gpio.o(.ARM.exidx.text.gpio_reset), (8 bytes).
    Removing ht32f493x5_gpio.o(.text.gpio_iomux_reset), (26 bytes).
    Removing ht32f493x5_gpio.o(.ARM.exidx.text.gpio_iomux_reset), (8 bytes).
    Removing ht32f493x5_gpio.o(.ARM.exidx.text.gpio_init), (8 bytes).
    Removing ht32f493x5_gpio.o(.ARM.exidx.text.gpio_default_para_init), (8 bytes).
    Removing ht32f493x5_gpio.o(.text.gpio_input_data_bit_read), (14 bytes).
    Removing ht32f493x5_gpio.o(.ARM.exidx.text.gpio_input_data_bit_read), (8 bytes).
    Removing ht32f493x5_gpio.o(.text.gpio_input_data_read), (6 bytes).
    Removing ht32f493x5_gpio.o(.ARM.exidx.text.gpio_input_data_read), (8 bytes).
    Removing ht32f493x5_gpio.o(.text.gpio_output_data_bit_read), (10 bytes).
    Removing ht32f493x5_gpio.o(.ARM.exidx.text.gpio_output_data_bit_read), (8 bytes).
    Removing ht32f493x5_gpio.o(.text.gpio_output_data_read), (6 bytes).
    Removing ht32f493x5_gpio.o(.ARM.exidx.text.gpio_output_data_read), (8 bytes).
    Removing ht32f493x5_gpio.o(.text.gpio_bits_set), (4 bytes).
    Removing ht32f493x5_gpio.o(.ARM.exidx.text.gpio_bits_set), (8 bytes).
    Removing ht32f493x5_gpio.o(.text.gpio_bits_reset), (4 bytes).
    Removing ht32f493x5_gpio.o(.ARM.exidx.text.gpio_bits_reset), (8 bytes).
    Removing ht32f493x5_gpio.o(.text.gpio_bits_toggle), (16 bytes).
    Removing ht32f493x5_gpio.o(.ARM.exidx.text.gpio_bits_toggle), (8 bytes).
    Removing ht32f493x5_gpio.o(.text.gpio_bits_write), (12 bytes).
    Removing ht32f493x5_gpio.o(.ARM.exidx.text.gpio_bits_write), (8 bytes).
    Removing ht32f493x5_gpio.o(.text.gpio_port_write), (4 bytes).
    Removing ht32f493x5_gpio.o(.ARM.exidx.text.gpio_port_write), (8 bytes).
    Removing ht32f493x5_gpio.o(.text.gpio_pin_wp_config), (16 bytes).
    Removing ht32f493x5_gpio.o(.ARM.exidx.text.gpio_pin_wp_config), (8 bytes).
    Removing ht32f493x5_gpio.o(.text.gpio_pins_huge_driven_config), (16 bytes).
    Removing ht32f493x5_gpio.o(.ARM.exidx.text.gpio_pins_huge_driven_config), (8 bytes).
    Removing ht32f493x5_gpio.o(.text.gpio_event_output_config), (22 bytes).
    Removing ht32f493x5_gpio.o(.ARM.exidx.text.gpio_event_output_config), (8 bytes).
    Removing ht32f493x5_gpio.o(.text.gpio_event_output_enable), (24 bytes).
    Removing ht32f493x5_gpio.o(.ARM.exidx.text.gpio_event_output_enable), (8 bytes).
    Removing ht32f493x5_gpio.o(.text.gpio_pin_remap_config), (64 bytes).
    Removing ht32f493x5_gpio.o(.ARM.exidx.text.gpio_pin_remap_config), (8 bytes).
    Removing ht32f493x5_gpio.o(.text.gpio_exint_line_config), (156 bytes).
    Removing ht32f493x5_gpio.o(.ARM.exidx.text.gpio_exint_line_config), (8 bytes).
    Removing ht32f493x5_misc.o(.text), (0 bytes).
    Removing ht32f493x5_misc.o(.text.nvic_system_reset), (4 bytes).
    Removing ht32f493x5_misc.o(.ARM.exidx.text.nvic_system_reset), (8 bytes).
    Removing ht32f493x5_misc.o(.text.__NVIC_SystemReset), (36 bytes).
    Removing ht32f493x5_misc.o(.ARM.exidx.text.__NVIC_SystemReset), (8 bytes).
    Removing ht32f493x5_misc.o(.ARM.exidx.text.nvic_irq_enable), (8 bytes).
    Removing ht32f493x5_misc.o(.text.nvic_irq_disable), (42 bytes).
    Removing ht32f493x5_misc.o(.ARM.exidx.text.nvic_irq_disable), (8 bytes).
    Removing ht32f493x5_misc.o(.text.nvic_priority_group_config), (32 bytes).
    Removing ht32f493x5_misc.o(.ARM.exidx.text.nvic_priority_group_config), (8 bytes).
    Removing ht32f493x5_misc.o(.text.nvic_vector_table_set), (24 bytes).
    Removing ht32f493x5_misc.o(.ARM.exidx.text.nvic_vector_table_set), (8 bytes).
    Removing ht32f493x5_misc.o(.text.nvic_lowpower_mode_config), (24 bytes).
    Removing ht32f493x5_misc.o(.ARM.exidx.text.nvic_lowpower_mode_config), (8 bytes).
    Removing ht32f493x5_misc.o(.ARM.exidx.text.systick_clock_source_config), (8 bytes).
    Removing ht32f493x5_i2c.o(.text), (0 bytes).
    Removing ht32f493x5_i2c.o(.ARM.exidx.text.i2c_reset), (8 bytes).
    Removing ht32f493x5_i2c.o(.text.i2c_software_reset), (18 bytes).
    Removing ht32f493x5_i2c.o(.ARM.exidx.text.i2c_software_reset), (8 bytes).
    Removing ht32f493x5_i2c.o(.ARM.exidx.text.i2c_init), (8 bytes).
    Removing ht32f493x5_i2c.o(.text.i2c_own_address1_set), (26 bytes).
    Removing ht32f493x5_i2c.o(.ARM.exidx.text.i2c_own_address1_set), (8 bytes).
    Removing ht32f493x5_i2c.o(.text.i2c_own_address2_set), (12 bytes).
    Removing ht32f493x5_i2c.o(.ARM.exidx.text.i2c_own_address2_set), (8 bytes).
    Removing ht32f493x5_i2c.o(.text.i2c_own_address2_enable), (10 bytes).
    Removing ht32f493x5_i2c.o(.ARM.exidx.text.i2c_own_address2_enable), (8 bytes).
    Removing ht32f493x5_i2c.o(.text.i2c_smbus_enable), (18 bytes).
    Removing ht32f493x5_i2c.o(.ARM.exidx.text.i2c_smbus_enable), (8 bytes).
    Removing ht32f493x5_i2c.o(.ARM.exidx.text.i2c_enable), (8 bytes).
    Removing ht32f493x5_i2c.o(.text.i2c_fast_mode_duty_set), (18 bytes).
    Removing ht32f493x5_i2c.o(.ARM.exidx.text.i2c_fast_mode_duty_set), (8 bytes).
    Removing ht32f493x5_i2c.o(.text.i2c_clock_stretch_enable), (16 bytes).
    Removing ht32f493x5_i2c.o(.ARM.exidx.text.i2c_clock_stretch_enable), (8 bytes).
    Removing ht32f493x5_i2c.o(.text.i2c_ack_enable), (18 bytes).
    Removing ht32f493x5_i2c.o(.ARM.exidx.text.i2c_ack_enable), (8 bytes).
    Removing ht32f493x5_i2c.o(.ARM.exidx.text.i2c_master_receive_ack_set), (8 bytes).
    Removing ht32f493x5_i2c.o(.text.i2c_pec_position_set), (18 bytes).
    Removing ht32f493x5_i2c.o(.ARM.exidx.text.i2c_pec_position_set), (8 bytes).
    Removing ht32f493x5_i2c.o(.text.i2c_general_call_enable), (18 bytes).
    Removing ht32f493x5_i2c.o(.ARM.exidx.text.i2c_general_call_enable), (8 bytes).
    Removing ht32f493x5_i2c.o(.text.i2c_arp_mode_enable), (18 bytes).
    Removing ht32f493x5_i2c.o(.ARM.exidx.text.i2c_arp_mode_enable), (8 bytes).
    Removing ht32f493x5_i2c.o(.text.i2c_smbus_mode_set), (18 bytes).
    Removing ht32f493x5_i2c.o(.ARM.exidx.text.i2c_smbus_mode_set), (8 bytes).
    Removing ht32f493x5_i2c.o(.text.i2c_smbus_alert_set), (18 bytes).
    Removing ht32f493x5_i2c.o(.ARM.exidx.text.i2c_smbus_alert_set), (8 bytes).
    Removing ht32f493x5_i2c.o(.text.i2c_pec_transmit_enable), (18 bytes).
    Removing ht32f493x5_i2c.o(.ARM.exidx.text.i2c_pec_transmit_enable), (8 bytes).
    Removing ht32f493x5_i2c.o(.text.i2c_pec_calculate_enable), (18 bytes).
    Removing ht32f493x5_i2c.o(.ARM.exidx.text.i2c_pec_calculate_enable), (8 bytes).
    Removing ht32f493x5_i2c.o(.text.i2c_pec_value_get), (8 bytes).
    Removing ht32f493x5_i2c.o(.ARM.exidx.text.i2c_pec_value_get), (8 bytes).
    Removing ht32f493x5_i2c.o(.text.i2c_dma_end_transfer_set), (18 bytes).
    Removing ht32f493x5_i2c.o(.ARM.exidx.text.i2c_dma_end_transfer_set), (8 bytes).
    Removing ht32f493x5_i2c.o(.text.i2c_dma_enable), (18 bytes).
    Removing ht32f493x5_i2c.o(.ARM.exidx.text.i2c_dma_enable), (8 bytes).
    Removing ht32f493x5_i2c.o(.text.i2c_interrupt_enable), (24 bytes).
    Removing ht32f493x5_i2c.o(.ARM.exidx.text.i2c_interrupt_enable), (8 bytes).
    Removing ht32f493x5_i2c.o(.ARM.exidx.text.i2c_start_generate), (8 bytes).
    Removing ht32f493x5_i2c.o(.ARM.exidx.text.i2c_stop_generate), (8 bytes).
    Removing ht32f493x5_i2c.o(.ARM.exidx.text.i2c_7bit_address_send), (8 bytes).
    Removing ht32f493x5_i2c.o(.ARM.exidx.text.i2c_data_send), (8 bytes).
    Removing ht32f493x5_i2c.o(.text.i2c_data_receive), (6 bytes).
    Removing ht32f493x5_i2c.o(.ARM.exidx.text.i2c_data_receive), (8 bytes).
    Removing ht32f493x5_i2c.o(.ARM.exidx.text.i2c_flag_get), (8 bytes).
    Removing ht32f493x5_i2c.o(.text.i2c_interrupt_flag_get), (184 bytes).
    Removing ht32f493x5_i2c.o(.ARM.exidx.text.i2c_interrupt_flag_get), (8 bytes).
    Removing ht32f493x5_i2c.o(.ARM.exidx.text.i2c_flag_clear), (8 bytes).
    Removing ht32f493x5_dma.o(.text), (0 bytes).
    Removing ht32f493x5_dma.o(.text.dma_reset), (90 bytes).
    Removing ht32f493x5_dma.o(.ARM.exidx.text.dma_reset), (8 bytes).
    Removing ht32f493x5_dma.o(.text.dma_data_number_set), (4 bytes).
    Removing ht32f493x5_dma.o(.ARM.exidx.text.dma_data_number_set), (8 bytes).
    Removing ht32f493x5_dma.o(.text.dma_data_number_get), (6 bytes).
    Removing ht32f493x5_dma.o(.ARM.exidx.text.dma_data_number_get), (8 bytes).
    Removing ht32f493x5_dma.o(.text.dma_interrupt_enable), (16 bytes).
    Removing ht32f493x5_dma.o(.ARM.exidx.text.dma_interrupt_enable), (8 bytes).
    Removing ht32f493x5_dma.o(.text.dma_channel_enable), (10 bytes).
    Removing ht32f493x5_dma.o(.ARM.exidx.text.dma_channel_enable), (8 bytes).
    Removing ht32f493x5_dma.o(.text.dma_flexible_config), (162 bytes).
    Removing ht32f493x5_dma.o(.ARM.exidx.text.dma_flexible_config), (8 bytes).
    Removing ht32f493x5_dma.o(.text.dma_interrupt_flag_get), (26 bytes).
    Removing ht32f493x5_dma.o(.ARM.exidx.text.dma_interrupt_flag_get), (8 bytes).
    Removing ht32f493x5_dma.o(.text.dma_flag_get), (26 bytes).
    Removing ht32f493x5_dma.o(.ARM.exidx.text.dma_flag_get), (8 bytes).
    Removing ht32f493x5_dma.o(.text.dma_flag_clear), (24 bytes).
    Removing ht32f493x5_dma.o(.ARM.exidx.text.dma_flag_clear), (8 bytes).
    Removing ht32f493x5_dma.o(.text.dma_default_para_init), (14 bytes).
    Removing ht32f493x5_dma.o(.ARM.exidx.text.dma_default_para_init), (8 bytes).
    Removing ht32f493x5_dma.o(.text.dma_init), (124 bytes).
    Removing ht32f493x5_dma.o(.ARM.exidx.text.dma_init), (8 bytes).
    Removing i2c_application.o(.text), (0 bytes).
    Removing i2c_application.o(.text.i2c_lowlevel_init), (2 bytes).
    Removing i2c_application.o(.ARM.exidx.text.i2c_lowlevel_init), (8 bytes).
    Removing i2c_application.o(.text.i2c_config), (36 bytes).
    Removing i2c_application.o(.ARM.exidx.text.i2c_config), (8 bytes).
    Removing i2c_application.o(.text.i2c_wait_end), (32 bytes).
    Removing i2c_application.o(.ARM.exidx.text.i2c_wait_end), (8 bytes).
    Removing i2c_application.o(.text.i2c_wait_flag), (148 bytes).
    Removing i2c_application.o(.ARM.exidx.text.i2c_wait_flag), (8 bytes).
    Removing i2c_application.o(.text.i2c_dma_config), (90 bytes).
    Removing i2c_application.o(.ARM.exidx.text.i2c_dma_config), (8 bytes).
    Removing i2c_application.o(.ARM.exidx.text.i2c_master_write_addr), (8 bytes).
    Removing i2c_application.o(.text.i2c_master_read_addr), (342 bytes).
    Removing i2c_application.o(.ARM.exidx.text.i2c_master_read_addr), (8 bytes).
    Removing i2c_application.o(.ARM.exidx.text.i2c_master_transmit), (8 bytes).
    Removing i2c_application.o(.text.i2c_slave_receive), (278 bytes).
    Removing i2c_application.o(.ARM.exidx.text.i2c_slave_receive), (8 bytes).
    Removing i2c_application.o(.text.i2c_master_receive), (466 bytes).
    Removing i2c_application.o(.ARM.exidx.text.i2c_master_receive), (8 bytes).
    Removing i2c_application.o(.text.i2c_slave_transmit), (300 bytes).
    Removing i2c_application.o(.ARM.exidx.text.i2c_slave_transmit), (8 bytes).
    Removing i2c_application.o(.text.i2c_master_transmit_int), (124 bytes).
    Removing i2c_application.o(.ARM.exidx.text.i2c_master_transmit_int), (8 bytes).
    Removing i2c_application.o(.text.i2c_slave_receive_int), (88 bytes).
    Removing i2c_application.o(.ARM.exidx.text.i2c_slave_receive_int), (8 bytes).
    Removing i2c_application.o(.text.i2c_master_receive_int), (200 bytes).
    Removing i2c_application.o(.ARM.exidx.text.i2c_master_receive_int), (8 bytes).
    Removing i2c_application.o(.text.i2c_slave_transmit_int), (88 bytes).
    Removing i2c_application.o(.ARM.exidx.text.i2c_slave_transmit_int), (8 bytes).
    Removing i2c_application.o(.text.i2c_master_transmit_dma), (210 bytes).
    Removing i2c_application.o(.ARM.exidx.text.i2c_master_transmit_dma), (8 bytes).
    Removing i2c_application.o(.text.i2c_slave_receive_dma), (194 bytes).
    Removing i2c_application.o(.ARM.exidx.text.i2c_slave_receive_dma), (8 bytes).
    Removing i2c_application.o(.text.i2c_master_receive_dma), (266 bytes).
    Removing i2c_application.o(.ARM.exidx.text.i2c_master_receive_dma), (8 bytes).
    Removing i2c_application.o(.text.i2c_slave_transmit_dma), (194 bytes).
    Removing i2c_application.o(.ARM.exidx.text.i2c_slave_transmit_dma), (8 bytes).
    Removing i2c_application.o(.text.i2c_memory_address_send), (108 bytes).
    Removing i2c_application.o(.ARM.exidx.text.i2c_memory_address_send), (8 bytes).
    Removing i2c_application.o(.text.i2c_memory_write), (360 bytes).
    Removing i2c_application.o(.ARM.exidx.text.i2c_memory_write), (8 bytes).
    Removing i2c_application.o(.text.i2c_memory_read), (638 bytes).
    Removing i2c_application.o(.ARM.exidx.text.i2c_memory_read), (8 bytes).
    Removing i2c_application.o(.text.i2c_memory_write_int), (254 bytes).
    Removing i2c_application.o(.ARM.exidx.text.i2c_memory_write_int), (8 bytes).
    Removing i2c_application.o(.text.i2c_memory_read_int), (354 bytes).
    Removing i2c_application.o(.ARM.exidx.text.i2c_memory_read_int), (8 bytes).
    Removing i2c_application.o(.text.i2c_memory_write_dma), (348 bytes).
    Removing i2c_application.o(.ARM.exidx.text.i2c_memory_write_dma), (8 bytes).
    Removing i2c_application.o(.text.i2c_memory_read_dma), (434 bytes).
    Removing i2c_application.o(.ARM.exidx.text.i2c_memory_read_dma), (8 bytes).
    Removing i2c_application.o(.text.i2c_master_tx_isr_int), (70 bytes).
    Removing i2c_application.o(.ARM.exidx.text.i2c_master_tx_isr_int), (8 bytes).
    Removing i2c_application.o(.text.i2c_master_rx_isr_int), (168 bytes).
    Removing i2c_application.o(.ARM.exidx.text.i2c_master_rx_isr_int), (8 bytes).
    Removing i2c_application.o(.text.i2c_slave_tx_isr_int), (126 bytes).
    Removing i2c_application.o(.ARM.exidx.text.i2c_slave_tx_isr_int), (8 bytes).
    Removing i2c_application.o(.text.i2c_slave_rx_isr_int), (106 bytes).
    Removing i2c_application.o(.ARM.exidx.text.i2c_slave_rx_isr_int), (8 bytes).
    Removing i2c_application.o(.text.i2c_master_tx_isr_dma), (42 bytes).
    Removing i2c_application.o(.ARM.exidx.text.i2c_master_tx_isr_dma), (8 bytes).
    Removing i2c_application.o(.text.i2c_slave_tx_rx_isr_dma), (70 bytes).
    Removing i2c_application.o(.ARM.exidx.text.i2c_slave_tx_rx_isr_dma), (8 bytes).
    Removing i2c_application.o(.text.i2c_evt_irq_handler), (166 bytes).
    Removing i2c_application.o(.ARM.exidx.text.i2c_evt_irq_handler), (8 bytes).
    Removing i2c_application.o(.text.i2c_dma_tx_irq_handler), (620 bytes).
    Removing i2c_application.o(.ARM.exidx.text.i2c_dma_tx_irq_handler), (8 bytes).
    Removing i2c_application.o(.text.i2c_dma_rx_irq_handler), (644 bytes).
    Removing i2c_application.o(.ARM.exidx.text.i2c_dma_rx_irq_handler), (8 bytes).
    Removing i2c_application.o(.text.i2c_err_irq_handler), (234 bytes).
    Removing i2c_application.o(.ARM.exidx.text.i2c_err_irq_handler), (8 bytes).
    Removing system_ht32f493x5.o(.text), (0 bytes).
    Removing system_ht32f493x5.o(.ARM.exidx.text.SystemInit), (8 bytes).
    Removing system_ht32f493x5.o(.ARM.exidx.text.system_core_clock_update), (8 bytes).

373 unused section(s) (total 13943 bytes) removed from the image.

==============================================================================

Image Symbol Table

    Local Symbols

    Symbol Name                              Value     Ov Type        Size  Object(Section)

    ../../../../../../libraries/cmsis/cm4/device_support/startup/mdk/startup_ht32f493x5.s 0x00000000   Number         0  startup_ht32f493x5.o ABSOLUTE
    ../clib/angel/boardlib.s                 0x00000000   Number         0  boardinit1.o ABSOLUTE
    ../clib/angel/boardlib.s                 0x00000000   Number         0  boardinit2.o ABSOLUTE
    ../clib/angel/boardlib.s                 0x00000000   Number         0  boardinit3.o ABSOLUTE
    ../clib/angel/boardlib.s                 0x00000000   Number         0  boardshut.o ABSOLUTE
    ../clib/angel/handlers.s                 0x00000000   Number         0  __scatter_copy.o ABSOLUTE
    ../clib/angel/handlers.s                 0x00000000   Number         0  __scatter_zi.o ABSOLUTE
    ../clib/angel/kernel.s                   0x00000000   Number         0  __rtentry.o ABSOLUTE
    ../clib/angel/kernel.s                   0x00000000   Number         0  __rtentry2.o ABSOLUTE
    ../clib/angel/kernel.s                   0x00000000   Number         0  __rtentry4.o ABSOLUTE
    ../clib/angel/kernel.s                   0x00000000   Number         0  rtexit.o ABSOLUTE
    ../clib/angel/kernel.s                   0x00000000   Number         0  rtexit2.o ABSOLUTE
    ../clib/angel/rt.s                       0x00000000   Number         0  rt_raise.o ABSOLUTE
    ../clib/angel/scatter.s                  0x00000000   Number         0  __scatter.o ABSOLUTE
    ../clib/angel/startup.s                  0x00000000   Number         0  __main.o ABSOLUTE
    ../clib/angel/sys.s                      0x00000000   Number         0  use_no_semi_2.o ABSOLUTE
    ../clib/angel/sys.s                      0x00000000   Number         0  use_no_semi.o ABSOLUTE
    ../clib/angel/sys.s                      0x00000000   Number         0  sys_stackheap_outer.o ABSOLUTE
    ../clib/angel/sys.s                      0x00000000   Number         0  libspace.o ABSOLUTE
    ../clib/angel/sys.s                      0x00000000   Number         0  indicate_semi.o ABSOLUTE
    ../clib/angel/sysapp.c                   0x00000000   Number         0  sys_command.o ABSOLUTE
    ../clib/angel/sysapp.c                   0x00000000   Number         0  sys_command_hlt.o ABSOLUTE
    ../clib/armsys.c                         0x00000000   Number         0  argv_veneer.o ABSOLUTE
    ../clib/armsys.c                         0x00000000   Number         0  argv_veneer.o ABSOLUTE
    ../clib/armsys.c                         0x00000000   Number         0  _get_argv_nomalloc.o ABSOLUTE
    ../clib/armsys.c                         0x00000000   Number         0  no_argv.o ABSOLUTE
    ../clib/heapalloc.c                      0x00000000   Number         0  hrguard.o ABSOLUTE
    ../clib/heapaux.c                        0x00000000   Number         0  heapauxi.o ABSOLUTE
    ../clib/libinit.s                        0x00000000   Number         0  libinit.o ABSOLUTE
    ../clib/libinit.s                        0x00000000   Number         0  libinit2.o ABSOLUTE
    ../clib/libinit.s                        0x00000000   Number         0  libshutdown.o ABSOLUTE
    ../clib/libinit.s                        0x00000000   Number         0  libshutdown2.o ABSOLUTE
    ../clib/signal.c                         0x00000000   Number         0  defsig_rtmem_outer.o ABSOLUTE
    ../clib/signal.c                         0x00000000   Number         0  defsig_rtmem_formal.o ABSOLUTE
    ../clib/signal.c                         0x00000000   Number         0  defsig_exit.o ABSOLUTE
    ../clib/signal.c                         0x00000000   Number         0  defsig_rtmem_inner.o ABSOLUTE
    ../clib/signal.c                         0x00000000   Number         0  __raise.o ABSOLUTE
    ../clib/signal.c                         0x00000000   Number         0  defsig_general.o ABSOLUTE
    ../clib/signal.c                         0x00000000   Number         0  defsig_abrt_inner.o ABSOLUTE
    ../clib/signal.c                         0x00000000   Number         0  defsig_fpe_inner.o ABSOLUTE
    ../clib/signal.c                         0x00000000   Number         0  defsig_rtred_inner.o ABSOLUTE
    ../clib/signal.c                         0x00000000   Number         0  defsig_stak_inner.o ABSOLUTE
    ../clib/signal.c                         0x00000000   Number         0  defsig_pvfn_inner.o ABSOLUTE
    ../clib/signal.c                         0x00000000   Number         0  defsig_cppl_inner.o ABSOLUTE
    ../clib/signal.c                         0x00000000   Number         0  defsig_segv_inner.o ABSOLUTE
    ../clib/signal.c                         0x00000000   Number         0  defsig_other.o ABSOLUTE
    ../clib/signal.s                         0x00000000   Number         0  defsig.o ABSOLUTE
    ../clib/stdlib.c                         0x00000000   Number         0  exit.o ABSOLUTE
    ../fplib/fpinit.s                        0x00000000   Number         0  fpinit.o ABSOLUTE
    dc.s                                     0x00000000   Number         0  dc.o ABSOLUTE
    hm01b0.c                                 0x00000000   Number         0  hm01b0.o ABSOLUTE
    ht32f493x5_board.c                       0x00000000   Number         0  ht32f493x5_board.o ABSOLUTE
    ht32f493x5_clock.c                       0x00000000   Number         0  ht32f493x5_clock.o ABSOLUTE
    ht32f493x5_crm.c                         0x00000000   Number         0  ht32f493x5_crm.o ABSOLUTE
    ht32f493x5_dma.c                         0x00000000   Number         0  ht32f493x5_dma.o ABSOLUTE
    ht32f493x5_gpio.c                        0x00000000   Number         0  ht32f493x5_gpio.o ABSOLUTE
    ht32f493x5_i2c.c                         0x00000000   Number         0  ht32f493x5_i2c.o ABSOLUTE
    ht32f493x5_int.c                         0x00000000   Number         0  ht32f493x5_int.o ABSOLUTE
    ht32f493x5_misc.c                        0x00000000   Number         0  ht32f493x5_misc.o ABSOLUTE
    ht32f493x5_usart.c                       0x00000000   Number         0  ht32f493x5_usart.o ABSOLUTE
    i2c_application.c                        0x00000000   Number         0  i2c_application.o ABSOLUTE
    main.c                                   0x00000000   Number         0  main.o ABSOLUTE
    system_ht32f493x5.c                      0x00000000   Number         0  system_ht32f493x5.o ABSOLUTE
    RESET                                    0x08000000   Section      380  startup_ht32f493x5.o(RESET)
    !!!main                                  0x0800017c   Section        8  __main.o(!!!main)
    !!!scatter                               0x08000184   Section       92  __scatter.o(!!!scatter)
    !!handler_copy                           0x080001e0   Section       26  __scatter_copy.o(!!handler_copy)
    !!handler_null                           0x080001fc   Section        2  __scatter.o(!!handler_null)
    !!handler_zi                             0x08000200   Section       28  __scatter_zi.o(!!handler_zi)
    .ARM.Collect$$libinit$$00000000          0x0800021c   Section        2  libinit.o(.ARM.Collect$$libinit$$00000000)
    .ARM.Collect$$libinit$$00000001          0x0800021e   Section        4  libinit2.o(.ARM.Collect$$libinit$$00000001)
    .ARM.Collect$$libinit$$00000004          0x08000222   Section        0  libinit2.o(.ARM.Collect$$libinit$$00000004)
    .ARM.Collect$$libinit$$00000006          0x08000222   Section        0  libinit2.o(.ARM.Collect$$libinit$$00000006)
    .ARM.Collect$$libinit$$0000000C          0x08000222   Section        0  libinit2.o(.ARM.Collect$$libinit$$0000000C)
    .ARM.Collect$$libinit$$0000000E          0x08000222   Section        0  libinit2.o(.ARM.Collect$$libinit$$0000000E)
    .ARM.Collect$$libinit$$00000010          0x08000222   Section        0  libinit2.o(.ARM.Collect$$libinit$$00000010)
    .ARM.Collect$$libinit$$00000013          0x08000222   Section        0  libinit2.o(.ARM.Collect$$libinit$$00000013)
    .ARM.Collect$$libinit$$00000015          0x08000222   Section        0  libinit2.o(.ARM.Collect$$libinit$$00000015)
    .ARM.Collect$$libinit$$00000017          0x08000222   Section        0  libinit2.o(.ARM.Collect$$libinit$$00000017)
    .ARM.Collect$$libinit$$00000019          0x08000222   Section        0  libinit2.o(.ARM.Collect$$libinit$$00000019)
    .ARM.Collect$$libinit$$0000001B          0x08000222   Section        0  libinit2.o(.ARM.Collect$$libinit$$0000001B)
    .ARM.Collect$$libinit$$0000001D          0x08000222   Section        0  libinit2.o(.ARM.Collect$$libinit$$0000001D)
    .ARM.Collect$$libinit$$0000001F          0x08000222   Section        0  libinit2.o(.ARM.Collect$$libinit$$0000001F)
    .ARM.Collect$$libinit$$00000021          0x08000222   Section        0  libinit2.o(.ARM.Collect$$libinit$$00000021)
    .ARM.Collect$$libinit$$00000023          0x08000222   Section        0  libinit2.o(.ARM.Collect$$libinit$$00000023)
    .ARM.Collect$$libinit$$00000025          0x08000222   Section        0  libinit2.o(.ARM.Collect$$libinit$$00000025)
    .ARM.Collect$$libinit$$00000027          0x08000222   Section        0  libinit2.o(.ARM.Collect$$libinit$$00000027)
    .ARM.Collect$$libinit$$0000002E          0x08000222   Section        0  libinit2.o(.ARM.Collect$$libinit$$0000002E)
    .ARM.Collect$$libinit$$00000030          0x08000222   Section        0  libinit2.o(.ARM.Collect$$libinit$$00000030)
    .ARM.Collect$$libinit$$00000032          0x08000222   Section        0  libinit2.o(.ARM.Collect$$libinit$$00000032)
    .ARM.Collect$$libinit$$00000034          0x08000222   Section        0  libinit2.o(.ARM.Collect$$libinit$$00000034)
    .ARM.Collect$$libinit$$00000035          0x08000222   Section        2  libinit2.o(.ARM.Collect$$libinit$$00000035)
    .ARM.Collect$$libshutdown$$00000000      0x08000224   Section        2  libshutdown.o(.ARM.Collect$$libshutdown$$00000000)
    .ARM.Collect$$libshutdown$$00000002      0x08000226   Section        0  libshutdown2.o(.ARM.Collect$$libshutdown$$00000002)
    .ARM.Collect$$libshutdown$$00000004      0x08000226   Section        0  libshutdown2.o(.ARM.Collect$$libshutdown$$00000004)
    .ARM.Collect$$libshutdown$$00000007      0x08000226   Section        0  libshutdown2.o(.ARM.Collect$$libshutdown$$00000007)
    .ARM.Collect$$libshutdown$$0000000A      0x08000226   Section        0  libshutdown2.o(.ARM.Collect$$libshutdown$$0000000A)
    .ARM.Collect$$libshutdown$$0000000C      0x08000226   Section        0  libshutdown2.o(.ARM.Collect$$libshutdown$$0000000C)
    .ARM.Collect$$libshutdown$$0000000F      0x08000226   Section        0  libshutdown2.o(.ARM.Collect$$libshutdown$$0000000F)
    .ARM.Collect$$libshutdown$$00000010      0x08000226   Section        2  libshutdown2.o(.ARM.Collect$$libshutdown$$00000010)
    .ARM.Collect$$rtentry$$00000000          0x08000228   Section        0  __rtentry.o(.ARM.Collect$$rtentry$$00000000)
    .ARM.Collect$$rtentry$$00000002          0x08000228   Section        0  __rtentry2.o(.ARM.Collect$$rtentry$$00000002)
    .ARM.Collect$$rtentry$$00000004          0x08000228   Section        6  __rtentry4.o(.ARM.Collect$$rtentry$$00000004)
    .ARM.Collect$$rtentry$$00000009          0x0800022e   Section        0  __rtentry2.o(.ARM.Collect$$rtentry$$00000009)
    .ARM.Collect$$rtentry$$0000000A          0x0800022e   Section        4  __rtentry2.o(.ARM.Collect$$rtentry$$0000000A)
    .ARM.Collect$$rtentry$$0000000C          0x08000232   Section        0  __rtentry2.o(.ARM.Collect$$rtentry$$0000000C)
    .ARM.Collect$$rtentry$$0000000D          0x08000232   Section        8  __rtentry2.o(.ARM.Collect$$rtentry$$0000000D)
    .ARM.Collect$$rtexit$$00000000           0x0800023a   Section        2  rtexit.o(.ARM.Collect$$rtexit$$00000000)
    .ARM.Collect$$rtexit$$00000002           0x0800023c   Section        0  rtexit2.o(.ARM.Collect$$rtexit$$00000002)
    .ARM.Collect$$rtexit$$00000003           0x0800023c   Section        4  rtexit2.o(.ARM.Collect$$rtexit$$00000003)
    .ARM.Collect$$rtexit$$00000004           0x08000240   Section        6  rtexit2.o(.ARM.Collect$$rtexit$$00000004)
    $v0                                      0x08000248   Number         0  startup_ht32f493x5.o(.text)
    .text                                    0x08000248   Section       64  startup_ht32f493x5.o(.text)
    .text                                    0x08000288   Section        2  use_no_semi_2.o(.text)
    .text                                    0x0800028a   Section        0  heapauxi.o(.text)
    .text                                    0x08000290   Section        2  use_no_semi.o(.text)
    .text                                    0x08000292   Section       74  sys_stackheap_outer.o(.text)
    .text                                    0x080002dc   Section        0  exit.o(.text)
    .text                                    0x080002f0   Section        8  libspace.o(.text)
    [Anonymous Symbol]                       0x080002f8   Section        0  ht32f493x5_int.o(.text.BusFault_Handler)
    [Anonymous Symbol]                       0x080002fc   Section        0  ht32f493x5_int.o(.text.DebugMon_Handler)
    [Anonymous Symbol]                       0x08000300   Section        0  ht32f493x5_int.o(.text.HardFault_Handler)
    [Anonymous Symbol]                       0x08000304   Section        0  ht32f493x5_int.o(.text.MemManage_Handler)
    [Anonymous Symbol]                       0x08000308   Section        0  ht32f493x5_int.o(.text.NMI_Handler)
    [Anonymous Symbol]                       0x0800030c   Section        0  ht32f493x5_int.o(.text.PendSV_Handler)
    [Anonymous Symbol]                       0x08000310   Section        0  ht32f493x5_int.o(.text.SVC_Handler)
    [Anonymous Symbol]                       0x08000314   Section        0  ht32f493x5_int.o(.text.SysTick_Handler)
    [Anonymous Symbol]                       0x08000318   Section        0  system_ht32f493x5.o(.text.SystemInit)
    [Anonymous Symbol]                       0x08000374   Section        0  ht32f493x5_int.o(.text.UsageFault_Handler)
    [Anonymous Symbol]                       0x08000378   Section        0  ht32f493x5_board.o(.text._sys_exit)
    [Anonymous Symbol]                       0x0800037c   Section        0  ht32f493x5_crm.o(.text.crm_ahb_div_set)
    [Anonymous Symbol]                       0x08000398   Section        0  ht32f493x5_crm.o(.text.crm_apb1_div_set)
    [Anonymous Symbol]                       0x080003b4   Section        0  ht32f493x5_crm.o(.text.crm_apb2_div_set)
    [Anonymous Symbol]                       0x080003d0   Section        0  ht32f493x5_crm.o(.text.crm_auto_step_mode_enable)
    [Anonymous Symbol]                       0x080003e8   Section        0  ht32f493x5_crm.o(.text.crm_clock_source_enable)
    [Anonymous Symbol]                       0x08000464   Section        0  ht32f493x5_crm.o(.text.crm_clocks_freq_get)
    crm_clocks_freq_get.sclk_ahb_div_table   0x08000548   Number         0  ht32f493x5_crm.o(.text.crm_clocks_freq_get)
    crm_clocks_freq_get.adc_div_table        0x08000558   Number         0  ht32f493x5_crm.o(.text.crm_clocks_freq_get)
    [Anonymous Symbol]                       0x08000560   Section        0  ht32f493x5_crm.o(.text.crm_flag_get)
    [Anonymous Symbol]                       0x0800057c   Section        0  ht32f493x5_crm.o(.text.crm_hext_clock_div_set)
    [Anonymous Symbol]                       0x08000598   Section        0  ht32f493x5_crm.o(.text.crm_hext_stable_wait)
    [Anonymous Symbol]                       0x080005bc   Section        0  ht32f493x5_crm.o(.text.crm_periph_clock_enable)
    [Anonymous Symbol]                       0x080005e4   Section        0  ht32f493x5_crm.o(.text.crm_periph_reset)
    [Anonymous Symbol]                       0x0800060c   Section        0  ht32f493x5_crm.o(.text.crm_pll_config)
    [Anonymous Symbol]                       0x0800067c   Section        0  ht32f493x5_crm.o(.text.crm_reset)
    [Anonymous Symbol]                       0x080006c0   Section        0  ht32f493x5_crm.o(.text.crm_sysclk_switch)
    [Anonymous Symbol]                       0x080006fc   Section        0  ht32f493x5_crm.o(.text.crm_sysclk_switch_status_get)
    [Anonymous Symbol]                       0x0800070c   Section        0  ht32f493x5_board.o(.text.delay_ms)
    [Anonymous Symbol]                       0x08000774   Section        0  ht32f493x5_gpio.o(.text.gpio_default_para_init)
    [Anonymous Symbol]                       0x08000788   Section        0  ht32f493x5_gpio.o(.text.gpio_init)
    [Anonymous Symbol]                       0x08000848   Section        0  hm01b0.o(.text.hm01b0_init)
    [Anonymous Symbol]                       0x08000a10   Section        0  ht32f493x5_board.o(.text.ht32_board_init)
    [Anonymous Symbol]                       0x08000b24   Section        0  ht32f493x5_i2c.o(.text.i2c_7bit_address_send)
    [Anonymous Symbol]                       0x08000b34   Section        0  ht32f493x5_i2c.o(.text.i2c_data_send)
    [Anonymous Symbol]                       0x08000b38   Section        0  ht32f493x5_i2c.o(.text.i2c_enable)
    [Anonymous Symbol]                       0x08000b44   Section        0  ht32f493x5_i2c.o(.text.i2c_flag_clear)
    [Anonymous Symbol]                       0x08000b6c   Section        0  ht32f493x5_i2c.o(.text.i2c_flag_get)
    [Anonymous Symbol]                       0x08000b9c   Section        0  ht32f493x5_i2c.o(.text.i2c_init)
    [Anonymous Symbol]                       0x08000cc4   Section        0  ht32f493x5_i2c.o(.text.i2c_master_receive_ack_set)
    [Anonymous Symbol]                       0x08000cd8   Section        0  i2c_application.o(.text.i2c_master_transmit)
    [Anonymous Symbol]                       0x08000de0   Section        0  i2c_application.o(.text.i2c_master_write_addr)
    [Anonymous Symbol]                       0x08000ee0   Section        0  ht32f493x5_i2c.o(.text.i2c_reset)
    [Anonymous Symbol]                       0x08000f2c   Section        0  ht32f493x5_i2c.o(.text.i2c_start_generate)
    [Anonymous Symbol]                       0x08000f38   Section        0  ht32f493x5_i2c.o(.text.i2c_stop_generate)
    [Anonymous Symbol]                       0x08000f44   Section        0  main.o(.text.main)
    [Anonymous Symbol]                       0x08000f78   Section        0  ht32f493x5_misc.o(.text.nvic_irq_enable)
    [Anonymous Symbol]                       0x08000ff0   Section        0  ht32f493x5_clock.o(.text.system_clock_config)
    [Anonymous Symbol]                       0x08001060   Section        0  system_ht32f493x5.o(.text.system_core_clock_update)
    system_core_clock_update.sys_ahb_div_table 0x08001108   Number         0  system_ht32f493x5.o(.text.system_core_clock_update)
    [Anonymous Symbol]                       0x08001118   Section        0  ht32f493x5_misc.o(.text.systick_clock_source_config)
    [Anonymous Symbol]                       0x08001130   Section        0  ht32f493x5_board.o(.text.uart_print_init)
    [Anonymous Symbol]                       0x080011c4   Section        0  ht32f493x5_usart.o(.text.usart_enable)
    [Anonymous Symbol]                       0x080011d8   Section        0  ht32f493x5_usart.o(.text.usart_init)
    [Anonymous Symbol]                       0x08001288   Section        0  ht32f493x5_usart.o(.text.usart_receiver_enable)
    [Anonymous Symbol]                       0x0800129c   Section        0  ht32f493x5_usart.o(.text.usart_transmitter_enable)
    $v0                                      0x080012ae   Number         0  fpinit.o(x$fpl$fpinit)
    x$fpl$fpinit                             0x080012ae   Section       26  fpinit.o(x$fpl$fpinit)
    crm_clocks_freq_get.ahb_apb2_div_table   0x080012c8   Data           8  ht32f493x5_crm.o(.rodata.cst8)
    [Anonymous Symbol]                       0x080012c8   Section        0  ht32f493x5_crm.o(.rodata.cst8)
    .bss                                     0x20000028   Section       96  libspace.o(.bss)
    fac_ms                                   0x20000088   Data           4  ht32f493x5_board.o(.bss.fac_ms)
    [Anonymous Symbol]                       0x20000088   Section        0  ht32f493x5_board.o(.bss.fac_ms)
    fac_us                                   0x2000008c   Data           4  ht32f493x5_board.o(.bss.fac_us)
    [Anonymous Symbol]                       0x2000008c   Section        0  ht32f493x5_board.o(.bss.fac_us)
    Heap_Mem                                 0x200000c8   Data         512  startup_ht32f493x5.o(HEAP)
    HEAP                                     0x200000c8   Section      512  startup_ht32f493x5.o(HEAP)
    Stack_Mem                                0x200002c8   Data        1024  startup_ht32f493x5.o(STACK)
    STACK                                    0x200002c8   Section     1024  startup_ht32f493x5.o(STACK)
    __initial_sp                             0x200006c8   Data           0  startup_ht32f493x5.o(STACK)

    Global Symbols

    Symbol Name                              Value     Ov Type        Size  Object(Section)

    BuildAttributes$$THM_ISAv4$E$P$D$K$B$S$7EM$VFPi3$EXTD16$VFPS$VFMA$PE$A:L22UL41UL21$X:L11$S22US41US21$IEEE1$IW$~IW$USESV6$~STKCKD$USESV7$~SHL$OTIME$ROPI$EBA8$UX$STANDARDLIB$REQ8$PRES8$EABIv2 0x00000000   Number         0  anon$$obj.o ABSOLUTE
    __ARM_exceptions_init                     - Undefined Weak Reference
    __alloca_initialize                       - Undefined Weak Reference
    __arm_preinit_                            - Undefined Weak Reference
    __arm_relocate_pie_                       - Undefined Weak Reference
    __cpp_initialize__aeabi_                  - Undefined Weak Reference
    __cxa_finalize                            - Undefined Weak Reference
    __rt_locale                               - Undefined Weak Reference
    __sigvec_lookup                           - Undefined Weak Reference
    _atexit_init                              - Undefined Weak Reference
    _call_atexit_fns                          - Undefined Weak Reference
    _clock_init                               - Undefined Weak Reference
    _fp_trap_init                             - Undefined Weak Reference
    _fp_trap_shutdown                         - Undefined Weak Reference
    _get_lc_collate                           - Undefined Weak Reference
    _get_lc_ctype                             - Undefined Weak Reference
    _get_lc_monetary                          - Undefined Weak Reference
    _get_lc_numeric                           - Undefined Weak Reference
    _get_lc_time                              - Undefined Weak Reference
    _getenv_init                              - Undefined Weak Reference
    _handle_redirection                       - Undefined Weak Reference
    _init_alloc                               - Undefined Weak Reference
    _init_user_alloc                          - Undefined Weak Reference
    _initio                                   - Undefined Weak Reference
    _rand_init                                - Undefined Weak Reference
    _signal_finish                            - Undefined Weak Reference
    _signal_init                              - Undefined Weak Reference
    _terminate_alloc                          - Undefined Weak Reference
    _terminate_user_alloc                     - Undefined Weak Reference
    _terminateio                              - Undefined Weak Reference
    __Vectors_Size                           0x0000017c   Number         0  startup_ht32f493x5.o ABSOLUTE
    __Vectors                                0x08000000   Data           0  startup_ht32f493x5.o(RESET)
    __Vectors_End                            0x0800017c   Data           0  startup_ht32f493x5.o(RESET)
    __main                                   0x0800017d   Thumb Code     8  __main.o(!!!main)
    __scatterload                            0x08000185   Thumb Code     0  __scatter.o(!!!scatter)
    __scatterload_rt2                        0x08000185   Thumb Code    84  __scatter.o(!!!scatter)
    __scatterload_rt2_thumb_only             0x08000185   Thumb Code     0  __scatter.o(!!!scatter)
    __scatterload_loop                       0x0800018f   Thumb Code     0  __scatter.o(!!!scatter)
    __scatterload_copy                       0x080001e1   Thumb Code    26  __scatter_copy.o(!!handler_copy)
    __scatterload_null                       0x080001fd   Thumb Code     2  __scatter.o(!!handler_null)
    __scatterload_zeroinit                   0x08000201   Thumb Code    28  __scatter_zi.o(!!handler_zi)
    __rt_lib_init                            0x0800021d   Thumb Code     0  libinit.o(.ARM.Collect$$libinit$$00000000)
    __rt_lib_init_fp_1                       0x0800021f   Thumb Code     0  libinit2.o(.ARM.Collect$$libinit$$00000001)
    __rt_lib_init_alloca_1                   0x08000223   Thumb Code     0  libinit2.o(.ARM.Collect$$libinit$$00000030)
    __rt_lib_init_argv_1                     0x08000223   Thumb Code     0  libinit2.o(.ARM.Collect$$libinit$$0000002E)
    __rt_lib_init_atexit_1                   0x08000223   Thumb Code     0  libinit2.o(.ARM.Collect$$libinit$$0000001D)
    __rt_lib_init_clock_1                    0x08000223   Thumb Code     0  libinit2.o(.ARM.Collect$$libinit$$00000023)
    __rt_lib_init_cpp_1                      0x08000223   Thumb Code     0  libinit2.o(.ARM.Collect$$libinit$$00000034)
    __rt_lib_init_exceptions_1               0x08000223   Thumb Code     0  libinit2.o(.ARM.Collect$$libinit$$00000032)
    __rt_lib_init_fp_trap_1                  0x08000223   Thumb Code     0  libinit2.o(.ARM.Collect$$libinit$$00000021)
    __rt_lib_init_getenv_1                   0x08000223   Thumb Code     0  libinit2.o(.ARM.Collect$$libinit$$00000025)
    __rt_lib_init_heap_1                     0x08000223   Thumb Code     0  libinit2.o(.ARM.Collect$$libinit$$0000000C)
    __rt_lib_init_lc_collate_1               0x08000223   Thumb Code     0  libinit2.o(.ARM.Collect$$libinit$$00000013)
    __rt_lib_init_lc_ctype_1                 0x08000223   Thumb Code     0  libinit2.o(.ARM.Collect$$libinit$$00000015)
    __rt_lib_init_lc_monetary_1              0x08000223   Thumb Code     0  libinit2.o(.ARM.Collect$$libinit$$00000017)
    __rt_lib_init_lc_numeric_1               0x08000223   Thumb Code     0  libinit2.o(.ARM.Collect$$libinit$$00000019)
    __rt_lib_init_lc_time_1                  0x08000223   Thumb Code     0  libinit2.o(.ARM.Collect$$libinit$$0000001B)
    __rt_lib_init_preinit_1                  0x08000223   Thumb Code     0  libinit2.o(.ARM.Collect$$libinit$$00000006)
    __rt_lib_init_rand_1                     0x08000223   Thumb Code     0  libinit2.o(.ARM.Collect$$libinit$$00000010)
    __rt_lib_init_relocate_pie_1             0x08000223   Thumb Code     0  libinit2.o(.ARM.Collect$$libinit$$00000004)
    __rt_lib_init_return                     0x08000223   Thumb Code     0  libinit2.o(.ARM.Collect$$libinit$$00000035)
    __rt_lib_init_signal_1                   0x08000223   Thumb Code     0  libinit2.o(.ARM.Collect$$libinit$$0000001F)
    __rt_lib_init_stdio_1                    0x08000223   Thumb Code     0  libinit2.o(.ARM.Collect$$libinit$$00000027)
    __rt_lib_init_user_alloc_1               0x08000223   Thumb Code     0  libinit2.o(.ARM.Collect$$libinit$$0000000E)
    __rt_lib_shutdown                        0x08000225   Thumb Code     0  libshutdown.o(.ARM.Collect$$libshutdown$$00000000)
    __rt_lib_shutdown_cpp_1                  0x08000227   Thumb Code     0  libshutdown2.o(.ARM.Collect$$libshutdown$$00000002)
    __rt_lib_shutdown_fp_trap_1              0x08000227   Thumb Code     0  libshutdown2.o(.ARM.Collect$$libshutdown$$00000007)
    __rt_lib_shutdown_heap_1                 0x08000227   Thumb Code     0  libshutdown2.o(.ARM.Collect$$libshutdown$$0000000F)
    __rt_lib_shutdown_return                 0x08000227   Thumb Code     0  libshutdown2.o(.ARM.Collect$$libshutdown$$00000010)
    __rt_lib_shutdown_signal_1               0x08000227   Thumb Code     0  libshutdown2.o(.ARM.Collect$$libshutdown$$0000000A)
    __rt_lib_shutdown_stdio_1                0x08000227   Thumb Code     0  libshutdown2.o(.ARM.Collect$$libshutdown$$00000004)
    __rt_lib_shutdown_user_alloc_1           0x08000227   Thumb Code     0  libshutdown2.o(.ARM.Collect$$libshutdown$$0000000C)
    __rt_entry                               0x08000229   Thumb Code     0  __rtentry.o(.ARM.Collect$$rtentry$$00000000)
    __rt_entry_presh_1                       0x08000229   Thumb Code     0  __rtentry2.o(.ARM.Collect$$rtentry$$00000002)
    __rt_entry_sh                            0x08000229   Thumb Code     0  __rtentry4.o(.ARM.Collect$$rtentry$$00000004)
    __rt_entry_li                            0x0800022f   Thumb Code     0  __rtentry2.o(.ARM.Collect$$rtentry$$0000000A)
    __rt_entry_postsh_1                      0x0800022f   Thumb Code     0  __rtentry2.o(.ARM.Collect$$rtentry$$00000009)
    __rt_entry_main                          0x08000233   Thumb Code     0  __rtentry2.o(.ARM.Collect$$rtentry$$0000000D)
    __rt_entry_postli_1                      0x08000233   Thumb Code     0  __rtentry2.o(.ARM.Collect$$rtentry$$0000000C)
    __rt_exit                                0x0800023b   Thumb Code     0  rtexit.o(.ARM.Collect$$rtexit$$00000000)
    __rt_exit_ls                             0x0800023d   Thumb Code     0  rtexit2.o(.ARM.Collect$$rtexit$$00000003)
    __rt_exit_prels_1                        0x0800023d   Thumb Code     0  rtexit2.o(.ARM.Collect$$rtexit$$00000002)
    __rt_exit_exit                           0x08000241   Thumb Code     0  rtexit2.o(.ARM.Collect$$rtexit$$00000004)
    Reset_Handler                            0x08000249   Thumb Code     8  startup_ht32f493x5.o(.text)
    ACC_IRQHandler                           0x08000263   Thumb Code     0  startup_ht32f493x5.o(.text)
    ADC1_2_IRQHandler                        0x08000263   Thumb Code     0  startup_ht32f493x5.o(.text)
    ADC3_IRQHandler                          0x08000263   Thumb Code     0  startup_ht32f493x5.o(.text)
    CAN1_RX1_IRQHandler                      0x08000263   Thumb Code     0  startup_ht32f493x5.o(.text)
    CAN1_SE_IRQHandler                       0x08000263   Thumb Code     0  startup_ht32f493x5.o(.text)
    CAN2_RX0_IRQHandler                      0x08000263   Thumb Code     0  startup_ht32f493x5.o(.text)
    CAN2_RX1_IRQHandler                      0x08000263   Thumb Code     0  startup_ht32f493x5.o(.text)
    CAN2_SE_IRQHandler                       0x08000263   Thumb Code     0  startup_ht32f493x5.o(.text)
    CAN2_TX_IRQHandler                       0x08000263   Thumb Code     0  startup_ht32f493x5.o(.text)
    CRM_IRQHandler                           0x08000263   Thumb Code     0  startup_ht32f493x5.o(.text)
    DMA1_Channel1_IRQHandler                 0x08000263   Thumb Code     0  startup_ht32f493x5.o(.text)
    DMA1_Channel2_IRQHandler                 0x08000263   Thumb Code     0  startup_ht32f493x5.o(.text)
    DMA1_Channel3_IRQHandler                 0x08000263   Thumb Code     0  startup_ht32f493x5.o(.text)
    DMA1_Channel4_IRQHandler                 0x08000263   Thumb Code     0  startup_ht32f493x5.o(.text)
    DMA1_Channel5_IRQHandler                 0x08000263   Thumb Code     0  startup_ht32f493x5.o(.text)
    DMA1_Channel6_IRQHandler                 0x08000263   Thumb Code     0  startup_ht32f493x5.o(.text)
    DMA1_Channel7_IRQHandler                 0x08000263   Thumb Code     0  startup_ht32f493x5.o(.text)
    DMA2_Channel1_IRQHandler                 0x08000263   Thumb Code     0  startup_ht32f493x5.o(.text)
    DMA2_Channel2_IRQHandler                 0x08000263   Thumb Code     0  startup_ht32f493x5.o(.text)
    DMA2_Channel3_IRQHandler                 0x08000263   Thumb Code     0  startup_ht32f493x5.o(.text)
    DMA2_Channel4_5_IRQHandler               0x08000263   Thumb Code     0  startup_ht32f493x5.o(.text)
    DMA2_Channel6_7_IRQHandler               0x08000263   Thumb Code     0  startup_ht32f493x5.o(.text)
    EXINT0_IRQHandler                        0x08000263   Thumb Code     0  startup_ht32f493x5.o(.text)
    EXINT15_10_IRQHandler                    0x08000263   Thumb Code     0  startup_ht32f493x5.o(.text)
    EXINT1_IRQHandler                        0x08000263   Thumb Code     0  startup_ht32f493x5.o(.text)
    EXINT2_IRQHandler                        0x08000263   Thumb Code     0  startup_ht32f493x5.o(.text)
    EXINT3_IRQHandler                        0x08000263   Thumb Code     0  startup_ht32f493x5.o(.text)
    EXINT4_IRQHandler                        0x08000263   Thumb Code     0  startup_ht32f493x5.o(.text)
    EXINT9_5_IRQHandler                      0x08000263   Thumb Code     0  startup_ht32f493x5.o(.text)
    FLASH_IRQHandler                         0x08000263   Thumb Code     0  startup_ht32f493x5.o(.text)
    I2C1_ERR_IRQHandler                      0x08000263   Thumb Code     0  startup_ht32f493x5.o(.text)
    I2C1_EVT_IRQHandler                      0x08000263   Thumb Code     0  startup_ht32f493x5.o(.text)
    I2C2_ERR_IRQHandler                      0x08000263   Thumb Code     0  startup_ht32f493x5.o(.text)
    I2C2_EVT_IRQHandler                      0x08000263   Thumb Code     0  startup_ht32f493x5.o(.text)
    I2C3_ERR_IRQHandler                      0x08000263   Thumb Code     0  startup_ht32f493x5.o(.text)
    I2C3_EVT_IRQHandler                      0x08000263   Thumb Code     0  startup_ht32f493x5.o(.text)
    PVM_IRQHandler                           0x08000263   Thumb Code     0  startup_ht32f493x5.o(.text)
    RTCAlarm_IRQHandler                      0x08000263   Thumb Code     0  startup_ht32f493x5.o(.text)
    RTC_IRQHandler                           0x08000263   Thumb Code     0  startup_ht32f493x5.o(.text)
    SDIO1_IRQHandler                         0x08000263   Thumb Code     0  startup_ht32f493x5.o(.text)
    SDIO2_IRQHandler                         0x08000263   Thumb Code     0  startup_ht32f493x5.o(.text)
    SPI1_IRQHandler                          0x08000263   Thumb Code     0  startup_ht32f493x5.o(.text)
    SPI2_I2S2EXT_IRQHandler                  0x08000263   Thumb Code     0  startup_ht32f493x5.o(.text)
    SPI3_I2S3EXT_IRQHandler                  0x08000263   Thumb Code     0  startup_ht32f493x5.o(.text)
    SPI4_IRQHandler                          0x08000263   Thumb Code     0  startup_ht32f493x5.o(.text)
    TAMPER_IRQHandler                        0x08000263   Thumb Code     0  startup_ht32f493x5.o(.text)
    TMR1_BRK_TMR9_IRQHandler                 0x08000263   Thumb Code     0  startup_ht32f493x5.o(.text)
    TMR1_CH_IRQHandler                       0x08000263   Thumb Code     0  startup_ht32f493x5.o(.text)
    TMR1_OVF_TMR10_IRQHandler                0x08000263   Thumb Code     0  startup_ht32f493x5.o(.text)
    TMR1_TRG_HALL_TMR11_IRQHandler           0x08000263   Thumb Code     0  startup_ht32f493x5.o(.text)
    TMR2_GLOBAL_IRQHandler                   0x08000263   Thumb Code     0  startup_ht32f493x5.o(.text)
    TMR3_GLOBAL_IRQHandler                   0x08000263   Thumb Code     0  startup_ht32f493x5.o(.text)
    TMR4_GLOBAL_IRQHandler                   0x08000263   Thumb Code     0  startup_ht32f493x5.o(.text)
    TMR5_GLOBAL_IRQHandler                   0x08000263   Thumb Code     0  startup_ht32f493x5.o(.text)
    TMR6_GLOBAL_IRQHandler                   0x08000263   Thumb Code     0  startup_ht32f493x5.o(.text)
    TMR7_GLOBAL_IRQHandler                   0x08000263   Thumb Code     0  startup_ht32f493x5.o(.text)
    TMR8_BRK_TMR12_IRQHandler                0x08000263   Thumb Code     0  startup_ht32f493x5.o(.text)
    TMR8_CH_IRQHandler                       0x08000263   Thumb Code     0  startup_ht32f493x5.o(.text)
    TMR8_OVF_TMR13_IRQHandler                0x08000263   Thumb Code     0  startup_ht32f493x5.o(.text)
    TMR8_TRG_HALL_TMR14_IRQHandler           0x08000263   Thumb Code     0  startup_ht32f493x5.o(.text)
    UART4_IRQHandler                         0x08000263   Thumb Code     0  startup_ht32f493x5.o(.text)
    UART5_IRQHandler                         0x08000263   Thumb Code     0  startup_ht32f493x5.o(.text)
    UART7_IRQHandler                         0x08000263   Thumb Code     0  startup_ht32f493x5.o(.text)
    UART8_IRQHandler                         0x08000263   Thumb Code     0  startup_ht32f493x5.o(.text)
    USART1_IRQHandler                        0x08000263   Thumb Code     0  startup_ht32f493x5.o(.text)
    USART2_IRQHandler                        0x08000263   Thumb Code     0  startup_ht32f493x5.o(.text)
    USART3_IRQHandler                        0x08000263   Thumb Code     0  startup_ht32f493x5.o(.text)
    USART6_IRQHandler                        0x08000263   Thumb Code     0  startup_ht32f493x5.o(.text)
    USBFSWakeUp_IRQHandler                   0x08000263   Thumb Code     0  startup_ht32f493x5.o(.text)
    USBFS_H_CAN1_TX_IRQHandler               0x08000263   Thumb Code     0  startup_ht32f493x5.o(.text)
    USBFS_L_CAN1_RX0_IRQHandler              0x08000263   Thumb Code     0  startup_ht32f493x5.o(.text)
    USBFS_MAPH_IRQHandler                    0x08000263   Thumb Code     0  startup_ht32f493x5.o(.text)
    USBFS_MAPL_IRQHandler                    0x08000263   Thumb Code     0  startup_ht32f493x5.o(.text)
    WWDT_IRQHandler                          0x08000263   Thumb Code     0  startup_ht32f493x5.o(.text)
    XMC_IRQHandler                           0x08000263   Thumb Code     0  startup_ht32f493x5.o(.text)
    __user_initial_stackheap                 0x08000265   Thumb Code     0  startup_ht32f493x5.o(.text)
    __use_no_semihosting                     0x08000289   Thumb Code     2  use_no_semi_2.o(.text)
    __use_two_region_memory                  0x0800028b   Thumb Code     2  heapauxi.o(.text)
    __rt_heap_escrow$2region                 0x0800028d   Thumb Code     2  heapauxi.o(.text)
    __rt_heap_expand$2region                 0x0800028f   Thumb Code     2  heapauxi.o(.text)
    __I$use$semihosting                      0x08000291   Thumb Code     0  use_no_semi.o(.text)
    __use_no_semihosting_swi                 0x08000291   Thumb Code     2  use_no_semi.o(.text)
    __user_setup_stackheap                   0x08000293   Thumb Code    74  sys_stackheap_outer.o(.text)
    exit                                     0x080002dd   Thumb Code    18  exit.o(.text)
    __user_libspace                          0x080002f1   Thumb Code     8  libspace.o(.text)
    __user_perproc_libspace                  0x080002f1   Thumb Code     0  libspace.o(.text)
    __user_perthread_libspace                0x080002f1   Thumb Code     0  libspace.o(.text)
    BusFault_Handler                         0x080002f9   Thumb Code     2  ht32f493x5_int.o(.text.BusFault_Handler)
    DebugMon_Handler                         0x080002fd   Thumb Code     2  ht32f493x5_int.o(.text.DebugMon_Handler)
    HardFault_Handler                        0x08000301   Thumb Code     2  ht32f493x5_int.o(.text.HardFault_Handler)
    MemManage_Handler                        0x08000305   Thumb Code     2  ht32f493x5_int.o(.text.MemManage_Handler)
    NMI_Handler                              0x08000309   Thumb Code     2  ht32f493x5_int.o(.text.NMI_Handler)
    PendSV_Handler                           0x0800030d   Thumb Code     2  ht32f493x5_int.o(.text.PendSV_Handler)
    SVC_Handler                              0x08000311   Thumb Code     2  ht32f493x5_int.o(.text.SVC_Handler)
    SysTick_Handler                          0x08000315   Thumb Code     2  ht32f493x5_int.o(.text.SysTick_Handler)
    SystemInit                               0x08000319   Thumb Code    92  system_ht32f493x5.o(.text.SystemInit)
    UsageFault_Handler                       0x08000375   Thumb Code     2  ht32f493x5_int.o(.text.UsageFault_Handler)
    _sys_exit                                0x08000379   Thumb Code     2  ht32f493x5_board.o(.text._sys_exit)
    crm_ahb_div_set                          0x0800037d   Thumb Code    26  ht32f493x5_crm.o(.text.crm_ahb_div_set)
    crm_apb1_div_set                         0x08000399   Thumb Code    26  ht32f493x5_crm.o(.text.crm_apb1_div_set)
    crm_apb2_div_set                         0x080003b5   Thumb Code    26  ht32f493x5_crm.o(.text.crm_apb2_div_set)
    crm_auto_step_mode_enable                0x080003d1   Thumb Code    24  ht32f493x5_crm.o(.text.crm_auto_step_mode_enable)
    crm_clock_source_enable                  0x080003e9   Thumb Code   122  ht32f493x5_crm.o(.text.crm_clock_source_enable)
    crm_clocks_freq_get                      0x08000465   Thumb Code   228  ht32f493x5_crm.o(.text.crm_clocks_freq_get)
    crm_flag_get                             0x08000561   Thumb Code    26  ht32f493x5_crm.o(.text.crm_flag_get)
    crm_hext_clock_div_set                   0x0800057d   Thumb Code    26  ht32f493x5_crm.o(.text.crm_hext_clock_div_set)
    crm_hext_stable_wait                     0x08000599   Thumb Code    36  ht32f493x5_crm.o(.text.crm_hext_stable_wait)
    crm_periph_clock_enable                  0x080005bd   Thumb Code    40  ht32f493x5_crm.o(.text.crm_periph_clock_enable)
    crm_periph_reset                         0x080005e5   Thumb Code    40  ht32f493x5_crm.o(.text.crm_periph_reset)
    crm_pll_config                           0x0800060d   Thumb Code   110  ht32f493x5_crm.o(.text.crm_pll_config)
    crm_reset                                0x0800067d   Thumb Code    68  ht32f493x5_crm.o(.text.crm_reset)
    crm_sysclk_switch                        0x080006c1   Thumb Code    58  ht32f493x5_crm.o(.text.crm_sysclk_switch)
    crm_sysclk_switch_status_get             0x080006fd   Thumb Code    16  ht32f493x5_crm.o(.text.crm_sysclk_switch_status_get)
    delay_ms                                 0x0800070d   Thumb Code   102  ht32f493x5_board.o(.text.delay_ms)
    gpio_default_para_init                   0x08000775   Thumb Code    18  ht32f493x5_gpio.o(.text.gpio_default_para_init)
    gpio_init                                0x08000789   Thumb Code   190  ht32f493x5_gpio.o(.text.gpio_init)
    hm01b0_init                              0x08000849   Thumb Code   454  hm01b0.o(.text.hm01b0_init)
    ht32_board_init                          0x08000a11   Thumb Code   276  ht32f493x5_board.o(.text.ht32_board_init)
    i2c_7bit_address_send                    0x08000b25   Thumb Code    16  ht32f493x5_i2c.o(.text.i2c_7bit_address_send)
    i2c_data_send                            0x08000b35   Thumb Code     4  ht32f493x5_i2c.o(.text.i2c_data_send)
    i2c_enable                               0x08000b39   Thumb Code    10  ht32f493x5_i2c.o(.text.i2c_enable)
    i2c_flag_clear                           0x08000b45   Thumb Code    38  ht32f493x5_i2c.o(.text.i2c_flag_clear)
    i2c_flag_get                             0x08000b6d   Thumb Code    46  ht32f493x5_i2c.o(.text.i2c_flag_get)
    i2c_init                                 0x08000b9d   Thumb Code   294  ht32f493x5_i2c.o(.text.i2c_init)
    i2c_master_receive_ack_set               0x08000cc5   Thumb Code    18  ht32f493x5_i2c.o(.text.i2c_master_receive_ack_set)
    i2c_master_transmit                      0x08000cd9   Thumb Code   264  i2c_application.o(.text.i2c_master_transmit)
    i2c_master_write_addr                    0x08000de1   Thumb Code   254  i2c_application.o(.text.i2c_master_write_addr)
    i2c_reset                                0x08000ee1   Thumb Code    76  ht32f493x5_i2c.o(.text.i2c_reset)
    i2c_start_generate                       0x08000f2d   Thumb Code    10  ht32f493x5_i2c.o(.text.i2c_start_generate)
    i2c_stop_generate                        0x08000f39   Thumb Code    10  ht32f493x5_i2c.o(.text.i2c_stop_generate)
    main                                     0x08000f45   Thumb Code    50  main.o(.text.main)
    nvic_irq_enable                          0x08000f79   Thumb Code   118  ht32f493x5_misc.o(.text.nvic_irq_enable)
    system_clock_config                      0x08000ff1   Thumb Code   110  ht32f493x5_clock.o(.text.system_clock_config)
    system_core_clock_update                 0x08001061   Thumb Code   168  system_ht32f493x5.o(.text.system_core_clock_update)
    systick_clock_source_config              0x08001119   Thumb Code    24  ht32f493x5_misc.o(.text.systick_clock_source_config)
    uart_print_init                          0x08001131   Thumb Code   146  ht32f493x5_board.o(.text.uart_print_init)
    usart_enable                             0x080011c5   Thumb Code    18  ht32f493x5_usart.o(.text.usart_enable)
    usart_init                               0x080011d9   Thumb Code   176  ht32f493x5_usart.o(.text.usart_init)
    usart_receiver_enable                    0x08001289   Thumb Code    18  ht32f493x5_usart.o(.text.usart_receiver_enable)
    usart_transmitter_enable                 0x0800129d   Thumb Code    18  ht32f493x5_usart.o(.text.usart_transmitter_enable)
    _fp_init                                 0x080012af   Thumb Code    26  fpinit.o(x$fpl$fpinit)
    __fplib_config_fpu_vfp                   0x080012c7   Thumb Code     0  fpinit.o(x$fpl$fpinit)
    __fplib_config_pureend_doubles           0x080012c7   Thumb Code     0  fpinit.o(x$fpl$fpinit)
    Region$$Table$$Base                      0x080012d0   Number         0  anon$$obj.o(Region$$Table)
    Region$$Table$$Limit                     0x080012f0   Number         0  anon$$obj.o(Region$$Table)
    led_gpio_crm_clk                         0x20000000   Data          12  ht32f493x5_board.o(.data.led_gpio_crm_clk)
    led_gpio_pin                             0x2000000c   Data           6  ht32f493x5_board.o(.data.led_gpio_pin)
    led_gpio_port                            0x20000014   Data          12  ht32f493x5_board.o(.data.led_gpio_port)
    system_core_clock                        0x20000020   Data           4  system_ht32f493x5.o(.data.system_core_clock)
    __libspace_start                         0x20000028   Data          96  libspace.o(.bss)
    __temporary_stack_top$libspace           0x20000088   Data           0  libspace.o(.bss)
    hm01b0_hi2c                              0x20000090   Data          56  main.o(.bss.hm01b0_hi2c)



==============================================================================

Memory Map of the image

  Image Entry point : 0x0800017d

  Load Region LR_IROM1 (Base: 0x08000000, Size: 0x00001318, Max: 0x00100000, ABSOLUTE)

    Execution Region ER_IROM1 (Exec base: 0x08000000, Load base: 0x08000000, Size: 0x000012f0, Max: 0x00100000, ABSOLUTE)

    Exec Addr    Load Addr    Size         Type   Attr      Idx    E Section Name        Object

    0x08000000   0x08000000   0x0000017c   Data   RO          523    RESET               startup_ht32f493x5.o
    0x0800017c   0x0800017c   0x00000008   Code   RO          536  * !!!main             c_w.l(__main.o)
    0x08000184   0x08000184   0x0000005c   Code   RO          693    !!!scatter          c_w.l(__scatter.o)
    0x080001e0   0x080001e0   0x0000001a   Code   RO          697    !!handler_copy      c_w.l(__scatter_copy.o)
    0x080001fa   0x080001fa   0x00000002   PAD
    0x080001fc   0x080001fc   0x00000002   Code   RO          694    !!handler_null      c_w.l(__scatter.o)
    0x080001fe   0x080001fe   0x00000002   PAD
    0x08000200   0x08000200   0x0000001c   Code   RO          699    !!handler_zi        c_w.l(__scatter_zi.o)
    0x0800021c   0x0800021c   0x00000002   Code   RO          565    .ARM.Collect$$libinit$$00000000  c_w.l(libinit.o)
    0x0800021e   0x0800021e   0x00000004   Code   RO          571    .ARM.Collect$$libinit$$00000001  c_w.l(libinit2.o)
    0x08000222   0x08000222   0x00000000   Code   RO          574    .ARM.Collect$$libinit$$00000004  c_w.l(libinit2.o)
    0x08000222   0x08000222   0x00000000   Code   RO          576    .ARM.Collect$$libinit$$00000006  c_w.l(libinit2.o)
    0x08000222   0x08000222   0x00000000   Code   RO          579    .ARM.Collect$$libinit$$0000000C  c_w.l(libinit2.o)
    0x08000222   0x08000222   0x00000000   Code   RO          581    .ARM.Collect$$libinit$$0000000E  c_w.l(libinit2.o)
    0x08000222   0x08000222   0x00000000   Code   RO          583    .ARM.Collect$$libinit$$00000010  c_w.l(libinit2.o)
    0x08000222   0x08000222   0x00000000   Code   RO          586    .ARM.Collect$$libinit$$00000013  c_w.l(libinit2.o)
    0x08000222   0x08000222   0x00000000   Code   RO          588    .ARM.Collect$$libinit$$00000015  c_w.l(libinit2.o)
    0x08000222   0x08000222   0x00000000   Code   RO          590    .ARM.Collect$$libinit$$00000017  c_w.l(libinit2.o)
    0x08000222   0x08000222   0x00000000   Code   RO          592    .ARM.Collect$$libinit$$00000019  c_w.l(libinit2.o)
    0x08000222   0x08000222   0x00000000   Code   RO          594    .ARM.Collect$$libinit$$0000001B  c_w.l(libinit2.o)
    0x08000222   0x08000222   0x00000000   Code   RO          596    .ARM.Collect$$libinit$$0000001D  c_w.l(libinit2.o)
    0x08000222   0x08000222   0x00000000   Code   RO          598    .ARM.Collect$$libinit$$0000001F  c_w.l(libinit2.o)
    0x08000222   0x08000222   0x00000000   Code   RO          600    .ARM.Collect$$libinit$$00000021  c_w.l(libinit2.o)
    0x08000222   0x08000222   0x00000000   Code   RO          602    .ARM.Collect$$libinit$$00000023  c_w.l(libinit2.o)
    0x08000222   0x08000222   0x00000000   Code   RO          604    .ARM.Collect$$libinit$$00000025  c_w.l(libinit2.o)
    0x08000222   0x08000222   0x00000000   Code   RO          606    .ARM.Collect$$libinit$$00000027  c_w.l(libinit2.o)
    0x08000222   0x08000222   0x00000000   Code   RO          610    .ARM.Collect$$libinit$$0000002E  c_w.l(libinit2.o)
    0x08000222   0x08000222   0x00000000   Code   RO          612    .ARM.Collect$$libinit$$00000030  c_w.l(libinit2.o)
    0x08000222   0x08000222   0x00000000   Code   RO          614    .ARM.Collect$$libinit$$00000032  c_w.l(libinit2.o)
    0x08000222   0x08000222   0x00000000   Code   RO          616    .ARM.Collect$$libinit$$00000034  c_w.l(libinit2.o)
    0x08000222   0x08000222   0x00000002   Code   RO          617    .ARM.Collect$$libinit$$00000035  c_w.l(libinit2.o)
    0x08000224   0x08000224   0x00000002   Code   RO          635    .ARM.Collect$$libshutdown$$00000000  c_w.l(libshutdown.o)
    0x08000226   0x08000226   0x00000000   Code   RO          647    .ARM.Collect$$libshutdown$$00000002  c_w.l(libshutdown2.o)
    0x08000226   0x08000226   0x00000000   Code   RO          649    .ARM.Collect$$libshutdown$$00000004  c_w.l(libshutdown2.o)
    0x08000226   0x08000226   0x00000000   Code   RO          652    .ARM.Collect$$libshutdown$$00000007  c_w.l(libshutdown2.o)
    0x08000226   0x08000226   0x00000000   Code   RO          655    .ARM.Collect$$libshutdown$$0000000A  c_w.l(libshutdown2.o)
    0x08000226   0x08000226   0x00000000   Code   RO          657    .ARM.Collect$$libshutdown$$0000000C  c_w.l(libshutdown2.o)
    0x08000226   0x08000226   0x00000000   Code   RO          660    .ARM.Collect$$libshutdown$$0000000F  c_w.l(libshutdown2.o)
    0x08000226   0x08000226   0x00000002   Code   RO          661    .ARM.Collect$$libshutdown$$00000010  c_w.l(libshutdown2.o)
    0x08000228   0x08000228   0x00000000   Code   RO          540    .ARM.Collect$$rtentry$$00000000  c_w.l(__rtentry.o)
    0x08000228   0x08000228   0x00000000   Code   RO          542    .ARM.Collect$$rtentry$$00000002  c_w.l(__rtentry2.o)
    0x08000228   0x08000228   0x00000006   Code   RO          554    .ARM.Collect$$rtentry$$00000004  c_w.l(__rtentry4.o)
    0x0800022e   0x0800022e   0x00000000   Code   RO          544    .ARM.Collect$$rtentry$$00000009  c_w.l(__rtentry2.o)
    0x0800022e   0x0800022e   0x00000004   Code   RO          545    .ARM.Collect$$rtentry$$0000000A  c_w.l(__rtentry2.o)
    0x08000232   0x08000232   0x00000000   Code   RO          547    .ARM.Collect$$rtentry$$0000000C  c_w.l(__rtentry2.o)
    0x08000232   0x08000232   0x00000008   Code   RO          548    .ARM.Collect$$rtentry$$0000000D  c_w.l(__rtentry2.o)
    0x0800023a   0x0800023a   0x00000002   Code   RO          569    .ARM.Collect$$rtexit$$00000000  c_w.l(rtexit.o)
    0x0800023c   0x0800023c   0x00000000   Code   RO          619    .ARM.Collect$$rtexit$$00000002  c_w.l(rtexit2.o)
    0x0800023c   0x0800023c   0x00000004   Code   RO          620    .ARM.Collect$$rtexit$$00000003  c_w.l(rtexit2.o)
    0x08000240   0x08000240   0x00000006   Code   RO          621    .ARM.Collect$$rtexit$$00000004  c_w.l(rtexit2.o)
    0x08000246   0x08000246   0x00000002   PAD
    0x08000248   0x08000248   0x00000040   Code   RO          524    .text               startup_ht32f493x5.o
    0x08000288   0x08000288   0x00000002   Code   RO          532    .text               c_w.l(use_no_semi_2.o)
    0x0800028a   0x0800028a   0x00000006   Code   RO          534    .text               c_w.l(heapauxi.o)
    0x08000290   0x08000290   0x00000002   Code   RO          538    .text               c_w.l(use_no_semi.o)
    0x08000292   0x08000292   0x0000004a   Code   RO          556    .text               c_w.l(sys_stackheap_outer.o)
    0x080002dc   0x080002dc   0x00000012   Code   RO          558    .text               c_w.l(exit.o)
    0x080002ee   0x080002ee   0x00000002   PAD
    0x080002f0   0x080002f0   0x00000008   Code   RO          566    .text               c_w.l(libspace.o)
    0x080002f8   0x080002f8   0x00000002   Code   RO           16    .text.BusFault_Handler  ht32f493x5_int.o
    0x080002fa   0x080002fa   0x00000002   PAD
    0x080002fc   0x080002fc   0x00000002   Code   RO           22    .text.DebugMon_Handler  ht32f493x5_int.o
    0x080002fe   0x080002fe   0x00000002   PAD
    0x08000300   0x08000300   0x00000002   Code   RO           12    .text.HardFault_Handler  ht32f493x5_int.o
    0x08000302   0x08000302   0x00000002   PAD
    0x08000304   0x08000304   0x00000002   Code   RO           14    .text.MemManage_Handler  ht32f493x5_int.o
    0x08000306   0x08000306   0x00000002   PAD
    0x08000308   0x08000308   0x00000002   Code   RO           10    .text.NMI_Handler   ht32f493x5_int.o
    0x0800030a   0x0800030a   0x00000002   PAD
    0x0800030c   0x0800030c   0x00000002   Code   RO           24    .text.PendSV_Handler  ht32f493x5_int.o
    0x0800030e   0x0800030e   0x00000002   PAD
    0x08000310   0x08000310   0x00000002   Code   RO           20    .text.SVC_Handler   ht32f493x5_int.o
    0x08000312   0x08000312   0x00000002   PAD
    0x08000314   0x08000314   0x00000002   Code   RO           26    .text.SysTick_Handler  ht32f493x5_int.o
    0x08000316   0x08000316   0x00000002   PAD
    0x08000318   0x08000318   0x0000005c   Code   RO          509    .text.SystemInit    system_ht32f493x5.o
    0x08000374   0x08000374   0x00000002   Code   RO           18    .text.UsageFault_Handler  ht32f493x5_int.o
    0x08000376   0x08000376   0x00000002   PAD
    0x08000378   0x08000378   0x00000002   Code   RO           59    .text._sys_exit     ht32f493x5_board.o
    0x0800037a   0x0800037a   0x00000002   PAD
    0x0800037c   0x0800037c   0x0000001a   Code   RO          140    .text.crm_ahb_div_set  ht32f493x5_crm.o
    0x08000396   0x08000396   0x00000002   PAD
    0x08000398   0x08000398   0x0000001a   Code   RO          142    .text.crm_apb1_div_set  ht32f493x5_crm.o
    0x080003b2   0x080003b2   0x00000002   PAD
    0x080003b4   0x080003b4   0x0000001a   Code   RO          144    .text.crm_apb2_div_set  ht32f493x5_crm.o
    0x080003ce   0x080003ce   0x00000002   PAD
    0x080003d0   0x080003d0   0x00000018   Code   RO          166    .text.crm_auto_step_mode_enable  ht32f493x5_crm.o
    0x080003e8   0x080003e8   0x0000007a   Code   RO          132    .text.crm_clock_source_enable  ht32f493x5_crm.o
    0x08000462   0x08000462   0x00000002   PAD
    0x08000464   0x08000464   0x000000fc   Code   RO          160    .text.crm_clocks_freq_get  ht32f493x5_crm.o
    0x08000560   0x08000560   0x0000001a   Code   RO          116    .text.crm_flag_get  ht32f493x5_crm.o
    0x0800057a   0x0800057a   0x00000002   PAD
    0x0800057c   0x0800057c   0x0000001a   Code   RO          178    .text.crm_hext_clock_div_set  ht32f493x5_crm.o
    0x08000596   0x08000596   0x00000002   PAD
    0x08000598   0x08000598   0x00000024   Code   RO          120    .text.crm_hext_stable_wait  ht32f493x5_crm.o
    0x080005bc   0x080005bc   0x00000028   Code   RO          126    .text.crm_periph_clock_enable  ht32f493x5_crm.o
    0x080005e4   0x080005e4   0x00000028   Code   RO          128    .text.crm_periph_reset  ht32f493x5_crm.o
    0x0800060c   0x0800060c   0x0000006e   Code   RO          154    .text.crm_pll_config  ht32f493x5_crm.o
    0x0800067a   0x0800067a   0x00000002   PAD
    0x0800067c   0x0800067c   0x00000044   Code   RO          110    .text.crm_reset     ht32f493x5_crm.o
    0x080006c0   0x080006c0   0x0000003a   Code   RO          156    .text.crm_sysclk_switch  ht32f493x5_crm.o
    0x080006fa   0x080006fa   0x00000002   PAD
    0x080006fc   0x080006fc   0x00000010   Code   RO          158    .text.crm_sysclk_switch_status_get  ht32f493x5_crm.o
    0x0800070c   0x0800070c   0x00000066   Code   RO           83    .text.delay_ms      ht32f493x5_board.o
    0x08000772   0x08000772   0x00000002   PAD
    0x08000774   0x08000774   0x00000012   Code   RO          265    .text.gpio_default_para_init  ht32f493x5_gpio.o
    0x08000786   0x08000786   0x00000002   PAD
    0x08000788   0x08000788   0x000000be   Code   RO          263    .text.gpio_init     ht32f493x5_gpio.o
    0x08000846   0x08000846   0x00000002   PAD
    0x08000848   0x08000848   0x000001c6   Code   RO           45    .text.hm01b0_init   hm01b0.o
    0x08000a0e   0x08000a0e   0x00000002   PAD
    0x08000a10   0x08000a10   0x00000114   Code   RO           69    .text.ht32_board_init  ht32f493x5_board.o
    0x08000b24   0x08000b24   0x00000010   Code   RO          379    .text.i2c_7bit_address_send  ht32f493x5_i2c.o
    0x08000b34   0x08000b34   0x00000004   Code   RO          381    .text.i2c_data_send  ht32f493x5_i2c.o
    0x08000b38   0x08000b38   0x0000000a   Code   RO          343    .text.i2c_enable    ht32f493x5_i2c.o
    0x08000b42   0x08000b42   0x00000002   PAD
    0x08000b44   0x08000b44   0x00000026   Code   RO          389    .text.i2c_flag_clear  ht32f493x5_i2c.o
    0x08000b6a   0x08000b6a   0x00000002   PAD
    0x08000b6c   0x08000b6c   0x0000002e   Code   RO          385    .text.i2c_flag_get  ht32f493x5_i2c.o
    0x08000b9a   0x08000b9a   0x00000002   PAD
    0x08000b9c   0x08000b9c   0x00000126   Code   RO          333    .text.i2c_init      ht32f493x5_i2c.o
    0x08000cc2   0x08000cc2   0x00000002   PAD
    0x08000cc4   0x08000cc4   0x00000012   Code   RO          351    .text.i2c_master_receive_ack_set  ht32f493x5_i2c.o
    0x08000cd6   0x08000cd6   0x00000002   PAD
    0x08000cd8   0x08000cd8   0x00000108   Code   RO          443    .text.i2c_master_transmit  i2c_application.o
    0x08000de0   0x08000de0   0x000000fe   Code   RO          439    .text.i2c_master_write_addr  i2c_application.o
    0x08000ede   0x08000ede   0x00000002   PAD
    0x08000ee0   0x08000ee0   0x0000004c   Code   RO          329    .text.i2c_reset     ht32f493x5_i2c.o
    0x08000f2c   0x08000f2c   0x0000000a   Code   RO          375    .text.i2c_start_generate  ht32f493x5_i2c.o
    0x08000f36   0x08000f36   0x00000002   PAD
    0x08000f38   0x08000f38   0x0000000a   Code   RO          377    .text.i2c_stop_generate  ht32f493x5_i2c.o
    0x08000f42   0x08000f42   0x00000002   PAD
    0x08000f44   0x08000f44   0x00000032   Code   RO           35    .text.main          main.o
    0x08000f76   0x08000f76   0x00000002   PAD
    0x08000f78   0x08000f78   0x00000076   Code   RO          309    .text.nvic_irq_enable  ht32f493x5_misc.o
    0x08000fee   0x08000fee   0x00000002   PAD
    0x08000ff0   0x08000ff0   0x0000006e   Code   RO            2    .text.system_clock_config  ht32f493x5_clock.o
    0x0800105e   0x0800105e   0x00000002   PAD
    0x08001060   0x08001060   0x000000b8   Code   RO          511    .text.system_core_clock_update  system_ht32f493x5.o
    0x08001118   0x08001118   0x00000018   Code   RO          319    .text.systick_clock_source_config  ht32f493x5_misc.o
    0x08001130   0x08001130   0x00000092   Code   RO           67    .text.uart_print_init  ht32f493x5_board.o
    0x080011c2   0x080011c2   0x00000002   PAD
    0x080011c4   0x080011c4   0x00000012   Code   RO          197    .text.usart_enable  ht32f493x5_usart.o
    0x080011d6   0x080011d6   0x00000002   PAD
    0x080011d8   0x080011d8   0x000000b0   Code   RO          193    .text.usart_init    ht32f493x5_usart.o
    0x08001288   0x08001288   0x00000012   Code   RO          201    .text.usart_receiver_enable  ht32f493x5_usart.o
    0x0800129a   0x0800129a   0x00000002   PAD
    0x0800129c   0x0800129c   0x00000012   Code   RO          199    .text.usart_transmitter_enable  ht32f493x5_usart.o
    0x080012ae   0x080012ae   0x0000001a   Code   RO          627    x$fpl$fpinit        fz_wm.l(fpinit.o)
    0x080012c8   0x080012c8   0x00000008   Data   RO          182    .rodata.cst8        ht32f493x5_crm.o
    0x080012d0   0x080012d0   0x00000020   Data   RO          692    Region$$Table       anon$$obj.o


    Execution Region RW_IRAM1 (Exec base: 0x20000000, Load base: 0x080012f0, Size: 0x000006c8, Max: 0x00038000, ABSOLUTE)

    Exec Addr    Load Addr    Size         Type   Attr      Idx    E Section Name        Object

    0x20000000   0x080012f0   0x0000000c   Data   RW           95    .data.led_gpio_crm_clk  ht32f493x5_board.o
    0x2000000c   0x080012fc   0x00000006   Data   RW           94    .data.led_gpio_pin  ht32f493x5_board.o
    0x20000012   0x08001302   0x00000002   PAD
    0x20000014   0x08001304   0x0000000c   Data   RW           93    .data.led_gpio_port  ht32f493x5_board.o
    0x20000020   0x08001310   0x00000004   Data   RW          513    .data.system_core_clock  system_ht32f493x5.o
    0x20000024   0x08001314   0x00000004   PAD
    0x20000028        -       0x00000060   Zero   RW          567    .bss                c_w.l(libspace.o)
    0x20000088        -       0x00000004   Zero   RW           98    .bss.fac_ms         ht32f493x5_board.o
    0x2000008c        -       0x00000004   Zero   RW           97    .bss.fac_us         ht32f493x5_board.o
    0x20000090        -       0x00000038   Zero   RW           37    .bss.hm01b0_hi2c    main.o
    0x200000c8        -       0x00000200   Zero   RW          522    HEAP                startup_ht32f493x5.o
    0x200002c8        -       0x00000400   Zero   RW          521    STACK               startup_ht32f493x5.o


==============================================================================

Image component sizes


      Code (inc. data)   RO Data    RW Data    ZI Data      Debug   Object Name

       454          0          0          0          0      15586   hm01b0.o
       526          0          0         30          8      14371   ht32f493x5_board.o
       110          0          0          0          0       3315   ht32f493x5_clock.o
       896         34          8          0          0      22559   ht32f493x5_crm.o
       208          0          0          0          0      15271   ht32f493x5_gpio.o
       522          0          0          0          0      11448   ht32f493x5_i2c.o
        18          0          0          0          0       1074   ht32f493x5_int.o
       142          0          0          0          0       7369   ht32f493x5_misc.o
       230          0          0          0          0      11940   ht32f493x5_usart.o
       518          0          0          0          0      33562   i2c_application.o
        50          0          0          0         56       5278   main.o
        64         26        380          0       1536       1040   startup_ht32f493x5.o
       276         16          0          4          0       8032   system_ht32f493x5.o

    ----------------------------------------------------------------------
      4086         76        420         36       1604     150845   Object Totals
         0          0         32          0          0          0   (incl. Generated)
        72          0          0          2          4          0   (incl. Padding)

    ----------------------------------------------------------------------

      Code (inc. data)   RO Data    RW Data    ZI Data      Debug   Library Member Name

         8          0          0          0          0         68   __main.o
         0          0          0          0          0          0   __rtentry.o
        12          0          0          0          0          0   __rtentry2.o
         6          0          0          0          0          0   __rtentry4.o
        94          8          0          0          0          0   __scatter.o
        26          0          0          0          0          0   __scatter_copy.o
        28          0          0          0          0          0   __scatter_zi.o
        18          0          0          0          0         80   exit.o
         6          0          0          0          0        152   heapauxi.o
         2          0          0          0          0          0   libinit.o
         6          0          0          0          0          0   libinit2.o
         2          0          0          0          0          0   libshutdown.o
         2          0          0          0          0          0   libshutdown2.o
         8          4          0          0         96         68   libspace.o
         2          0          0          0          0          0   rtexit.o
        10          0          0          0          0          0   rtexit2.o
        74          0          0          0          0         80   sys_stackheap_outer.o
         2          0          0          0          0         68   use_no_semi.o
         2          0          0          0          0         68   use_no_semi_2.o
        26          0          0          0          0        116   fpinit.o

    ----------------------------------------------------------------------
       342         12          0          0         96        700   Library Totals
         8          0          0          0          0          0   (incl. Padding)

    ----------------------------------------------------------------------

      Code (inc. data)   RO Data    RW Data    ZI Data      Debug   Library Name

       308         12          0          0         96        584   c_w.l
        26          0          0          0          0        116   fz_wm.l

    ----------------------------------------------------------------------
       342         12          0          0         96        700   Library Totals

    ----------------------------------------------------------------------

==============================================================================


      Code (inc. data)   RO Data    RW Data    ZI Data      Debug   

      4428         88        420         36       1700     151237   Grand Totals
      4428         88        420         36       1700     151237   ELF Image Totals
      4428         88        420         36          0          0   ROM Totals

==============================================================================

    Total RO  Size (Code + RO Data)                 4848 (   4.73kB)
    Total RW  Size (RW Data + ZI Data)              1736 (   1.70kB)
    Total ROM Size (Code + RO Data + RW Data)       4884 (   4.77kB)

==============================================================================

